Component: ARM Compiler 5.06 update 6 (build 750) Tool: armlink [4d35ed]

==============================================================================

Section Cross References

    startup_stm32f429xx.o(STACK) refers (Special) to heapauxi.o(.text) for __use_two_region_memory
    startup_stm32f429xx.o(HEAP) refers (Special) to heapauxi.o(.text) for __use_two_region_memory
    startup_stm32f429xx.o(RESET) refers (Special) to heapauxi.o(.text) for __use_two_region_memory
    startup_stm32f429xx.o(RESET) refers to startup_stm32f429xx.o(STACK) for __initial_sp
    startup_stm32f429xx.o(RESET) refers to startup_stm32f429xx.o(.text) for Reset_Handler
    startup_stm32f429xx.o(RESET) refers to stm32f4xx_it.o(i.NMI_Handler) for NMI_Handler
    startup_stm32f429xx.o(RESET) refers to stm32f4xx_it.o(i.HardFault_Handler) for HardFault_Handler
    startup_stm32f429xx.o(RESET) refers to stm32f4xx_it.o(i.MemManage_Handler) for MemManage_Handler
    startup_stm32f429xx.o(RESET) refers to stm32f4xx_it.o(i.BusFault_Handler) for BusFault_Handler
    startup_stm32f429xx.o(RESET) refers to stm32f4xx_it.o(i.UsageFault_Handler) for UsageFault_Handler
    startup_stm32f429xx.o(RESET) refers to port.o(.emb_text) for SVC_Handler
    startup_stm32f429xx.o(RESET) refers to stm32f4xx_it.o(i.DebugMon_Handler) for DebugMon_Handler
    startup_stm32f429xx.o(RESET) refers to cmsis_os2.o(i.SysTick_Handler) for SysTick_Handler
    startup_stm32f429xx.o(RESET) refers to stm32f4xx_it.o(i.I2C2_EV_IRQHandler) for I2C2_EV_IRQHandler
    startup_stm32f429xx.o(RESET) refers to stm32f4xx_it.o(i.I2C2_ER_IRQHandler) for I2C2_ER_IRQHandler
    startup_stm32f429xx.o(RESET) refers to stm32f4xx_it.o(i.USART1_IRQHandler) for USART1_IRQHandler
    startup_stm32f429xx.o(RESET) refers to stm32f4xx_it.o(i.USART3_IRQHandler) for USART3_IRQHandler
    startup_stm32f429xx.o(RESET) refers to stm32f4xx_it.o(i.TIM8_BRK_TIM12_IRQHandler) for TIM8_BRK_TIM12_IRQHandler
    startup_stm32f429xx.o(RESET) refers to stm32f4xx_it.o(i.TIM7_IRQHandler) for TIM7_IRQHandler
    startup_stm32f429xx.o(RESET) refers to stm32f4xx_it.o(i.DMA2_Stream0_IRQHandler) for DMA2_Stream0_IRQHandler
    startup_stm32f429xx.o(RESET) refers to stm32f4xx_it.o(i.DMA2_Stream1_IRQHandler) for DMA2_Stream1_IRQHandler
    startup_stm32f429xx.o(RESET) refers to sai.o(i.DMA2_Stream3_IRQHandler) for DMA2_Stream3_IRQHandler
    startup_stm32f429xx.o(RESET) refers to stm32f4xx_it.o(i.ETH_IRQHandler) for ETH_IRQHandler
    startup_stm32f429xx.o(RESET) refers to stm32f4xx_it.o(i.I2C3_EV_IRQHandler) for I2C3_EV_IRQHandler
    startup_stm32f429xx.o(RESET) refers to stm32f4xx_it.o(i.I2C3_ER_IRQHandler) for I2C3_ER_IRQHandler
    startup_stm32f429xx.o(RESET) refers to stm32f4xx_it.o(i.SAI1_IRQHandler) for SAI1_IRQHandler
    startup_stm32f429xx.o(.text) refers (Special) to heapauxi.o(.text) for __use_two_region_memory
    startup_stm32f429xx.o(.text) refers to system_stm32f4xx.o(i.SystemInit) for SystemInit
    startup_stm32f429xx.o(.text) refers to __main.o(!!!main) for __main
    startup_stm32f429xx.o(.text) refers to startup_stm32f429xx.o(HEAP) for Heap_Mem
    startup_stm32f429xx.o(.text) refers to startup_stm32f429xx.o(STACK) for Stack_Mem
    main.o(i.HAL_TIM_PeriodElapsedCallback) refers to stm32f4xx_hal.o(i.HAL_IncTick) for HAL_IncTick
    main.o(i.MX_ADC1_Init) refers to rt_memclr_w.o(.text) for __aeabi_memclr4
    main.o(i.MX_ADC1_Init) refers to stm32f4xx_hal_adc.o(i.HAL_ADC_Init) for HAL_ADC_Init
    main.o(i.MX_ADC1_Init) refers to stm32f4xx_hal_adc.o(i.HAL_ADC_ConfigChannel) for HAL_ADC_ConfigChannel
    main.o(i.MX_ADC1_Init) refers to stm32f4xx_hal_adc_ex.o(i.HAL_ADCEx_InjectedConfigChannel) for HAL_ADCEx_InjectedConfigChannel
    main.o(i.MX_ADC1_Init) refers to main.o(.bss) for .bss
    main.o(i.MX_CAN1_Init) refers to stm32f4xx_hal_can.o(i.HAL_CAN_Init) for HAL_CAN_Init
    main.o(i.MX_CAN1_Init) refers to main.o(.bss) for .bss
    main.o(i.MX_FMC_Init) refers to rt_memclr_w.o(.text) for __aeabi_memclr4
    main.o(i.MX_FMC_Init) refers to stm32f4xx_hal_sdram.o(i.HAL_SDRAM_Init) for HAL_SDRAM_Init
    main.o(i.MX_FMC_Init) refers to main.o(.bss) for .bss
    main.o(i.MX_GPIO_Init) refers to rt_memclr_w.o(.text) for __aeabi_memclr4
    main.o(i.MX_GPIO_Init) refers to stm32f4xx_hal_gpio.o(i.HAL_GPIO_WritePin) for HAL_GPIO_WritePin
    main.o(i.MX_GPIO_Init) refers to stm32f4xx_hal_gpio.o(i.HAL_GPIO_Init) for HAL_GPIO_Init
    main.o(i.MX_I2C2_Init) refers to stm32f4xx_hal_i2c.o(i.HAL_I2C_Init) for HAL_I2C_Init
    main.o(i.MX_I2C2_Init) refers to stm32f4xx_hal_i2c_ex.o(i.HAL_I2CEx_ConfigAnalogFilter) for HAL_I2CEx_ConfigAnalogFilter
    main.o(i.MX_I2C2_Init) refers to stm32f4xx_hal_i2c_ex.o(i.HAL_I2CEx_ConfigDigitalFilter) for HAL_I2CEx_ConfigDigitalFilter
    main.o(i.MX_I2C2_Init) refers to main.o(.bss) for .bss
    main.o(i.MX_I2C3_Init) refers to stm32f4xx_hal_i2c.o(i.HAL_I2C_Init) for HAL_I2C_Init
[...]
    hdac                                     0x20000230   Data          20  main.o(.bss)
    hi2c2                                    0x20000244   Data          84  main.o(.bss)
    hi2c3                                    0x20000298   Data          84  main.o(.bss)
    hsai_BlockA1                             0x200002ec   Data         136  main.o(.bss)
    hsai_BlockB1                             0x20000374   Data         136  main.o(.bss)
    hspi2                                    0x200003fc   Data          88  main.o(.bss)
    hspi3                                    0x20000454   Data          88  main.o(.bss)
    hspi5                                    0x200004ac   Data          88  main.o(.bss)
    hspi6                                    0x20000504   Data          88  main.o(.bss)
    htim7                                    0x2000055c   Data          72  main.o(.bss)
    huart1                                   0x200005a4   Data          68  main.o(.bss)
    huart3                                   0x200005e8   Data          68  main.o(.bss)
    hsdram1                                  0x2000062c   Data          52  main.o(.bss)
    hdma_adc1                                0x20000660   Data          96  main.o(.bss)
    hdma_sai1_a                              0x200006c0   Data          96  main.o(.bss)
    htim12                                   0x20000720   Data          72  stm32f4xx_hal_timebase_tim.o(.bss)
    memp_memory_RX_POOL_base                 0x20000768   Data       18819  ethernetif.o(.bss)
    DMARxDscrTab                             0x200050ec   Data         160  ethernetif.o(.bss)
    DMATxDscrTab                             0x2000518c   Data         160  ethernetif.o(.bss)
    heth                                     0x2000522c   Data         176  ethernetif.o(.bss)
    TxConfig                                 0x200052dc   Data          56  ethernetif.o(.bss)
    LAN8742                                  0x20005314   Data          32  ethernetif.o(.bss)
    gnetif                                   0x20005334   Data          52  lwip.o(.bss)
    attributes                               0x20005368   Data          36  lwip.o(.bss)
    xQueueRegistry                           0x2000538c   Data          64  queue.o(.bss)
    ip_data                                  0x20009c60   Data          24  ip.o(.bss)
    memp_memory_TCP_PCB_base                 0x20009c78   Data         783  memp.o(.bss)
    memp_memory_TCP_PCB_LISTEN_base          0x20009f87   Data         227  memp.o(.bss)
    memp_memory_TCP_SEG_base                 0x2000a06a   Data         259  memp.o(.bss)
    memp_memory_REASSDATA_base               0x2000a16d   Data         163  memp.o(.bss)
    memp_memory_FRAG_PBUF_base               0x2000a210   Data         363  memp.o(.bss)
    memp_memory_NETBUF_base                  0x2000a37b   Data          35  memp.o(.bss)
    memp_memory_NETCONN_base                 0x2000a39e   Data         163  memp.o(.bss)
    memp_memory_TCPIP_MSG_API_base           0x2000a441   Data         131  memp.o(.bss)
    memp_memory_TCPIP_MSG_INPKT_base         0x2000a4c4   Data         131  memp.o(.bss)
    memp_memory_SYS_TIMEOUT_base             0x2000a547   Data          51  memp.o(.bss)
    memp_memory_PBUF_base                    0x2000a57a   Data         259  memp.o(.bss)
    memp_memory_PBUF_POOL_base               0x2000a67d   Data        9731  memp.o(.bss)
    uart1_data                               0x2000cd80   Data         264  uart.o(.bss)
    SAI1A_Handler                            0x2000ce88   Data         136  sai.o(.bss)
    SAI1_TXDMA_Handler                       0x2000cf10   Data          96  sai.o(.bss)
    _random_number_data                      0x2000cf70   Data         228  rand.o(.bss)
    __stdin                                  0x2000d054   Data          84  stdio_streams.o(.bss)
    __stdout                                 0x2000d0a8   Data          84  stdio_streams.o(.bss)
    __stderr                                 0x2000d0fc   Data          84  stdio_streams.o(.bss)
    __libspace_start                         0x2000d150   Data          96  libspace.o(.bss)
    __temporary_stack_top$libspace           0x2000d1b0   Data           0  libspace.o(.bss)
    wave_file_head                           0x2002ae00   Data         512  mem_defines.o(.ARM.__AT_0x2002AE00)
    wave_play_buf1                           0x2002b000   Data        4096  mem_defines.o(.ARM.__AT_0x2002B000)
    wave_play_buf2                           0x2002c000   Data        4096  mem_defines.o(.ARM.__AT_0x2002C000)



==============================================================================

Memory Map of the image

  Image Entry point : 0x080001ad

  Load Region LR_IROM1 (Base: 0x08000000, Size: 0x001be308, Max: 0x00200000, ABSOLUTE, COMPRESSED[0x001be170])

    Execution Region ER_IROM1 (Exec base: 0x08000000, Load base: 0x08000000, Size: 0x001be148, Max: 0x00200000, ABSOLUTE)

    Exec Addr    Load Addr    Size         Type   Attr      Idx    E Section Name        Object

    0x08000000   0x08000000   0x000001ac   Data   RO            3    RESET               startup_stm32f429xx.o
    0x080001ac   0x080001ac   0x00000008   Code   RO        13539  * !!!main             c_w.l(__main.o)
    0x080001b4   0x080001b4   0x00000034   Code   RO        13890    !!!scatter          c_w.l(__scatter.o)
    0x080001e8   0x080001e8   0x0000005a   Code   RO        13888    !!dczerorl2         c_w.l(__dczerorl2.o)
    0x08000242   0x08000242   0x00000002   PAD
    0x08000244   0x08000244   0x0000001c   Code   RO        13892    !!handler_zi        c_w.l(__scatter_zi.o)
    0x08000260   0x08000260   0x00000000   Code   RO        13511    .ARM.Collect$$_printf_percent$$00000000  c_w.l(_printf_percent.o)
    0x08000260   0x08000260   0x00000006   Code   RO        13510    .ARM.Collect$$_printf_percent$$00000009  c_w.l(_printf_d.o)
    0x08000266   0x08000266   0x00000006   Code   RO        13509    .ARM.Collect$$_printf_percent$$00000014  c_w.l(_printf_s.o)
    0x0800026c   0x0800026c   0x00000004   Code   RO        13562    .ARM.Collect$$_printf_percent$$00000017  c_w.l(_printf_percent_end.o)
    0x08000270   0x08000270   0x00000002   Code   RO        13760    .ARM.Collect$$libinit$$00000000  c_w.l(libinit.o)
    0x08000272   0x08000272   0x00000004   Code   RO        13578    .ARM.Collect$$libinit$$00000001  c_w.l(libinit2.o)
    0x08000276   0x08000276   0x00000000   Code   RO        13581    .ARM.Collect$$libinit$$00000004  c_w.l(libinit2.o)
    0x08000276   0x08000276   0x00000008   Code   RO        13582    .ARM.Collect$$libinit$$00000005  c_w.l(libinit2.o)
    0x0800027e   0x0800027e   0x00000000   Code   RO        13584    .ARM.Collect$$libinit$$0000000A  c_w.l(libinit2.o)
    0x0800027e   0x0800027e   0x00000000   Code   RO        13586    .ARM.Collect$$libinit$$0000000C  c_w.l(libinit2.o)
    0x0800027e   0x0800027e   0x00000004   Code   RO        13587    .ARM.Collect$$libinit$$0000000D  c_w.l(libinit2.o)
    0x08000282   0x08000282   0x00000000   Code   RO        13588    .ARM.Collect$$libinit$$0000000E  c_w.l(libinit2.o)
    0x08000282   0x08000282   0x00000000   Code   RO        13591    .ARM.Collect$$libinit$$00000011  c_w.l(libinit2.o)
    0x08000282   0x08000282   0x00000000   Code   RO        13593    .ARM.Collect$$libinit$$00000013  c_w.l(libinit2.o)
    0x08000282   0x08000282   0x00000000   Code   RO        13595    .ARM.Collect$$libinit$$00000015  c_w.l(libinit2.o)
    0x08000282   0x08000282   0x00000000   Code   RO        13597    .ARM.Collect$$libinit$$00000017  c_w.l(libinit2.o)
    0x08000282   0x08000282   0x00000000   Code   RO        13599    .ARM.Collect$$libinit$$00000019  c_w.l(libinit2.o)
    0x08000282   0x08000282   0x00000000   Code   RO        13601    .ARM.Collect$$libinit$$0000001B  c_w.l(libinit2.o)
    0x08000282   0x08000282   0x00000000   Code   RO        13603    .ARM.Collect$$libinit$$0000001D  c_w.l(libinit2.o)
    0x08000282   0x08000282   0x00000000   Code   RO        13605    .ARM.Collect$$libinit$$0000001F  c_w.l(libinit2.o)
    0x08000282   0x08000282   0x00000000   Code   RO        13607    .ARM.Collect$$libinit$$00000021  c_w.l(libinit2.o)
    0x08000282   0x08000282   0x00000000   Code   RO        13609    .ARM.Collect$$libinit$$00000023  c_w.l(libinit2.o)
    0x08000282   0x08000282   0x00000004   Code   RO        13610    .ARM.Collect$$libinit$$00000024  c_w.l(libinit2.o)
    0x08000286   0x08000286   0x00000000   Code   RO        13611    .ARM.Collect$$libinit$$00000025  c_w.l(libinit2.o)
    0x08000286   0x08000286   0x00000000   Code   RO        13615    .ARM.Collect$$libinit$$0000002C  c_w.l(libinit2.o)
    0x08000286   0x08000286   0x00000000   Code   RO        13617    .ARM.Collect$$libinit$$0000002E  c_w.l(libinit2.o)
    0x08000286   0x08000286   0x00000000   Code   RO        13619    .ARM.Collect$$libinit$$00000030  c_w.l(libinit2.o)
    0x08000286   0x08000286   0x00000000   Code   RO        13621    .ARM.Collect$$libinit$$00000032  c_w.l(libinit2.o)
    0x08000286   0x08000286   0x00000002   Code   RO        13622    .ARM.Collect$$libinit$$00000033  c_w.l(libinit2.o)
    0x08000288   0x08000288   0x00000002   Code   RO        13869    .ARM.Collect$$libshutdown$$00000000  c_w.l(libshutdown.o)
    0x0800028a   0x0800028a   0x00000000   Code   RO        13762    .ARM.Collect$$libshutdown$$00000002  c_w.l(libshutdown2.o)
    0x0800028a   0x0800028a   0x00000004   Code   RO        13763    .ARM.Collect$$libshutdown$$00000003  c_w.l(libshutdown2.o)
    0x0800028e   0x0800028e   0x00000000   Code   RO        13764    .ARM.Collect$$libshutdown$$00000004  c_w.l(libshutdown2.o)
    0x0800028e   0x0800028e   0x00000000   Code   RO        13767    .ARM.Collect$$libshutdown$$00000007  c_w.l(libshutdown2.o)
    0x0800028e   0x0800028e   0x00000000   Code   RO        13770    .ARM.Collect$$libshutdown$$0000000A  c_w.l(libshutdown2.o)
    0x0800028e   0x0800028e   0x00000000   Code   RO        13772    .ARM.Collect$$libshutdown$$0000000C  c_w.l(libshutdown2.o)
    0x0800028e   0x0800028e   0x00000000   Code   RO        13775    .ARM.Collect$$libshutdown$$0000000F  c_w.l(libshutdown2.o)
    0x0800028e   0x0800028e   0x00000002   Code   RO        13776    .ARM.Collect$$libshutdown$$00000010  c_w.l(libshutdown2.o)
    0x08000290   0x08000290   0x00000000   Code   RO        13541    .ARM.Collect$$rtentry$$00000000  c_w.l(__rtentry.o)
    0x08000290   0x08000290   0x00000000   Code   RO        13627    .ARM.Collect$$rtentry$$00000002  c_w.l(__rtentry2.o)
    0x08000290   0x08000290   0x00000006   Code   RO        13639    .ARM.Collect$$rtentry$$00000004  c_w.l(__rtentry4.o)
    0x08000296   0x08000296   0x00000000   Code   RO        13629    .ARM.Collect$$rtentry$$00000009  c_w.l(__rtentry2.o)
    0x08000296   0x08000296   0x00000004   Code   RO        13630    .ARM.Collect$$rtentry$$0000000A  c_w.l(__rtentry2.o)
    0x0800029a   0x0800029a   0x00000000   Code   RO        13632    .ARM.Collect$$rtentry$$0000000C  c_w.l(__rtentry2.o)
    0x0800029a   0x0800029a   0x00000008   Code   RO        13633    .ARM.Collect$$rtentry$$0000000D  c_w.l(__rtentry2.o)
    0x080002a2   0x080002a2   0x00000002   Code   RO        13782    .ARM.Collect$$rtexit$$00000000  c_w.l(rtexit.o)
    0x080002a4   0x080002a4   0x00000000   Code   RO        13832    .ARM.Collect$$rtexit$$00000002  c_w.l(rtexit2.o)
    0x080002a4   0x080002a4   0x00000004   Code   RO        13833    .ARM.Collect$$rtexit$$00000003  c_w.l(rtexit2.o)
    0x080002a8   0x080002a8   0x00000006   Code   RO        13834    .ARM.Collect$$rtexit$$00000004  c_w.l(rtexit2.o)
    0x080002ae   0x080002ae   0x00000002   PAD
    0x080002b0   0x080002b0   0x000000be   Code   RO         7904    .emb_text           port.o
    0x0800036e   0x0800036e   0x00000002   PAD
    0x08000370   0x08000370   0x00000034   Code   RO        13514    .emb_text           c_w.l(rand.o)
    0x080003a4   0x080003a4   0x00000000   Code   RO        13838    .emb_text           c_w.l(maybetermalloc1.o)
    0x080003a4   0x080003a4   0x00000040   Code   RO            4    .text               startup_stm32f429xx.o
    0x080003e4   0x080003e4   0x000000ee   Code   RO        13477    .text               c_w.l(lludivv7m.o)
    0x080004d2   0x080004d2   0x00000002   PAD
    0x080004d4   0x080004d4   0x00000018   Code   RO        13481    .text               c_w.l(noretval__2printf.o)
    0x080004ec   0x080004ec   0x00000068   Code   RO        13483    .text               c_w.l(__printf.o)
    0x08000554   0x08000554   0x00000052   Code   RO        13485    .text               c_w.l(_printf_str.o)
    0x080005a6   0x080005a6   0x00000002   PAD
    0x080005a8   0x080005a8   0x00000078   Code   RO        13487    .text               c_w.l(_printf_dec.o)
    0x08000620   0x08000620   0x0000003c   Code   RO        13515    .text               c_w.l(rand.o)
    0x0800065c   0x0800065c   0x00000058   Code   RO        13519    .text               c_w.l(memcmp.o)
    0x080006b4   0x080006b4   0x0000003e   Code   RO        13521    .text               c_w.l(strlen.o)
    0x080006f2   0x080006f2   0x0000008a   Code   RO        13525    .text               c_w.l(rt_memcpy_v6.o)
    0x0800077c   0x0800077c   0x00000010   Code   RO        13531    .text               c_w.l(aeabi_memset.o)
    0x0800078c   0x0800078c   0x00000044   Code   RO        13533    .text               c_w.l(rt_memclr.o)
    0x080007d0   0x080007d0   0x0000004e   Code   RO        13535    .text               c_w.l(rt_memclr_w.o)
    0x0800081e   0x0800081e   0x00000006   Code   RO        13537    .text               c_w.l(heapauxi.o)
    0x08000824   0x08000824   0x00000008   Code   RO        13554    .text               c_w.l(rt_errno_addr_intlibspace.o)
    0x0800082c   0x0800082c   0x000000b2   Code   RO        13556    .text               c_w.l(_printf_intcommon.o)
    0x080008de   0x080008de   0x0000002c   Code   RO        13558    .text               c_w.l(_printf_char.o)
    0x0800090a   0x0800090a   0x00000002   PAD
    0x0800090c   0x0800090c   0x00000024   Code   RO        13560    .text               c_w.l(_printf_char_file.o)
    0x08000930   0x08000930   0x00000064   Code   RO        13574    .text               c_w.l(rt_memcpy_w.o)
    0x08000994   0x08000994   0x00000008   Code   RO        13623    .text               c_w.l(libspace.o)
    0x0800099c   0x0800099c   0x00000030   Code   RO        13643    .text               c_w.l(_printf_char_common.o)
    0x080009cc   0x080009cc   0x00000008   Code   RO        13647    .text               c_w.l(ferror.o)
    0x080009d4   0x080009d4   0x00000138   Code   RO        13649    .text               c_w.l(initio.o)
    0x08000b0c   0x08000b0c   0x00000066   Code   RO        13661    .text               c_w.l(sys_io.o)
    0x08000b72   0x08000b72   0x0000004a   Code   RO        13668    .text               c_w.l(sys_stackheap_outer.o)
    0x08000bbc   0x08000bbc   0x0000004e   Code   RO        13672    .text               c_w.l(h1_free.o)
    0x08000c0a   0x08000c0a   0x00000046   Code   RO        13730    .text               c_w.l(setvbuf.o)
    0x08000c50   0x08000c50   0x000000ec   Code   RO        13733    .text               c_w.l(fopen.o)
    0x08000d3c   0x08000d3c   0x0000004c   Code   RO        13735    .text               c_w.l(fclose.o)
    0x08000d88   0x08000d88   0x00000012   Code   RO        13741    .text               c_w.l(exit.o)
    0x08000d9a   0x08000d9a   0x0000000e   Code   RO        13747    .text               c_w.l(defsig_rtred_outer.o)
    0x08000da8   0x08000da8   0x00000002   Code   RO        13779    .text               c_w.l(use_no_semi.o)
    0x08000daa   0x08000daa   0x00000000   Code   RO        13781    .text               c_w.l(indicate_semi.o)
    0x08000daa   0x08000daa   0x00000002   PAD
    0x08000dac   0x08000dac   0x00000008   Code   RO        13789    .text               c_w.l(rt_heap_descriptor_intlibspace.o)
    0x08000db4   0x08000db4   0x00000004   Code   RO        13791    .text               c_w.l(hguard.o)
    0x08000db8   0x08000db8   0x0000008a   Code   RO        13795    .text               c_w.l(init_alloc.o)
    0x08000e42   0x08000e42   0x0000005e   Code   RO        13801    .text               c_w.l(h1_alloc.o)
    0x08000ea0   0x08000ea0   0x000000f8   Code   RO        13815    .text               c_w.l(fseek.o)
    0x08000f98   0x08000f98   0x000000f0   Code   RO        13817    .text               c_w.l(stdio.o)
    0x08001088   0x08001088   0x0000000a   Code   RO        13819    .text               c_w.l(defsig_exit.o)
    0x08001092   0x08001092   0x00000002   PAD
    0x08001094   0x08001094   0x00000034   Code   RO        13823    .text               c_w.l(defsig_rtred_inner.o)
    0x080010c8   0x080010c8   0x0000000e   Code   RO        13825    .text               c_w.l(defsig_rtmem_outer.o)
    0x080010d6   0x080010d6   0x00000002   PAD
    0x080010d8   0x080010d8   0x0000000c   Code   RO        13829    .text               c_w.l(sys_exit.o)
    0x080010e4   0x080010e4   0x0000000e   Code   RO        13840    .text               c_w.l(h1_init.o)
    0x080010f2   0x080010f2   0x00000034   Code   RO        13842    .text               c_w.l(h1_extend.o)
    0x08001126   0x08001126   0x00000042   Code   RO        13848    .text               c_w.l(ftell.o)
    0x08001168   0x08001168   0x00000032   Code   RO        13852    .text               c_w.l(defsig_general.o)
    0x0800119a   0x0800119a   0x00000002   PAD
    0x0800119c   0x0800119c   0x00000050   Code   RO        13854    .text               c_w.l(defsig_rtmem_inner.o)
    0x080011ec   0x080011ec   0x0000000e   Code   RO        13861    .text               c_w.l(sys_wrch.o)
    0x080011fa   0x080011fa   0x00000002   PAD
    0x080011fc   0x080011fc   0x00000128   Code   RO         2679    i.ADC_Init          stm32f4xx_hal_adc.o
    0x08001324   0x08001324   0x00000002   Code   RO          476    i.BusFault_Handler  stm32f4xx_it.o
    0x08001326   0x08001326   0x00000002   PAD
    0x08001328   0x08001328   0x0000000c   Code   RO          477    i.DMA2_Stream0_IRQHandler  stm32f4xx_it.o
    0x08001334   0x08001334   0x0000000c   Code   RO          478    i.DMA2_Stream1_IRQHandler  stm32f4xx_it.o
    0x08001340   0x08001340   0x00000078   Code   RO        13165    i.DMA2_Stream3_IRQHandler  sai.o
    0x080013b8   0x080013b8   0x00000028   Code   RO         1632    i.DMA_CalcBaseAndBitshift  stm32f4xx_hal_dma.o
    0x080013e0   0x080013e0   0x00000054   Code   RO         1633    i.DMA_CheckFifoParam  stm32f4xx_hal_dma.o
    0x08001434   0x08001434   0x00000002   Code   RO          479    i.DebugMon_Handler  stm32f4xx_it.o
    0x08001436   0x08001436   0x00000002   PAD
    0x08001438   0x08001438   0x0000006a   Code   RO         2335    i.ETH_DMARxDescListInit  stm32f4xx_hal_eth.o
    0x080014a2   0x080014a2   0x0000002e   Code   RO         2336    i.ETH_FlushTransmitFIFO  stm32f4xx_hal_eth.o
    0x080014d0   0x080014d0   0x0000000c   Code   RO          480    i.ETH_IRQHandler    stm32f4xx_it.o
    0x080014dc   0x080014dc   0x0000009a   Code   RO         2337    i.ETH_MACDMAConfig  stm32f4xx_hal_eth.o
    0x08001576   0x08001576   0x00000004   Code   RO          785    i.ETH_PHY_IO_DeInit  ethernetif.o
    0x0800157a   0x0800157a   0x00000004   Code   RO          786    i.ETH_PHY_IO_GetTick  ethernetif.o
    0x0800157e   0x0800157e   0x00000002   PAD
    0x08001580   0x08001580   0x00000010   Code   RO          787    i.ETH_PHY_IO_Init   ethernetif.o
    0x08001590   0x08001590   0x0000001c   Code   RO          788    i.ETH_PHY_IO_ReadReg  ethernetif.o
    0x080015ac   0x080015ac   0x0000001c   Code   RO          789    i.ETH_PHY_IO_WriteReg  ethernetif.o
    0x080015c8   0x080015c8   0x00000162   Code   RO         2338    i.ETH_Prepare_Tx_Descriptors  stm32f4xx_hal_eth.o
    0x0800172a   0x0800172a   0x00000002   PAD
    0x0800172c   0x0800172c   0x000000c0   Code   RO         2339    i.ETH_SetDMAConfig  stm32f4xx_hal_eth.o
    0x080017ec   0x080017ec   0x000000f8   Code   RO         2340    i.ETH_SetMACConfig  stm32f4xx_hal_eth.o
    0x080018e4   0x080018e4   0x0000008c   Code   RO         2341    i.ETH_UpdateDescriptor  stm32f4xx_hal_eth.o
    0x08001970   0x08001970   0x00000004   Code   RO           13    i.Error_Handler     main.o
    0x08001974   0x08001974   0x00000066   Code   RO         3448    i.FMC_SDRAM_Init    stm32f4xx_ll_fmc.o
    0x080019da   0x080019da   0x00000002   PAD
    0x080019dc   0x080019dc   0x000000a4   Code   RO         3452    i.FMC_SDRAM_Timing_Init  stm32f4xx_ll_fmc.o
    0x08001a80   0x08001a80   0x000001c0   Code   RO         2849    i.HAL_ADCEx_InjectedConfigChannel  stm32f4xx_hal_adc_ex.o
    0x08001c40   0x08001c40   0x00000164   Code   RO         2681    i.HAL_ADC_ConfigChannel  stm32f4xx_hal_adc.o
    0x08001da4   0x08001da4   0x00000054   Code   RO         2690    i.HAL_ADC_Init      stm32f4xx_hal_adc.o
    0x08001df8   0x08001df8   0x000000b8   Code   RO          607    i.HAL_ADC_MspInit   stm32f4xx_hal_msp.o
    0x08001eb0   0x08001eb0   0x0000011a   Code   RO         2968    i.HAL_CAN_Init      stm32f4xx_hal_can.o
    0x08001fca   0x08001fca   0x00000002   PAD
    0x08001fcc   0x08001fcc   0x0000006c   Code   RO          609    i.HAL_CAN_MspInit   stm32f4xx_hal_msp.o
    0x08002038   0x08002038   0x00000046   Code   RO         3191    i.HAL_DAC_ConfigChannel  stm32f4xx_hal_dac.o
    0x0800207e   0x0800207e   0x00000028   Code   RO         3201    i.HAL_DAC_Init      stm32f4xx_hal_dac.o
    0x080020a6   0x080020a6   0x00000002   PAD
    0x080020a8   0x080020a8   0x00000060   Code   RO          611    i.HAL_DAC_MspInit   stm32f4xx_hal_msp.o
    0x08002108   0x08002108   0x00000092   Code   RO         1635    i.HAL_DMA_Abort     stm32f4xx_hal_dma.o
    0x0800219a   0x0800219a   0x00000024   Code   RO         1636    i.HAL_DMA_Abort_IT  stm32f4xx_hal_dma.o
    0x080021be   0x080021be   0x00000006   Code   RO         1639    i.HAL_DMA_GetState  stm32f4xx_hal_dma.o
    0x080021c4   0x080021c4   0x000001a0   Code   RO         1640    i.HAL_DMA_IRQHandler  stm32f4xx_hal_dma.o
    0x08002364   0x08002364   0x000000d4   Code   RO         1641    i.HAL_DMA_Init      stm32f4xx_hal_dma.o
    0x08002438   0x08002438   0x00000024   Code   RO         2072    i.HAL_Delay         stm32f4xx_hal.o
    0x0800245c   0x0800245c   0x0000001c   Code   RO          790    i.HAL_ETH_ErrorCallback  ethernetif.o
    0x08002478   0x08002478   0x00000006   Code   RO         2347    i.HAL_ETH_GetDMAError  stm32f4xx_hal_eth.o
    0x0800247e   0x0800247e   0x000000de   Code   RO         2349    i.HAL_ETH_GetMACConfig  stm32f4xx_hal_eth.o
    0x0800255c   0x0800255c   0x000000d0   Code   RO         2355    i.HAL_ETH_IRQHandler  stm32f4xx_hal_eth.o
    0x0800262c   0x0800262c   0x00000110   Code   RO         2356    i.HAL_ETH_Init      stm32f4xx_hal_eth.o
    0x0800273c   0x0800273c   0x00000110   Code   RO          792    i.HAL_ETH_MspInit   ethernetif.o
    0x0800284c   0x0800284c   0x00000002   Code   RO         2359    i.HAL_ETH_PMTCallback  stm32f4xx_hal_eth.o
    0x0800284e   0x0800284e   0x000000ec   Code   RO         2360    i.HAL_ETH_ReadData  stm32f4xx_hal_eth.o
    0x0800293a   0x0800293a   0x00000002   PAD
    0x0800293c   0x0800293c   0x00000062   Code   RO         2361    i.HAL_ETH_ReadPHYRegister  stm32f4xx_hal_eth.o
    0x0800299e   0x0800299e   0x00000002   PAD
    0x080029a0   0x080029a0   0x00000058   Code   RO         2365    i.HAL_ETH_ReleaseTxPacket  stm32f4xx_hal_eth.o
    0x080029f8   0x080029f8   0x00000048   Code   RO          793    i.HAL_ETH_RxAllocateCallback  ethernetif.o
    0x08002a40   0x08002a40   0x0000000c   Code   RO          794    i.HAL_ETH_RxCpltCallback  ethernetif.o
    0x08002a4c   0x08002a4c   0x0000002a   Code   RO          795    i.HAL_ETH_RxLinkCallback  ethernetif.o
    0x08002a76   0x08002a76   0x00000018   Code   RO         2371    i.HAL_ETH_SetMACConfig  stm32f4xx_hal_eth.o
    0x08002a8e   0x08002a8e   0x00000002   PAD
    0x08002a90   0x08002a90   0x00000074   Code   RO         2373    i.HAL_ETH_SetMDIOClockRange  stm32f4xx_hal_eth.o
    0x08002b04   0x08002b04   0x0000007a   Code   RO         2377    i.HAL_ETH_Start     stm32f4xx_hal_eth.o
    0x08002b7e   0x08002b7e   0x00000002   PAD
    0x08002b80   0x08002b80   0x000000bc   Code   RO         2378    i.HAL_ETH_Start_IT  stm32f4xx_hal_eth.o
    0x08002c3c   0x08002c3c   0x000000a0   Code   RO         2380    i.HAL_ETH_Stop_IT   stm32f4xx_hal_eth.o
    0x08002cdc   0x08002cdc   0x00000066   Code   RO         2382    i.HAL_ETH_Transmit_IT  stm32f4xx_hal_eth.o
    0x08002d42   0x08002d42   0x00000002   PAD
    0x08002d44   0x08002d44   0x0000000c   Code   RO          796    i.HAL_ETH_TxCpltCallback  ethernetif.o
    0x08002d50   0x08002d50   0x00000004   Code   RO          797    i.HAL_ETH_TxFreeCallback  ethernetif.o
    0x08002d54   0x08002d54   0x00000002   Code   RO         2388    i.HAL_ETH_WakeUpCallback  stm32f4xx_hal_eth.o
    0x08002d56   0x08002d56   0x00000002   PAD
    0x08002d58   0x08002d58   0x00000056   Code   RO         2389    i.HAL_ETH_WritePHYRegister  stm32f4xx_hal_eth.o
    0x08002dae   0x08002dae   0x00000002   PAD
    0x08002db0   0x08002db0   0x000000c0   Code   RO          612    i.HAL_FMC_MspInit   stm32f4xx_hal_msp.o
    0x08002e70   0x08002e70   0x00000234   Code   RO         1528    i.HAL_GPIO_Init     stm32f4xx_hal_gpio.o
    0x080030a4   0x080030a4   0x0000000a   Code   RO         1532    i.HAL_GPIO_WritePin  stm32f4xx_hal_gpio.o
    0x080030ae   0x080030ae   0x00000002   PAD
    0x080030b0   0x080030b0   0x0000000c   Code   RO         2080    i.HAL_GetTick       stm32f4xx_hal.o
    0x080030bc   0x080030bc   0x00000042   Code   RO         4211    i.HAL_I2CEx_ConfigAnalogFilter  stm32f4xx_hal_i2c_ex.o
    0x080030fe   0x080030fe   0x0000003e   Code   RO         4212    i.HAL_I2CEx_ConfigDigitalFilter  stm32f4xx_hal_i2c_ex.o
    0x0800313c   0x0800313c   0x00000002   Code   RO         3779    i.HAL_I2C_AbortCpltCallback  stm32f4xx_hal_i2c.o
    0x0800313e   0x0800313e   0x00000002   Code   RO         3780    i.HAL_I2C_AddrCallback  stm32f4xx_hal_i2c.o
    0x08003140   0x08003140   0x000000ba   Code   RO         3783    i.HAL_I2C_ER_IRQHandler  stm32f4xx_hal_i2c.o
    0x080031fa   0x080031fa   0x00000230   Code   RO         3784    i.HAL_I2C_EV_IRQHandler  stm32f4xx_hal_i2c.o
    0x0800342a   0x0800342a   0x00000002   Code   RO         3786    i.HAL_I2C_ErrorCallback  stm32f4xx_hal_i2c.o
    0x0800342c   0x0800342c   0x00000188   Code   RO         3790    i.HAL_I2C_Init      stm32f4xx_hal_i2c.o
    0x080035b4   0x080035b4   0x00000002   Code   RO         3792    i.HAL_I2C_ListenCpltCallback  stm32f4xx_hal_i2c.o
    0x080035b6   0x080035b6   0x00000002   Code   RO         3793    i.HAL_I2C_MasterRxCpltCallback  stm32f4xx_hal_i2c.o
    0x080035b8   0x080035b8   0x00000002   Code   RO         3794    i.HAL_I2C_MasterTxCpltCallback  stm32f4xx_hal_i2c.o
    0x080035ba   0x080035ba   0x00000002   Code   RO         3806    i.HAL_I2C_MemRxCpltCallback  stm32f4xx_hal_i2c.o
    0x080035bc   0x080035bc   0x00000002   Code   RO         3807    i.HAL_I2C_MemTxCpltCallback  stm32f4xx_hal_i2c.o
    0x080035be   0x080035be   0x00000002   PAD
    0x080035c0   0x080035c0   0x00000128   Code   RO          614    i.HAL_I2C_MspInit   stm32f4xx_hal_msp.o
    0x080036e8   0x080036e8   0x00000002   Code   RO         3816    i.HAL_I2C_SlaveRxCpltCallback  stm32f4xx_hal_i2c.o
    0x080036ea   0x080036ea   0x00000002   Code   RO         3817    i.HAL_I2C_SlaveTxCpltCallback  stm32f4xx_hal_i2c.o
    0x080036ec   0x080036ec   0x00000010   Code   RO         2086    i.HAL_IncTick       stm32f4xx_hal.o
    0x080036fc   0x080036fc   0x00000034   Code   RO         2087    i.HAL_Init          stm32f4xx_hal.o
    0x08003730   0x08003730   0x00000074   Code   RO          746    i.HAL_InitTick      stm32f4xx_hal_timebase_tim.o
    0x080037a4   0x080037a4   0x00000038   Code   RO          615    i.HAL_MspInit       stm32f4xx_hal_msp.o
    0x080037dc   0x080037dc   0x0000001a   Code   RO         1935    i.HAL_NVIC_EnableIRQ  stm32f4xx_hal_cortex.o
    0x080037f6   0x080037f6   0x00000002   PAD
    0x080037f8   0x080037f8   0x00000040   Code   RO         1941    i.HAL_NVIC_SetPriority  stm32f4xx_hal_cortex.o
    0x08003838   0x08003838   0x00000024   Code   RO         1942    i.HAL_NVIC_SetPriorityGrouping  stm32f4xx_hal_cortex.o
    0x0800385c   0x0800385c   0x00000070   Code   RO         1864    i.HAL_PWREx_EnableOverDrive  stm32f4xx_hal_pwr_ex.o
    0x080038cc   0x080038cc   0x00000254   Code   RO         1229    i.HAL_RCCEx_PeriphCLKConfig  stm32f4xx_hal_rcc_ex.o
    0x08003b20   0x08003b20   0x00000134   Code   RO         1122    i.HAL_RCC_ClockConfig  stm32f4xx_hal_rcc.o
    0x08003c54   0x08003c54   0x00000040   Code   RO         1126    i.HAL_RCC_GetClockConfig  stm32f4xx_hal_rcc.o
    0x08003c94   0x08003c94   0x0000000c   Code   RO         1127    i.HAL_RCC_GetHCLKFreq  stm32f4xx_hal_rcc.o
    0x08003ca0   0x08003ca0   0x00000020   Code   RO         1129    i.HAL_RCC_GetPCLK1Freq  stm32f4xx_hal_rcc.o
    0x08003cc0   0x08003cc0   0x00000020   Code   RO         1130    i.HAL_RCC_GetPCLK2Freq  stm32f4xx_hal_rcc.o
    0x08003ce0   0x08003ce0   0x00000064   Code   RO         1131    i.HAL_RCC_GetSysClockFreq  stm32f4xx_hal_rcc.o
    0x08003d44   0x08003d44   0x0000036c   Code   RO         1134    i.HAL_RCC_OscConfig  stm32f4xx_hal_rcc.o
    0x080040b0   0x080040b0   0x000000a6   Code   RO         4241    i.HAL_SAI_Abort     stm32f4xx_hal_sai.o
    0x08004156   0x08004156   0x00000002   Code   RO         4250    i.HAL_SAI_ErrorCallback  stm32f4xx_hal_sai.o
    0x08004158   0x08004158   0x00000120   Code   RO         4253    i.HAL_SAI_IRQHandler  stm32f4xx_hal_sai.o
    0x08004278   0x08004278   0x0000016c   Code   RO         4254    i.HAL_SAI_Init      stm32f4xx_hal_sai.o
    0x080043e4   0x080043e4   0x00000104   Code   RO          617    i.HAL_SAI_MspInit   stm32f4xx_hal_msp.o
    0x080044e8   0x080044e8   0x00000042   Code   RO         3614    i.HAL_SDRAM_Init    stm32f4xx_hal_sdram.o
    0x0800452a   0x0800452a   0x00000004   Code   RO          619    i.HAL_SDRAM_MspInit  stm32f4xx_hal_msp.o
    0x0800452e   0x0800452e   0x000000bc   Code   RO         4547    i.HAL_SPI_Init      stm32f4xx_hal_spi.o
    0x080045ea   0x080045ea   0x00000002   PAD
    0x080045ec   0x080045ec   0x00000134   Code   RO          621    i.HAL_SPI_MspInit   stm32f4xx_hal_msp.o
    0x08004720   0x08004720   0x00000002   Code   RO         5564    i.HAL_TIMEx_BreakCallback  stm32f4xx_hal_tim_ex.o
    0x08004722   0x08004722   0x00000002   Code   RO         5565    i.HAL_TIMEx_CommutCallback  stm32f4xx_hal_tim_ex.o
    0x08004724   0x08004724   0x00000090   Code   RO         5583    i.HAL_TIMEx_MasterConfigSynchronization  stm32f4xx_hal_tim_ex.o
    0x080047b4   0x080047b4   0x0000005a   Code   RO         4860    i.HAL_TIM_Base_Init  stm32f4xx_hal_tim.o
    0x0800480e   0x0800480e   0x00000002   PAD
    0x08004810   0x08004810   0x0000003c   Code   RO          623    i.HAL_TIM_Base_MspInit  stm32f4xx_hal_msp.o
    0x0800484c   0x0800484c   0x00000080   Code   RO         4865    i.HAL_TIM_Base_Start_IT  stm32f4xx_hal_tim.o
    0x080048cc   0x080048cc   0x00000002   Code   RO         4894    i.HAL_TIM_IC_CaptureCallback  stm32f4xx_hal_tim.o
    0x080048ce   0x080048ce   0x00000166   Code   RO         4908    i.HAL_TIM_IRQHandler  stm32f4xx_hal_tim.o
    0x08004a34   0x08004a34   0x00000002   Code   RO         4911    i.HAL_TIM_OC_DelayElapsedCallback  stm32f4xx_hal_tim.o
    0x08004a36   0x08004a36   0x00000002   Code   RO         4938    i.HAL_TIM_PWM_PulseFinishedCallback  stm32f4xx_hal_tim.o
    0x08004a38   0x08004a38   0x00000014   Code   RO           14    i.HAL_TIM_PeriodElapsedCallback  main.o
    0x08004a4c   0x08004a4c   0x00000002   Code   RO         4951    i.HAL_TIM_TriggerCallback  stm32f4xx_hal_tim.o
    0x08004a4e   0x08004a4e   0x00000002   Code   RO         5842    i.HAL_UARTEx_RxEventCallback  stm32f4xx_hal_uart.o
    0x08004a50   0x08004a50   0x00000002   Code   RO         5856    i.HAL_UART_ErrorCallback  stm32f4xx_hal_uart.o
    0x08004a52   0x08004a52   0x00000002   PAD
    0x08004a54   0x08004a54   0x00000268   Code   RO         5859    i.HAL_UART_IRQHandler  stm32f4xx_hal_uart.o
    0x08004cbc   0x08004cbc   0x00000062   Code   RO         5860    i.HAL_UART_Init     stm32f4xx_hal_uart.o
    0x08004d1e   0x08004d1e   0x00000002   PAD
    0x08004d20   0x08004d20   0x000000d0   Code   RO          625    i.HAL_UART_MspInit  stm32f4xx_hal_msp.o
    0x08004df0   0x08004df0   0x00000002   Code   RO         5866    i.HAL_UART_RxCpltCallback  stm32f4xx_hal_uart.o
    0x08004df2   0x08004df2   0x00000002   Code   RO         5871    i.HAL_UART_TxCpltCallback  stm32f4xx_hal_uart.o
    0x08004df4   0x08004df4   0x00000002   Code   RO          481    i.HardFault_Handler  stm32f4xx_it.o
    0x08004df6   0x08004df6   0x00000002   PAD
    0x08004df8   0x08004df8   0x0000000c   Code   RO          482    i.I2C2_ER_IRQHandler  stm32f4xx_it.o
    0x08004e04   0x08004e04   0x0000000c   Code   RO          483    i.I2C2_EV_IRQHandler  stm32f4xx_it.o
    0x08004e10   0x08004e10   0x0000000c   Code   RO          484    i.I2C3_ER_IRQHandler  stm32f4xx_it.o
    0x08004e1c   0x08004e1c   0x0000000c   Code   RO          485    i.I2C3_EV_IRQHandler  stm32f4xx_it.o
    0x08004e28   0x08004e28   0x000000bc   Code   RO         3828    i.I2C_DMAAbort      stm32f4xx_hal_i2c.o
    0x08004ee4   0x08004ee4   0x00000158   Code   RO         3831    i.I2C_ITError       stm32f4xx_hal_i2c.o
    0x0800503c   0x0800503c   0x000000d2   Code   RO         3833    i.I2C_MasterReceive_BTF  stm32f4xx_hal_i2c.o
    0x0800510e   0x0800510e   0x00000002   PAD
    0x08005110   0x08005110   0x000000e8   Code   RO         3834    i.I2C_MasterReceive_RXNE  stm32f4xx_hal_i2c.o
    0x080051f8   0x080051f8   0x00000082   Code   RO         3837    i.I2C_MasterTransmit_BTF  stm32f4xx_hal_i2c.o
    0x0800527a   0x0800527a   0x00000002   PAD
    0x0800527c   0x0800527c   0x000000b6   Code   RO         3838    i.I2C_MasterTransmit_TXE  stm32f4xx_hal_i2c.o
    0x08005332   0x08005332   0x00000002   PAD
    0x08005334   0x08005334   0x00000118   Code   RO         3839    i.I2C_Master_ADDR   stm32f4xx_hal_i2c.o
    0x0800544c   0x0800544c   0x0000008c   Code   RO         3840    i.I2C_Master_SB     stm32f4xx_hal_i2c.o
    0x080054d8   0x080054d8   0x000000a0   Code   RO         3841    i.I2C_MemoryTransmit_TXE_BTF  stm32f4xx_hal_i2c.o
    0x08005578   0x08005578   0x00000046   Code   RO         3844    i.I2C_Slave_ADDR    stm32f4xx_hal_i2c.o
    0x080055be   0x080055be   0x00000002   PAD
    0x080055c0   0x080055c0   0x00000084   Code   RO         3845    i.I2C_Slave_AF      stm32f4xx_hal_i2c.o
    0x08005644   0x08005644   0x0000015c   Code   RO         3846    i.I2C_Slave_STOPF   stm32f4xx_hal_i2c.o
    0x080057a0   0x080057a0   0x00000094   Code   RO         1037    i.LAN8742_GetLinkState  lan8742.o
    0x08005834   0x08005834   0x000000cc   Code   RO         1038    i.LAN8742_Init      lan8742.o
    0x08005900   0x08005900   0x0000002c   Code   RO         1039    i.LAN8742_RegisterBusIO  lan8742.o
    0x0800592c   0x0800592c   0x000000b0   Code   RO           15    i.MX_ADC1_Init      main.o
    0x080059dc   0x080059dc   0x00000038   Code   RO           16    i.MX_CAN1_Init      main.o
    0x08005a14   0x08005a14   0x0000006c   Code   RO           17    i.MX_FMC_Init       main.o
    0x08005a80   0x08005a80   0x0000033c   Code   RO           18    i.MX_GPIO_Init      main.o
    0x08005dbc   0x08005dbc   0x00000058   Code   RO           19    i.MX_I2C2_Init      main.o
    0x08005e14   0x08005e14   0x00000058   Code   RO           20    i.MX_I2C3_Init      main.o
    0x08005e6c   0x08005e6c   0x00000130   Code   RO          968    i.MX_LWIP_Init      lwip.o
    0x08005f9c   0x08005f9c   0x000000b8   Code   RO           21    i.MX_SAI1_Init      main.o
    0x08006054   0x08006054   0x00000044   Code   RO           22    i.MX_SPI2_Init      main.o
    0x08006098   0x08006098   0x00000044   Code   RO           23    i.MX_SPI3_Init      main.o
    0x080060dc   0x080060dc   0x00000044   Code   RO           24    i.MX_SPI5_Init      main.o
    0x08006120   0x08006120   0x00000040   Code   RO           25    i.MX_SPI6_Init      main.o
    0x08006160   0x08006160   0x00000002   Code   RO          486    i.MemManage_Handler  stm32f4xx_it.o
    0x08006162   0x08006162   0x00000002   Code   RO          487    i.NMI_Handler       stm32f4xx_it.o
    0x08006164   0x08006164   0x0000002c   Code   RO           26    i.PeriphCommonClock_Config  main.o
    0x08006190   0x08006190   0x0000001c   Code   RO          488    i.SAI1_IRQHandler   stm32f4xx_it.o
    0x080061ac   0x080061ac   0x00000020   Code   RO         4506    i.SAI_BlockSynchroConfig  stm32f4xx_hal_sai_ex.o
    0x080061cc   0x080061cc   0x00000044   Code   RO         4268    i.SAI_DMAAbort      stm32f4xx_hal_sai.o
    0x08006210   0x08006210   0x00000040   Code   RO         4274    i.SAI_Disable       stm32f4xx_hal_sai.o
    0x08006250   0x08006250   0x000000b0   Code   RO         4507    i.SAI_GetInputClock  stm32f4xx_hal_sai_ex.o
    0x08006300   0x08006300   0x0000000c   Code   RO           27    i.StartDefaultTask  main.o
    0x0800630c   0x0800630c   0x00000008   Code   RO           28    i.StartTask02       main.o
    0x08006314   0x08006314   0x00000008   Code   RO           29    i.StartTask03       main.o
    0x0800631c   0x0800631c   0x00000008   Code   RO           30    i.StartTask04       main.o
    0x08006324   0x08006324   0x00000008   Code   RO           31    i.StartTask05       main.o
    0x0800632c   0x0800632c   0x0000001a   Code   RO         7336    i.SysTick_Handler   cmsis_os2.o
    0x08006346   0x08006346   0x00000002   PAD
    0x08006348   0x08006348   0x000000b0   Code   RO           32    i.SystemClock_Config  main.o
    0x080063f8   0x080063f8   0x00000010   Code   RO         6189    i.SystemInit        system_stm32f4xx.o
    0x08006408   0x08006408   0x0000000c   Code   RO          489    i.TIM7_IRQHandler   stm32f4xx_it.o
    0x08006414   0x08006414   0x0000000c   Code   RO          490    i.TIM8_BRK_TIM12_IRQHandler  stm32f4xx_it.o
    0x08006420   0x08006420   0x000000c8   Code   RO         4953    i.TIM_Base_SetConfig  stm32f4xx_hal_tim.o
    0x080064e8   0x080064e8   0x00000010   Code   RO         5873    i.UART_DMAAbortOnError  stm32f4xx_hal_uart.o
    0x080064f8   0x080064f8   0x0000004e   Code   RO         5883    i.UART_EndRxTransfer  stm32f4xx_hal_uart.o
    0x08006546   0x08006546   0x000000c0   Code   RO         5885    i.UART_Receive_IT   stm32f4xx_hal_uart.o
    0x08006606   0x08006606   0x00000002   PAD
    0x08006608   0x08006608   0x0000010c   Code   RO         5886    i.UART_SetConfig    stm32f4xx_hal_uart.o
    0x08006714   0x08006714   0x0000000c   Code   RO          491    i.USART1_IRQHandler  stm32f4xx_it.o
    0x08006720   0x08006720   0x0000000c   Code   RO          492    i.USART3_IRQHandler  stm32f4xx_it.o
    0x0800672c   0x0800672c   0x00000002   Code   RO          493    i.UsageFault_Handler  stm32f4xx_it.o
    0x0800672e   0x0800672e   0x00000020   Code   RO         1948    i.__NVIC_SetPriority  stm32f4xx_hal_cortex.o
    0x0800674e   0x0800674e   0x00000002   PAD
    0x08006750   0x08006750   0x000000a8   Code   RO        10134    i.do_memp_free_pool  memp.o
    0x080067f8   0x080067f8   0x000000b8   Code   RO        10135    i.do_memp_malloc_pool  memp.o
    0x080068b0   0x080068b0   0x0000002c   Code   RO        11450    i.etharp_cleanup_netif  etharp.o
    0x080068dc   0x080068dc   0x00000260   Code   RO        11452    i.etharp_find_entry  etharp.o
    0x08006b3c   0x08006b3c   0x00000024   Code   RO        11453    i.etharp_free_entry  etharp.o
    0x08006b60   0x08006b60   0x00000104   Code   RO        11455    i.etharp_input      etharp.o
    0x08006c64   0x08006c64   0x000001b0   Code   RO        11456    i.etharp_output     etharp.o
    0x08006e14   0x08006e14   0x00000110   Code   RO        11457    i.etharp_output_to_arp_index  etharp.o
    0x08006f24   0x08006f24   0x000001e8   Code   RO        11458    i.etharp_query      etharp.o
    0x0800710c   0x0800710c   0x00000174   Code   RO        11459    i.etharp_raw        etharp.o
    0x08007280   0x08007280   0x0000000c   Code   RO        11460    i.etharp_request    etharp.o
    0x0800728c   0x0800728c   0x00000020   Code   RO        11461    i.etharp_request_dst  etharp.o
    0x080072ac   0x080072ac   0x00000060   Code   RO        11462    i.etharp_tmr        etharp.o
    0x0800730c   0x0800730c   0x0000011c   Code   RO        11463    i.etharp_update_arp_entry  etharp.o
    0x08007428   0x08007428   0x000000a4   Code   RO         8510    i.ethernet_input    ethernet.o
    0x080074cc   0x080074cc   0x00000002   Code   RO          969    i.ethernet_link_status_updated  lwip.o
    0x080074ce   0x080074ce   0x00000002   PAD
    0x080074d0   0x080074d0   0x000000a8   Code   RO          798    i.ethernet_link_thread  ethernetif.o
    0x08007578   0x08007578   0x000000f8   Code   RO         8511    i.ethernet_output   ethernet.o
    0x08007670   0x08007670   0x00000090   Code   RO          799    i.ethernetif_init   ethernetif.o
    0x08007700   0x08007700   0x00000048   Code   RO          800    i.ethernetif_input  ethernetif.o
    0x08007748   0x08007748   0x0000005c   Code   RO        13444    i.fputc             debug.o
    0x080077a4   0x080077a4   0x00000008   Code   RO        11553    i.icmp_dest_unreach  icmp.o
    0x080077ac   0x080077ac   0x00000204   Code   RO        11554    i.icmp_input        icmp.o
    0x080079b0   0x080079b0   0x0000011c   Code   RO        11555    i.icmp_send_response  icmp.o
    0x08007acc   0x08007acc   0x00000008   Code   RO        11556    i.icmp_time_exceeded  icmp.o
    0x08007ad4   0x08007ad4   0x0000000c   Code   RO         9916    i.inet_chksum       inet_chksum.o
    0x08007ae0   0x08007ae0   0x0000004a   Code   RO         9917    i.inet_chksum_pbuf  inet_chksum.o
    0x08007b2a   0x08007b2a   0x0000002e   Code   RO        11670    i.ip4_addr_isbroadcast_u32  ip4_addr.o
    0x08007b58   0x08007b58   0x00000260   Code   RO        11739    i.ip4_frag          ip4_frag.o
    0x08007db8   0x08007db8   0x00000168   Code   RO        11615    i.ip4_input         ip4.o
    0x08007f20   0x08007f20   0x0000002c   Code   RO        11616    i.ip4_input_accept  ip4.o
    0x08007f4c   0x08007f4c   0x0000001e   Code   RO        11618    i.ip4_output_if     ip4.o
    0x08007f6a   0x08007f6a   0x00000002   PAD
    0x08007f6c   0x08007f6c   0x00000178   Code   RO        11619    i.ip4_output_if_src  ip4.o
    0x080080e4   0x080080e4   0x00000288   Code   RO        11740    i.ip4_reass         ip4_frag.o
    0x0800836c   0x0800836c   0x00000060   Code   RO        11620    i.ip4_route         ip4.o
    0x080083cc   0x080083cc   0x00000090   Code   RO        11741    i.ip_frag_free_pbuf_custom_ref  ip4_frag.o
    0x0800845c   0x0800845c   0x00000248   Code   RO        11742    i.ip_reass_chain_frag_into_datagram_and_validate  ip4_frag.o
    0x080086a4   0x080086a4   0x000000bc   Code   RO        11743    i.ip_reass_dequeue_datagram  ip4_frag.o
    0x08008760   0x08008760   0x00000198   Code   RO        11744    i.ip_reass_free_complete_datagram  ip4_frag.o
    0x080088f8   0x080088f8   0x00000080   Code   RO        11745    i.ip_reass_remove_oldest_datagram  ip4_frag.o
    0x08008978   0x08008978   0x0000002c   Code   RO        11746    i.ip_reass_tmr      ip4_frag.o
    0x080089a4   0x080089a4   0x00000098   Code   RO        11747    i.ipfrag_free_pbuf_custom  ip4_frag.o
    0x08008a3c   0x08008a3c   0x000001a0   Code   RO          801    i.low_level_init    ethernetif.o
    0x08008bdc   0x08008bdc   0x0000008c   Code   RO          802    i.low_level_output  ethernetif.o
    0x08008c68   0x08008c68   0x0000003c   Code   RO        11307    i.lwip_cyclic_timer  timeouts.o
    0x08008ca4   0x08008ca4   0x00000004   Code   RO         9844    i.lwip_htonl        def.o
    0x08008ca8   0x08008ca8   0x00000004   Code   RO         9845    i.lwip_htons        def.o
    0x08008cac   0x08008cac   0x0000001e   Code   RO         9989    i.lwip_init         init.o
    0x08008cca   0x08008cca   0x00000002   PAD
    0x08008ccc   0x08008ccc   0x00000058   Code   RO         9924    i.lwip_standard_chksum  inet_chksum.o
    0x08008d24   0x08008d24   0x000001b0   Code   RO           33    i.main              main.o
    0x08008ed4   0x08008ed4   0x000001c8   Code   RO        10060    i.mem_free          mem.o
    0x0800909c   0x0800909c   0x000000c4   Code   RO        10061    i.mem_init          mem.o
    0x08009160   0x08009160   0x0000024c   Code   RO        10062    i.mem_malloc        mem.o
    0x080093ac   0x080093ac   0x00000010   Code   RO        10063    i.mem_to_ptr        mem.o
    0x080093bc   0x080093bc   0x000001e4   Code   RO        10064    i.mem_trim          mem.o
    0x080095a0   0x080095a0   0x0000009c   Code   RO        10136    i.memp_free         memp.o
    0x0800963c   0x0800963c   0x00000088   Code   RO        10137    i.memp_free_pool    memp.o
    0x080096c4   0x080096c4   0x00000020   Code   RO        10138    i.memp_init         memp.o
    0x080096e4   0x080096e4   0x0000002a   Code   RO        10139    i.memp_init_pool    memp.o
    0x0800970e   0x0800970e   0x00000002   PAD
    0x08009710   0x08009710   0x000000a4   Code   RO        10140    i.memp_malloc       memp.o
    0x080097b4   0x080097b4   0x0000008c   Code   RO        10141    i.memp_malloc_pool  memp.o
    0x08009840   0x08009840   0x000001d8   Code   RO        10287    i.netif_add         netif.o
    0x08009a18   0x08009a18   0x00000004   Code   RO        10289    i.netif_do_ip_addr_changed  netif.o
    0x08009a1c   0x08009a1c   0x00000016   Code   RO        10290    i.netif_do_set_gw   netif.o
    0x08009a32   0x08009a32   0x00000002   PAD
    0x08009a34   0x08009a34   0x000000c4   Code   RO        10291    i.netif_do_set_ipaddr  netif.o
    0x08009af8   0x08009af8   0x00000016   Code   RO        10292    i.netif_do_set_netmask  netif.o
    0x08009b0e   0x08009b0e   0x00000002   PAD
    0x08009b10   0x08009b10   0x00000028   Code   RO        10294    i.netif_get_by_index  netif.o
    0x08009b38   0x08009b38   0x00000002   Code   RO        10296    i.netif_init        netif.o
    0x08009b3a   0x08009b3a   0x00000002   PAD
    0x08009b3c   0x08009b3c   0x000000c0   Code   RO        10298    i.netif_issue_reports  netif.o
    0x08009bfc   0x08009bfc   0x00000006   Code   RO        10300    i.netif_null_output_ip4  netif.o
    0x08009c02   0x08009c02   0x00000002   PAD
    0x08009c04   0x08009c04   0x00000060   Code   RO        10302    i.netif_set_addr    netif.o
    0x08009c64   0x08009c64   0x0000000c   Code   RO        10303    i.netif_set_default  netif.o
    0x08009c70   0x08009c70   0x000000a8   Code   RO        10304    i.netif_set_down    netif.o
    0x08009d18   0x08009d18   0x00000008   Code   RO        10307    i.netif_set_link_callback  netif.o
    0x08009d20   0x08009d20   0x000000ac   Code   RO        10308    i.netif_set_link_down  netif.o
    0x08009dcc   0x08009dcc   0x000000c0   Code   RO        10309    i.netif_set_link_up  netif.o
    0x08009e8c   0x08009e8c   0x000000a0   Code   RO        10311    i.netif_set_up      netif.o
    0x08009f2c   0x08009f2c   0x0000001a   Code   RO         7338    i.osDelay           cmsis_os2.o
    0x08009f46   0x08009f46   0x0000000e   Code   RO         7350    i.osKernelGetTickCount  cmsis_os2.o
    0x08009f54   0x08009f54   0x00000024   Code   RO         7352    i.osKernelInitialize  cmsis_os2.o
    0x08009f78   0x08009f78   0x00000038   Code   RO         7355    i.osKernelStart     cmsis_os2.o
    0x08009fb0   0x08009fb0   0x00000064   Code   RO         7367    i.osMessageQueueGet  cmsis_os2.o
    0x0800a014   0x0800a014   0x00000058   Code   RO         7372    i.osMessageQueueNew  cmsis_os2.o
    0x0800a06c   0x0800a06c   0x00000068   Code   RO         7373    i.osMessageQueuePut  cmsis_os2.o
    0x0800a0d4   0x0800a0d4   0x00000052   Code   RO         7375    i.osMutexAcquire    cmsis_os2.o
    0x0800a126   0x0800a126   0x00000068   Code   RO         7378    i.osMutexNew        cmsis_os2.o
    0x0800a18e   0x0800a18e   0x00000042   Code   RO         7379    i.osMutexRelease    cmsis_os2.o
    0x0800a1d0   0x0800a1d0   0x0000005c   Code   RO         7380    i.osSemaphoreAcquire  cmsis_os2.o
    0x0800a22c   0x0800a22c   0x00000098   Code   RO         7383    i.osSemaphoreNew    cmsis_os2.o
    0x0800a2c4   0x0800a2c4   0x00000058   Code   RO         7384    i.osSemaphoreRelease  cmsis_os2.o
    0x0800a31c   0x0800a31c   0x0000008a   Code   RO         7397    i.osThreadNew       cmsis_os2.o
    0x0800a3a6   0x0800a3a6   0x00000006   Code   RO        10468    i.pbuf_add_header   pbuf.o
    0x0800a3ac   0x0800a3ac   0x000000c0   Code   RO        10470    i.pbuf_add_header_impl  pbuf.o
    0x0800a46c   0x0800a46c   0x0000025c   Code   RO        10471    i.pbuf_alloc        pbuf.o
    0x0800a6c8   0x0800a6c8   0x000000b0   Code   RO        10472    i.pbuf_alloc_reference  pbuf.o
    0x0800a778   0x0800a778   0x00000036   Code   RO        10473    i.pbuf_alloced_custom  pbuf.o
    0x0800a7ae   0x0800a7ae   0x00000002   PAD
    0x0800a7b0   0x0800a7b0   0x00000130   Code   RO        10474    i.pbuf_cat          pbuf.o
    0x0800a8e0   0x0800a8e0   0x00000012   Code   RO        10476    i.pbuf_clen         pbuf.o
    0x0800a8f2   0x0800a8f2   0x00000002   PAD
    0x0800a8f4   0x0800a8f4   0x0000009c   Code   RO        10477    i.pbuf_clone        pbuf.o
    0x0800a990   0x0800a990   0x000001e0   Code   RO        10479    i.pbuf_copy         pbuf.o
    0x0800ab70   0x0800ab70   0x00000118   Code   RO        10480    i.pbuf_copy_partial  pbuf.o
    0x0800ac88   0x0800ac88   0x00000164   Code   RO        10482    i.pbuf_free         pbuf.o
    0x0800adec   0x0800adec   0x0000002c   Code   RO          803    i.pbuf_free_custom  ethernetif.o
    0x0800ae18   0x0800ae18   0x00000034   Code   RO        10484    i.pbuf_free_ooseq_callback  pbuf.o
    0x0800ae4c   0x0800ae4c   0x00000006   Code   RO        10488    i.pbuf_header_force  pbuf.o
    0x0800ae52   0x0800ae52   0x0000000e   Code   RO        10489    i.pbuf_header_impl  pbuf.o
    0x0800ae60   0x0800ae60   0x0000001c   Code   RO        10490    i.pbuf_init_alloced_pbuf  pbuf.o
    0x0800ae7c   0x0800ae7c   0x00000134   Code   RO        10494    i.pbuf_realloc      pbuf.o
    0x0800afb0   0x0800afb0   0x0000009c   Code   RO        10495    i.pbuf_ref          pbuf.o
    0x0800b04c   0x0800b04c   0x000000d0   Code   RO        10496    i.pbuf_remove_header  pbuf.o
    0x0800b11c   0x0800b11c   0x000001a0   Code   RO        10065    i.plug_holes        mem.o
    0x0800b2bc   0x0800b2bc   0x0000005c   Code   RO         6797    i.prvAddCurrentTaskToDelayedList  tasks.o
    0x0800b318   0x0800b318   0x000000d0   Code   RO         6798    i.prvAddNewTaskToReadyList  tasks.o
    0x0800b3e8   0x0800b3e8   0x00000058   Code   RO         7162    i.prvCheckForValidListAndQueue  timers.o
    0x0800b440   0x0800b440   0x00000026   Code   RO         6394    i.prvCopyDataFromQueue  queue.o
    0x0800b466   0x0800b466   0x0000006c   Code   RO         6395    i.prvCopyDataToQueue  queue.o
    0x0800b4d2   0x0800b4d2   0x00000034   Code   RO         6799    i.prvDeleteTCB      tasks.o
    0x0800b506   0x0800b506   0x00000002   PAD
    0x0800b508   0x0800b508   0x0000004c   Code   RO         7849    i.prvHeapInit       heap_4.o
    0x0800b554   0x0800b554   0x00000060   Code   RO         6800    i.prvIdleTask       tasks.o
    0x0800b5b4   0x0800b5b4   0x00000016   Code   RO         6396    i.prvInitialiseMutex  queue.o
    0x0800b5ca   0x0800b5ca   0x00000002   PAD
    0x0800b5cc   0x0800b5cc   0x00000022   Code   RO         6397    i.prvInitialiseNewQueue  queue.o
    0x0800b5ee   0x0800b5ee   0x00000002   PAD
    0x0800b5f0   0x0800b5f0   0x000000b0   Code   RO         6801    i.prvInitialiseNewTask  tasks.o
    0x0800b6a0   0x0800b6a0   0x0000004c   Code   RO         7850    i.prvInsertBlockIntoFreeList  heap_4.o
    0x0800b6ec   0x0800b6ec   0x00000038   Code   RO         7164    i.prvInsertTimerInActiveList  timers.o
    0x0800b724   0x0800b724   0x0000001c   Code   RO         6398    i.prvIsQueueEmpty   queue.o
    0x0800b740   0x0800b740   0x000000fc   Code   RO         7165    i.prvProcessReceivedCommands  timers.o
    0x0800b83c   0x0800b83c   0x000000c0   Code   RO         7166    i.prvProcessTimerOrBlockTask  timers.o
    0x0800b8fc   0x0800b8fc   0x00000020   Code   RO         6803    i.prvResetNextTaskUnblockTime  tasks.o
    0x0800b91c   0x0800b91c   0x00000028   Code   RO         7167    i.prvSampleTimeNow  timers.o
    0x0800b944   0x0800b944   0x0000006c   Code   RO         7168    i.prvSwitchTimerLists  timers.o
    0x0800b9b0   0x0800b9b0   0x00000028   Code   RO         7905    i.prvTaskExitError  port.o
    0x0800b9d8   0x0800b9d8   0x00000024   Code   RO         7169    i.prvTimerTask      timers.o
    0x0800b9fc   0x0800b9fc   0x0000006a   Code   RO         6399    i.prvUnlockQueue    queue.o
    0x0800ba66   0x0800ba66   0x00000002   PAD
    0x0800ba68   0x0800ba68   0x0000000c   Code   RO        10066    i.ptr_to_mem        mem.o
    0x0800ba74   0x0800ba74   0x000000dc   Code   RO         7851    i.pvPortMalloc      heap_4.o
    0x0800bb50   0x0800bb50   0x00000018   Code   RO         6806    i.pvTaskIncrementMutexHeldCount  tasks.o
    0x0800bb68   0x0800bb68   0x0000002c   Code   RO         7906    i.pxPortInitialiseStack  port.o
    0x0800bb94   0x0800bb94   0x0000003e   Code   RO        11999    i.sys_arch_mbox_fetch  sys_arch.o
    0x0800bbd2   0x0800bbd2   0x00000002   PAD
    0x0800bbd4   0x0800bbd4   0x00000018   Code   RO        12001    i.sys_arch_protect  sys_arch.o
    0x0800bbec   0x0800bbec   0x0000000c   Code   RO        12003    i.sys_arch_unprotect  sys_arch.o
    0x0800bbf8   0x0800bbf8   0x00000044   Code   RO        11308    i.sys_check_timeouts  timeouts.o
    0x0800bc3c   0x0800bc3c   0x00000014   Code   RO        12004    i.sys_init          sys_arch.o
    0x0800bc50   0x0800bc50   0x0000001e   Code   RO        12006    i.sys_mbox_new      sys_arch.o
    0x0800bc6e   0x0800bc6e   0x00000018   Code   RO        12009    i.sys_mbox_trypost  sys_arch.o
    0x0800bc86   0x0800bc86   0x0000000a   Code   RO        12011    i.sys_mbox_valid    sys_arch.o
    0x0800bc90   0x0800bc90   0x0000000a   Code   RO        12013    i.sys_mutex_lock    sys_arch.o
    0x0800bc9a   0x0800bc9a   0x00000018   Code   RO        12014    i.sys_mutex_new     sys_arch.o
    0x0800bcb2   0x0800bcb2   0x00000006   Code   RO        12015    i.sys_mutex_unlock  sys_arch.o
    0x0800bcb8   0x0800bcb8   0x00000004   Code   RO          804    i.sys_now           ethernetif.o
    0x0800bcbc   0x0800bcbc   0x0000002e   Code   RO        12021    i.sys_thread_new    sys_arch.o
    0x0800bcea   0x0800bcea   0x00000002   PAD
    0x0800bcec   0x0800bcec   0x000000c4   Code   RO        11310    i.sys_timeout       timeouts.o
    0x0800bdb0   0x0800bdb0   0x000000f8   Code   RO        11311    i.sys_timeout_abs   timeouts.o
    0x0800bea8   0x0800bea8   0x00000028   Code   RO        11312    i.sys_timeouts_init  timeouts.o
    0x0800bed0   0x0800bed0   0x00000028   Code   RO        11313    i.sys_timeouts_sleeptime  timeouts.o
    0x0800bef8   0x0800bef8   0x000001ac   Code   RO        10752    i.tcp_abandon       tcp.o
    0x0800c0a4   0x0800c0a4   0x00000006   Code   RO        10753    i.tcp_abort         tcp.o
    0x0800c0aa   0x0800c0aa   0x00000002   PAD
    0x0800c0ac   0x0800c0ac   0x00000124   Code   RO        10756    i.tcp_alloc         tcp.o
    0x0800c1d0   0x0800c1d0   0x000000a0   Code   RO        10760    i.tcp_close         tcp.o
    0x0800c270   0x0800c270   0x000001dc   Code   RO        10761    i.tcp_close_shutdown  tcp.o
    0x0800c44c   0x0800c44c   0x000000c4   Code   RO        10762    i.tcp_close_shutdown_fin  tcp.o
    0x0800c510   0x0800c510   0x00000180   Code   RO        11147    i.tcp_create_segment  tcp_out.o
    0x0800c690   0x0800c690   0x000000b8   Code   RO        10765    i.tcp_eff_send_mss_netif  tcp.o
    0x0800c748   0x0800c748   0x00000234   Code   RO        11148    i.tcp_enqueue_flags  tcp_out.o
    0x0800c97c   0x0800c97c   0x0000006c   Code   RO        10767    i.tcp_fasttmr       tcp.o
    0x0800c9e8   0x0800c9e8   0x00000090   Code   RO        10768    i.tcp_free          tcp.o
    0x0800ca78   0x0800ca78   0x0000013c   Code   RO        11058    i.tcp_free_acked_segments  tcp_in.o
    0x0800cbb4   0x0800cbb4   0x00000014   Code   RO        10769    i.tcp_free_ooseq    tcp.o
    0x0800cbc8   0x0800cbc8   0x00000028   Code   RO        11059    i.tcp_get_next_optbyte  tcp_in.o
    0x0800cbf0   0x0800cbf0   0x00000018   Code   RO        10770    i.tcp_init          tcp.o
    0x0800cc08   0x0800cc08   0x00000650   Code   RO        11060    i.tcp_input         tcp_in.o
    0x0800d258   0x0800d258   0x000000d4   Code   RO        11061    i.tcp_input_delayed_close  tcp_in.o
    0x0800d32c   0x0800d32c   0x000000cc   Code   RO        11149    i.tcp_keepalive     tcp_out.o
    0x0800d3f8   0x0800d3f8   0x000000bc   Code   RO        10771    i.tcp_kill_state    tcp.o
    0x0800d4b4   0x0800d4b4   0x00000070   Code   RO        10772    i.tcp_listen_closed  tcp.o
    0x0800d524   0x0800d524   0x00000198   Code   RO        11062    i.tcp_listen_input  tcp_in.o
    0x0800d6bc   0x0800d6bc   0x0000004c   Code   RO        10775    i.tcp_netif_ip_addr_changed  tcp.o
    0x0800d708   0x0800d708   0x000000c0   Code   RO        10776    i.tcp_netif_ip_addr_changed_pcblist  tcp.o
    0x0800d7c8   0x0800d7c8   0x00000098   Code   RO        10780    i.tcp_next_iss      tcp.o
    0x0800d860   0x0800d860   0x0000010c   Code   RO        11063    i.tcp_oos_insert_segment  tcp_in.o
    0x0800d96c   0x0800d96c   0x000002e0   Code   RO        11150    i.tcp_output        tcp_out.o
    0x0800dc4c   0x0800dc4c   0x000000cc   Code   RO        11151    i.tcp_output_alloc_header  tcp_out.o
    0x0800dd18   0x0800dd18   0x00000110   Code   RO        11152    i.tcp_output_alloc_header_common  tcp_out.o
    0x0800de28   0x0800de28   0x000000e0   Code   RO        11153    i.tcp_output_control_segment  tcp_out.o
    0x0800df08   0x0800df08   0x000000d8   Code   RO        11154    i.tcp_output_fill_options  tcp_out.o
    0x0800dfe0   0x0800dfe0   0x000001dc   Code   RO        11155    i.tcp_output_segment  tcp_out.o
    0x0800e1bc   0x0800e1bc   0x000000a8   Code   RO        11156    i.tcp_output_segment_busy  tcp_out.o
    0x0800e264   0x0800e264   0x000000fc   Code   RO        11064    i.tcp_parseopt      tcp_in.o
    0x0800e360   0x0800e360   0x000000cc   Code   RO        10781    i.tcp_pcb_purge     tcp.o
    0x0800e42c   0x0800e42c   0x00000190   Code   RO        10782    i.tcp_pcb_remove    tcp.o
    0x0800e5bc   0x0800e5bc   0x000004c2   Code   RO        11065    i.tcp_process       tcp_in.o
    0x0800ea7e   0x0800ea7e   0x00000002   PAD
    0x0800ea80   0x0800ea80   0x00000104   Code   RO        10784    i.tcp_process_refused_data  tcp.o
    0x0800eb84   0x0800eb84   0x00000904   Code   RO        11066    i.tcp_receive       tcp_in.o
    0x0800f488   0x0800f488   0x000000b0   Code   RO        10786    i.tcp_recv_null     tcp.o
    0x0800f538   0x0800f538   0x00000100   Code   RO        10787    i.tcp_recved        tcp.o
    0x0800f638   0x0800f638   0x00000058   Code   RO        10788    i.tcp_remove_listener  tcp.o
    0x0800f690   0x0800f690   0x000000ec   Code   RO        11158    i.tcp_rexmit        tcp_out.o
    0x0800f77c   0x0800f77c   0x000000e8   Code   RO        11159    i.tcp_rexmit_fast   tcp_out.o
    0x0800f864   0x0800f864   0x000000a4   Code   RO        11160    i.tcp_rexmit_rto    tcp_out.o
    0x0800f908   0x0800f908   0x000000ac   Code   RO        11161    i.tcp_rexmit_rto_commit  tcp_out.o
    0x0800f9b4   0x0800f9b4   0x000000f8   Code   RO        11162    i.tcp_rexmit_rto_prepare  tcp_out.o
    0x0800faac   0x0800faac   0x00000010   Code   RO        11163    i.tcp_route         tcp_out.o
    0x0800fabc   0x0800fabc   0x00000114   Code   RO        11164    i.tcp_rst           tcp_out.o
    0x0800fbd0   0x0800fbd0   0x000000ac   Code   RO        10789    i.tcp_seg_copy      tcp.o
    0x0800fc7c   0x0800fc7c   0x0000001c   Code   RO        10790    i.tcp_seg_free      tcp.o
    0x0800fc98   0x0800fc98   0x00000012   Code   RO        10791    i.tcp_segs_free     tcp.o
    0x0800fcaa   0x0800fcaa   0x00000002   PAD
    0x0800fcac   0x0800fcac   0x000000ec   Code   RO        11165    i.tcp_send_empty_ack  tcp_out.o
    0x0800fd98   0x0800fd98   0x000000cc   Code   RO        11166    i.tcp_send_fin      tcp_out.o
    0x0800fe64   0x0800fe64   0x000005d0   Code   RO        10795    i.tcp_slowtmr       tcp.o
    0x08010434   0x08010434   0x0000022c   Code   RO        11167    i.tcp_split_unsent_seg  tcp_out.o
    0x08010660   0x08010660   0x00000034   Code   RO        11315    i.tcp_timer_needed  timeouts.o
    0x08010694   0x08010694   0x00000100   Code   RO        11067    i.tcp_timewait_input  tcp_in.o
    0x08010794   0x08010794   0x00000020   Code   RO        10797    i.tcp_tmr           tcp.o
    0x080107b4   0x080107b4   0x00000010   Code   RO        11068    i.tcp_trigger_input_pcb_close  tcp_in.o
    0x080107c4   0x080107c4   0x000000f4   Code   RO        10799    i.tcp_update_rcv_ann_wnd  tcp.o
    0x080108b8   0x080108b8   0x00000140   Code   RO        11170    i.tcp_zero_window_probe  tcp_out.o
    0x080109f8   0x080109f8   0x00000110   Code   RO         9675    i.tcpip_init        tcpip.o
    0x08010b08   0x08010b08   0x000000c0   Code   RO         9676    i.tcpip_inpkt       tcpip.o
    0x08010bc8   0x08010bc8   0x0000001c   Code   RO         9677    i.tcpip_input       tcpip.o
    0x08010be4   0x08010be4   0x00000038   Code   RO        11316    i.tcpip_tcp_timer   timeouts.o
    0x08010c1c   0x08010c1c   0x000000f8   Code   RO         9679    i.tcpip_thread      tcpip.o
    0x08010d14   0x08010d14   0x000000cc   Code   RO         9680    i.tcpip_thread_handle_msg  tcpip.o
    0x08010de0   0x08010de0   0x000000bc   Code   RO         9681    i.tcpip_try_callback  tcpip.o
    0x08010e9c   0x08010e9c   0x00000026   Code   RO         6354    i.uxListRemove      list.o
    0x08010ec2   0x08010ec2   0x00000002   PAD
    0x08010ec4   0x08010ec4   0x00000014   Code   RO         7409    i.vApplicationGetIdleTaskMemory  cmsis_os2.o
    0x08010ed8   0x08010ed8   0x00000018   Code   RO         7410    i.vApplicationGetTimerTaskMemory  cmsis_os2.o
    0x08010ef0   0x08010ef0   0x00000016   Code   RO         6355    i.vListInitialise   list.o
    0x08010f06   0x08010f06   0x00000006   Code   RO         6356    i.vListInitialiseItem  list.o
    0x08010f0c   0x08010f0c   0x00000030   Code   RO         6357    i.vListInsert       list.o
    0x08010f3c   0x08010f3c   0x00000018   Code   RO         6358    i.vListInsertEnd    list.o
    0x08010f54   0x08010f54   0x00000040   Code   RO         7908    i.vPortEnterCritical  port.o
    0x08010f94   0x08010f94   0x00000028   Code   RO         7909    i.vPortExitCritical  port.o
    0x08010fbc   0x08010fbc   0x00000064   Code   RO         7852    i.vPortFree         heap_4.o
    0x08011020   0x08011020   0x00000024   Code   RO         7910    i.vPortSetupTimerInterrupt  port.o
    0x08011044   0x08011044   0x00000054   Code   RO         7911    i.vPortValidateInterruptPriority  port.o
    0x08011098   0x08011098   0x00000028   Code   RO         6405    i.vQueueAddToRegistry  queue.o
    0x080110c0   0x080110c0   0x0000002e   Code   RO         6406    i.vQueueDelete      queue.o
    0x080110ee   0x080110ee   0x00000002   PAD
    0x080110f0   0x080110f0   0x00000028   Code   RO         6408    i.vQueueUnregisterQueue  queue.o
    0x08011118   0x08011118   0x00000044   Code   RO         6409    i.vQueueWaitForMessageRestricted  queue.o
    0x0801115c   0x0801115c   0x0000004c   Code   RO         6816    i.vTaskDelay        tasks.o
    0x080111a8   0x080111a8   0x00000010   Code   RO         6821    i.vTaskInternalSetTimeOutState  tasks.o
    0x080111b8   0x080111b8   0x0000000c   Code   RO         6822    i.vTaskMissedYield  tasks.o
    0x080111c4   0x080111c4   0x00000030   Code   RO         6824    i.vTaskPlaceOnEventList  tasks.o
    0x080111f4   0x080111f4   0x00000038   Code   RO         6825    i.vTaskPlaceOnEventListRestricted  tasks.o
    0x0801122c   0x0801122c   0x00000090   Code   RO         6827    i.vTaskPriorityDisinheritAfterTimeout  tasks.o
    0x080112bc   0x080112bc   0x00000088   Code   RO         6833    i.vTaskStartScheduler  tasks.o
    0x08011344   0x08011344   0x00000010   Code   RO         6835    i.vTaskSuspendAll   tasks.o
    0x08011354   0x08011354   0x00000064   Code   RO         6836    i.vTaskSwitchContext  tasks.o
    0x080113b8   0x080113b8   0x000000f4   Code   RO         7912    i.xPortStartScheduler  port.o
    0x080114ac   0x080114ac   0x0000002c   Code   RO         7913    i.xPortSysTickHandler  port.o
    0x080114d8   0x080114d8   0x0000003a   Code   RO         6410    i.xQueueCreateCountingSemaphore  queue.o
    0x08011512   0x08011512   0x00000040   Code   RO         6411    i.xQueueCreateCountingSemaphoreStatic  queue.o
    0x08011552   0x08011552   0x00000016   Code   RO         6412    i.xQueueCreateMutex  queue.o
    0x08011568   0x08011568   0x0000001a   Code   RO         6413    i.xQueueCreateMutexStatic  queue.o
    0x08011582   0x08011582   0x00000042   Code   RO         6414    i.xQueueGenericCreate  queue.o
    0x080115c4   0x080115c4   0x00000066   Code   RO         6415    i.xQueueGenericCreateStatic  queue.o
    0x0801162a   0x0801162a   0x00000002   PAD
    0x0801162c   0x0801162c   0x00000088   Code   RO         6416    i.xQueueGenericReset  queue.o
    0x080116b4   0x080116b4   0x00000160   Code   RO         6417    i.xQueueGenericSend  queue.o
    0x08011814   0x08011814   0x000000be   Code   RO         6418    i.xQueueGenericSendFromISR  queue.o
    0x080118d2   0x080118d2   0x0000009c   Code   RO         6421    i.xQueueGiveFromISR  queue.o
    0x0801196e   0x0801196e   0x0000003e   Code   RO         6422    i.xQueueGiveMutexRecursive  queue.o
    0x080119ac   0x080119ac   0x00000138   Code   RO         6427    i.xQueueReceive     queue.o
    0x08011ae4   0x08011ae4   0x0000009a   Code   RO         6428    i.xQueueReceiveFromISR  queue.o
    0x08011b7e   0x08011b7e   0x00000002   PAD
    0x08011b80   0x08011b80   0x00000178   Code   RO         6429    i.xQueueSemaphoreTake  queue.o
    0x08011cf8   0x08011cf8   0x00000040   Code   RO         6430    i.xQueueTakeMutexRecursive  queue.o
    0x08011d38   0x08011d38   0x00000074   Code   RO         6838    i.xTaskCheckForTimeOut  tasks.o
    0x08011dac   0x08011dac   0x0000005a   Code   RO         6839    i.xTaskCreate       tasks.o
    0x08011e06   0x08011e06   0x00000056   Code   RO         6840    i.xTaskCreateStatic  tasks.o
    0x08011e5c   0x08011e5c   0x0000000c   Code   RO         6843    i.xTaskGetCurrentTaskHandle  tasks.o
    0x08011e68   0x08011e68   0x0000001c   Code   RO         6844    i.xTaskGetSchedulerState  tasks.o
    0x08011e84   0x08011e84   0x0000000c   Code   RO         6845    i.xTaskGetTickCount  tasks.o
    0x08011e90   0x08011e90   0x00000010   Code   RO         6846    i.xTaskGetTickCountFromISR  tasks.o
    0x08011ea0   0x08011ea0   0x000000c8   Code   RO         6847    i.xTaskIncrementTick  tasks.o
    0x08011f68   0x08011f68   0x00000080   Code   RO         6850    i.xTaskPriorityDisinherit  tasks.o
    0x08011fe8   0x08011fe8   0x00000078   Code   RO         6851    i.xTaskPriorityInherit  tasks.o
    0x08012060   0x08012060   0x00000070   Code   RO         6852    i.xTaskRemoveFromEventList  tasks.o
    0x080120d0   0x080120d0   0x000000c4   Code   RO         6853    i.xTaskResumeAll    tasks.o
    0x08012194   0x08012194   0x00000060   Code   RO         7178    i.xTimerCreateTimerTask  timers.o
    0x080121f4   0x080121f4   0x00000068   Code   RO         7179    i.xTimerGenericCommand  timers.o
    0x0801225c   0x0801225c   0x0000000a   Code   RO        13659    x$fpl$fpinit        fz_wm.l(fpinit.o)
    0x08012266   0x08012266   0x00000002   PAD
    0x08012268   0x08012268   0x000000b4   Data   RO           37    .constdata          main.o
    0x0801231c   0x0801231c   0x0000000c   Data   RO          807    .constdata          ethernetif.o
    0x08012328   0x08012328   0x00000008   Data   RO         1647    .constdata          stm32f4xx_hal_dma.o
    0x08012330   0x08012330   0x00000010   Data   RO         6190    .constdata          system_stm32f4xx.o
    0x08012340   0x08012340   0x00000008   Data   RO         6191    .constdata          system_stm32f4xx.o
    0x08012348   0x08012348   0x00000006   Data   RO         8512    .constdata          ethernet.o
    0x0801234e   0x0801234e   0x00000006   Data   RO         8513    .constdata          ethernet.o
    0x08012354   0x08012354   0x0000000c   Data   RO        10154    .constdata          memp.o
    0x08012360   0x08012360   0x0000000c   Data   RO        10155    .constdata          memp.o
    0x0801236c   0x0801236c   0x0000000c   Data   RO        10156    .constdata          memp.o
    0x08012378   0x08012378   0x0000000c   Data   RO        10157    .constdata          memp.o
    0x08012384   0x08012384   0x0000000c   Data   RO        10158    .constdata          memp.o
    0x08012390   0x08012390   0x0000000c   Data   RO        10159    .constdata          memp.o
    0x0801239c   0x0801239c   0x0000000c   Data   RO        10160    .constdata          memp.o
    0x080123a8   0x080123a8   0x0000000c   Data   RO        10161    .constdata          memp.o
    0x080123b4   0x080123b4   0x0000000c   Data   RO        10162    .constdata          memp.o
    0x080123c0   0x080123c0   0x0000000c   Data   RO        10163    .constdata          memp.o
    0x080123cc   0x080123cc   0x0000000c   Data   RO        10164    .constdata          memp.o
    0x080123d8   0x080123d8   0x0000000c   Data   RO        10165    .constdata          memp.o
    0x080123e4   0x080123e4   0x00000030   Data   RO        10166    .constdata          memp.o
    0x08012414   0x08012414   0x00000054   Data   RO        10800    .constdata          tcp.o
    0x08012468   0x08012468   0x00000018   Data   RO        11317    .constdata          timeouts.o
    0x08012480   0x08012480   0x00000004   Data   RO        11677    .constdata          ip4_addr.o
    0x08012484   0x08012484   0x00000004   Data   RO        13662    .constdata          c_w.l(sys_io.o)
    0x08012488   0x08012488   0x00000004   Data   RO        13663    .constdata          c_w.l(sys_io.o)
    0x0801248c   0x0801248c   0x00000004   Data   RO        13664    .constdata          c_w.l(sys_io.o)
    0x08012490   0x08012490   0x00000038   Data   RO           38    .conststring        main.o
    0x080124c8   0x080124c8   0x00000075   Data   RO        10801    .conststring        tcp.o
    0x0801253d   0x0801253d   0x00000003   PAD
    0x08012540   0x08012540   0x00000055   Data   RO        11171    .conststring        tcp_out.o
    0x08012595   0x08012595   0x00000003   PAD
    0x08012598   0x08012598   0x00000041   Data   RO        11465    .conststring        etharp.o
    0x080125d9   0x080125d9   0x00000003   PAD
    0x080125dc   0x080125dc   0x00000020   Data   RO        13886    Region$$Table       anon$$obj.o
    0x080125fc   0x080125fc   0x000eda04   PAD
    0x08100000   0x08100000   0x0000e148   Data   RO        13350    .ARM.__AT_0x08100000  wave_data_us_max.o
    0x0810e148   0x0810e148   0x00001eb8   PAD
    0x08110000   0x08110000   0x0000e148   Data   RO        13357    .ARM.__AT_0x08110000  wave_data_us_min.o
    0x0811e148   0x0811e148   0x00001eb8   PAD
    0x08120000   0x08120000   0x0000e148   Data   RO        13343    .ARM.__AT_0x08120000  wave_data_us_close.o
    0x0812e148   0x0812e148   0x00081eb8   PAD
    0x081b0000   0x081b0000   0x0000e148   Data   RO        13336    .ARM.__AT_0x081B0000  wave_data_key_click.o


    Execution Region RW_IRAM2 (Exec base: 0x10000000, Load base: 0x081be170, Size: 0x00000000, Max: 0x00010000, ABSOLUTE)

    **** No section assigned to this execution region ****


    Execution Region RW_IRAM1 (Exec base: 0x20000000, Load base: 0x081be148, Size: 0x0002d000, Max: 0x00030000, ABSOLUTE, COMPRESSED[0x00000028])

    Exec Addr    Load Addr    Size         Type   Attr      Idx    E Section Name        Object

    0x20000000   COMPRESSED   0x00000014   Data   RW           39    .data               main.o
    0x20000014   COMPRESSED   0x0000000c   Data   RW          626    .data               stm32f4xx_hal_msp.o
    0x20000020   COMPRESSED   0x00000020   Data   RW          810    .data               ethernetif.o
    0x20000040   COMPRESSED   0x00000004   Data   RW          811    .data               ethernetif.o
    0x20000044   COMPRESSED   0x00000018   Data   RW          975    .data               lwip.o
    0x2000005c   COMPRESSED   0x0000000c   Data   RW         2094    .data               stm32f4xx_hal.o
    0x20000068   COMPRESSED   0x00000004   Data   RW         6192    .data               system_stm32f4xx.o
    0x2000006c   COMPRESSED   0x0000003c   Data   RW         6856    .data               tasks.o
    0x200000a8   COMPRESSED   0x00000014   Data   RW         7187    .data               timers.o
    0x200000bc   COMPRESSED   0x00000004   Data   RW         7412    .data               cmsis_os2.o
    0x200000c0   COMPRESSED   0x00000020   Data   RW         7858    .data               heap_4.o
    0x200000e0   COMPRESSED   0x0000000c   Data   RW         7914    .data               port.o
    0x200000ec   COMPRESSED   0x00000010   Data   RW         9682    .data               tcpip.o
    0x200000fc   COMPRESSED   0x00000010   Data   RW        10067    .data               mem.o
    0x2000010c   COMPRESSED   0x00000004   Data   RW        10167    .data               memp.o
    0x20000110   COMPRESSED   0x00000004   Data   RW        10168    .data               memp.o
    0x20000114   COMPRESSED   0x00000004   Data   RW        10169    .data               memp.o
    0x20000118   COMPRESSED   0x00000004   Data   RW        10170    .data               memp.o
    0x2000011c   COMPRESSED   0x00000004   Data   RW        10171    .data               memp.o
    0x20000120   COMPRESSED   0x00000004   Data   RW        10172    .data               memp.o
    0x20000124   COMPRESSED   0x00000004   Data   RW        10173    .data               memp.o
    0x20000128   COMPRESSED   0x00000004   Data   RW        10174    .data               memp.o
    0x2000012c   COMPRESSED   0x00000004   Data   RW        10175    .data               memp.o
    0x20000130   COMPRESSED   0x00000004   Data   RW        10176    .data               memp.o
    0x20000134   COMPRESSED   0x00000004   Data   RW        10177    .data               memp.o
    0x20000138   COMPRESSED   0x00000004   Data   RW        10178    .data               memp.o
    0x2000013c   COMPRESSED   0x0000000c   Data   RW        10312    .data               netif.o
    0x20000148   COMPRESSED   0x00000001   Data   RW        10503    .data               pbuf.o
    0x20000149   COMPRESSED   0x00000003   PAD
    0x2000014c   COMPRESSED   0x00000020   Data   RW        10802    .data               tcp.o
    0x2000016c   COMPRESSED   0x00000024   Data   RW        11070    .data               tcp_in.o
    0x20000190   COMPRESSED   0x0000000c   Data   RW        11319    .data               timeouts.o
    0x2000019c   COMPRESSED   0x00000001   Data   RW        11466    .data               etharp.o
    0x2000019d   COMPRESSED   0x00000001   PAD
    0x2000019e   COMPRESSED   0x00000002   Data   RW        11621    .data               ip4.o
    0x200001a0   COMPRESSED   0x00000008   Data   RW        11748    .data               ip4_frag.o
    0x200001a8   COMPRESSED   0x00000004   Data   RW        12023    .data               sys_arch.o
    0x200001ac   COMPRESSED   0x00000004   Data   RW        13174    .data               sai.o
    0x200001b0   COMPRESSED   0x00000001   Data   RW        13445    .data               debug.o
    0x200001b1   COMPRESSED   0x00000003   PAD
    0x200001b4   COMPRESSED   0x00000004   Data   RW        13568    .data               c_w.l(stdio_streams.o)
    0x200001b8   COMPRESSED   0x00000004   Data   RW        13569    .data               c_w.l(stdio_streams.o)
    0x200001bc   COMPRESSED   0x00000004   Data   RW        13570    .data               c_w.l(stdio_streams.o)
    0x200001c0        -       0x000004a0   Zero   RW           34    .bss                main.o
    0x20000660        -       0x00000060   Zero   RW           35    .bss                main.o
    0x200006c0        -       0x00000060   Zero   RW           36    .bss                main.o
    0x20000720        -       0x00000048   Zero   RW          749    .bss                stm32f4xx_hal_timebase_tim.o
    0x20000768        -       0x00004983   Zero   RW          805    .bss                ethernetif.o
    0x200050eb   COMPRESSED   0x00000001   PAD
    0x200050ec        -       0x00000248   Zero   RW          806    .bss                ethernetif.o
    0x20005334        -       0x00000058   Zero   RW          974    .bss                lwip.o
    0x2000538c        -       0x00000040   Zero   RW         6431    .bss                queue.o
    0x200053cc        -       0x000004c4   Zero   RW         6855    .bss                tasks.o
    0x20005890        -       0x00000118   Zero   RW         7186    .bss                timers.o
    0x200059a8        -       0x000006b8   Zero   RW         7411    .bss                cmsis_os2.o
    0x20006060        -       0x00003c00   Zero   RW         7857    .bss                heap_4.o
    0x20009c60        -       0x00000018   Zero   RW        10035    .bss                ip.o
    0x20009c78        -       0x0000030f   Zero   RW        10142    .bss                memp.o
    0x20009f87        -       0x000000e3   Zero   RW        10143    .bss                memp.o
    0x2000a06a        -       0x00000103   Zero   RW        10144    .bss                memp.o
    0x2000a16d        -       0x000000a3   Zero   RW        10145    .bss                memp.o
    0x2000a210        -       0x0000016b   Zero   RW        10146    .bss                memp.o
    0x2000a37b        -       0x00000023   Zero   RW        10147    .bss                memp.o
    0x2000a39e        -       0x000000a3   Zero   RW        10148    .bss                memp.o
    0x2000a441        -       0x00000083   Zero   RW        10149    .bss                memp.o
    0x2000a4c4        -       0x00000083   Zero   RW        10150    .bss                memp.o
    0x2000a547        -       0x00000033   Zero   RW        10151    .bss                memp.o
    0x2000a57a        -       0x00000103   Zero   RW        10152    .bss                memp.o
    0x2000a67d        -       0x00002603   Zero   RW        10153    .bss                memp.o
    0x2000cc80        -       0x00000010   Zero   RW        11069    .bss                tcp_in.o
    0x2000cc90        -       0x000000f0   Zero   RW        11464    .bss                etharp.o
    0x2000cd80        -       0x00000108   Zero   RW        12915    .bss                uart.o
    0x2000ce88        -       0x000000e8   Zero   RW        13172    .bss                sai.o
    0x2000cf70        -       0x000000e4   Zero   RW        13516    .bss                c_w.l(rand.o)
    0x2000d054        -       0x00000054   Zero   RW        13565    .bss                c_w.l(stdio_streams.o)
    0x2000d0a8        -       0x00000054   Zero   RW        13566    .bss                c_w.l(stdio_streams.o)
    0x2000d0fc        -       0x00000054   Zero   RW        13567    .bss                c_w.l(stdio_streams.o)
    0x2000d150        -       0x00000060   Zero   RW        13624    .bss                c_w.l(libspace.o)
    0x2000d1b0        -       0x00001000   Zero   RW            2    HEAP                startup_stm32f429xx.o
    0x2000e1b0        -       0x00001000   Zero   RW            1    STACK               startup_stm32f429xx.o
    0x2000f1b0   COMPRESSED   0x0001bc50   PAD
    0x2002ae00        -       0x00000200   Zero   RW        12403    .ARM.__AT_0x2002AE00  mem_defines.o
    0x2002b000        -       0x00001000   Zero   RW        12404    .ARM.__AT_0x2002B000  mem_defines.o
    0x2002c000        -       0x00001000   Zero   RW        12405    .ARM.__AT_0x2002C000  mem_defines.o


==============================================================================

Image component sizes


      Code (inc. data)   RO Data    RW Data    ZI Data      Debug   Object Name

         0          0          0          0          0       6851   api_lib.o
         0          0          0          0          0       4507   api_msg.o
         0          0          0          0          0       2160   auth.o
         0          0          0          0          0       5727   bridgeif.o
      1216         40          0          4       1720      74100   cmsis_os2.o
        92         12          0          1          0        792   debug.o
         8          0          0          0          0       1058   def.o
         0          0          0          0          0       2372   err.o
      2936       1186         65          1        240      12471   etharp.o
       412        154         12          0          0       2626   ethernet.o
      1510        222         12         36      19403      23126   ethernetif.o
         0          0          0          0          0      19264   event_groups.o
       472         24          0         32      15360       4723   heap_4.o
       816        350          0          0          0       4334   icmp.o
       174          0          0          0          0       3085   inet_chksum.o
        30          0          0          0          0      10031   init.o
         0          0          0          0         24       3170   ip.o
       906        186          0          2          0       5452   ip4.o
        46          0          4          0          0       8490   ip4_addr.o
      2904       1164          0          8          0      11414   ip4_frag.o
       396          0          0          0          0       2878   lan8742.o
       138          0          0          0          0       3402   list.o
       306         32          0         24         88       1936   lwip.o
      2516        218        236         20       1376     903787   main.o
      2168       1044          0         16          0       7734   mem.o
         0          0          0          0       8704        683   mem_defines.o
      1022        720        192         48      12296      12578   memp.o
         0          0          0          0          0       7896   netbuf.o
      1764        998          0         12          0      15468   netif.o
      3398       1796          0          1          0      16237   pbuf.o
       786         82          0         12          0      11221   port.o
      2670         28          0          0         64      29560   queue.o
       120         16          0          4        232       1419   sai.o
        64         26        428          0       8192        820   startup_stm32f429xx.o
       116         18          0         12          0       8698   stm32f4xx_hal.o
       736         34          0          0          0       2795   stm32f4xx_hal_adc.o
       448         16          0          0          0       1470   stm32f4xx_hal_adc_ex.o
       282          0          0          0          0       1291   stm32f4xx_hal_can.o
       158         14          0          0          0      33038   stm32f4xx_hal_cortex.o
       110          0          0          0          0       1835   stm32f4xx_hal_dac.o
       940         16          8          0          0       6010   stm32f4xx_hal_dma.o
      3172         90          0          0          0      20428   stm32f4xx_hal_eth.o
       574         54          0          0          0       2136   stm32f4xx_hal_gpio.o
      3574         54          0          0          0      22129   stm32f4xx_hal_i2c.o
       128          0          0          0          0       1787   stm32f4xx_hal_i2c_ex.o
      1772        206          0         12          0       8712   stm32f4xx_hal_msp.o
       112         14          0          0          0       1240   stm32f4xx_hal_pwr_ex.o
      1424         92          0          0          0       6185   stm32f4xx_hal_rcc.o
       596         36          0          0          0       1564   stm32f4xx_hal_rcc_ex.o
       952         20          0          0          0       5416   stm32f4xx_hal_sai.o
       208         30          0          0          0       1813   stm32f4xx_hal_sai_ex.o
        66          0          0          0          0       1133   stm32f4xx_hal_sdram.o
       188          0          0          0          0       1147   stm32f4xx_hal_spi.o
       784         72          0          0          0       6589   stm32f4xx_hal_tim.o
       148         28          0          0          0       2357   stm32f4xx_hal_tim_ex.o
       116         16          0          0         72       1352   stm32f4xx_hal_timebase_tim.o
      1276         16          0          0          0       8064   stm32f4xx_hal_uart.o
       172         76          0          0          0       8038   stm32f4xx_it.o
       266         10          0          0          0       3325   stm32f4xx_ll_fmc.o
         0          0          0          0          0        392   stream_buffer.o
       268         16          0          4          0      12136   sys_arch.o
        16          4         24          4          0       1055   system_stm32f4xx.o
      2400        202          0         60       1220      29936   tasks.o
      6124       2876        201         32          0      32428   tcp.o
      6910       2036          0         36         16      22287   tcp_in.o
      6108       3044         85          0          0      28610   tcp_out.o
      1132        660          0         16          0       7424   tcpip.o
       760        374         24         12          0       7259   timeouts.o
       972         80          0         20        280      31643   timers.o
         0          0          0          0        264        829   uart.o
         0          0      57672          0          0        394   wave_data_key_click.o
         0          0      57672          0          0        393   wave_data_us_close.o
         0          0      57672          0          0        383   wave_data_us_max.o
         0          0      57672          0          0        383   wave_data_us_min.o

    ----------------------------------------------------------------------
     69984      18502    1753216        436     183296    1555476   Object Totals
         0          0         32          0          0          0   (incl. Generated)
       106          0    1521205          7     113745          0   (incl. Padding)

    ----------------------------------------------------------------------

      Code (inc. data)   RO Data    RW Data    ZI Data      Debug   Library Member Name

        90          0          0          0          0          0   __dczerorl2.o
         8          0          0          0          0         68   __main.o
       104          0          0          0          0         84   __printf.o
         0          0          0          0          0          0   __rtentry.o
        12          0          0          0          0          0   __rtentry2.o
         6          0          0          0          0          0   __rtentry4.o
        52          8          0          0          0          0   __scatter.o
        28          0          0          0          0          0   __scatter_zi.o
        44          0          0          0          0        108   _printf_char.o
        48          6          0          0          0         96   _printf_char_common.o
        36          4          0          0          0         80   _printf_char_file.o
         6          0          0          0          0          0   _printf_d.o
       120         16          0          0          0         92   _printf_dec.o
       178          0          0          0          0         88   _printf_intcommon.o
         0          0          0          0          0          0   _printf_percent.o
         4          0          0          0          0          0   _printf_percent_end.o
         6          0          0          0          0          0   _printf_s.o
        82          0          0          0          0         80   _printf_str.o
        16          0          0          0          0         68   aeabi_memset.o
        10          0          0          0          0         68   defsig_exit.o
        50          0          0          0          0         88   defsig_general.o
        80         58          0          0          0         76   defsig_rtmem_inner.o
        14          0          0          0          0         80   defsig_rtmem_outer.o
        52         38          0          0          0         76   defsig_rtred_inner.o
        14          0          0          0          0         80   defsig_rtred_outer.o
        18          0          0          0          0         80   exit.o
        76          0          0          0          0         88   fclose.o
         8          0          0          0          0         68   ferror.o
       236          4          0          0          0        128   fopen.o
       248          6          0          0          0         84   fseek.o
        66          0          0          0          0         76   ftell.o
        94          0          0          0          0         80   h1_alloc.o
        52          0          0          0          0         68   h1_extend.o
        78          0          0          0          0         80   h1_free.o
        14          0          0          0          0         84   h1_init.o
         6          0          0          0          0        152   heapauxi.o
         4          0          0          0          0        136   hguard.o
         0          0          0          0          0          0   indicate_semi.o
       138          0          0          0          0        168   init_alloc.o
       312         46          0          0          0        112   initio.o
         2          0          0          0          0          0   libinit.o
        22          0          0          0          0          0   libinit2.o
         2          0          0          0          0          0   libshutdown.o
         6          0          0          0          0          0   libshutdown2.o
         8          4          0          0         96         68   libspace.o
       238          0          0          0          0        100   lludivv7m.o
         0          0          0          0          0          0   maybetermalloc1.o
        88          0          0          0          0         76   memcmp.o
        24          4          0          0          0         84   noretval__2printf.o
       112         18          0          0        228        160   rand.o
         8          4          0          0          0         68   rt_errno_addr_intlibspace.o
         8          4          0          0          0         68   rt_heap_descriptor_intlibspace.o
        68          0          0          0          0         68   rt_memclr.o
        78          0          0          0          0         80   rt_memclr_w.o
       138          0          0          0          0         68   rt_memcpy_v6.o
       100          0          0          0          0         80   rt_memcpy_w.o
         2          0          0          0          0          0   rtexit.o
        10          0          0          0          0          0   rtexit2.o
        70          0          0          0          0         80   setvbuf.o
       240          6          0          0          0        156   stdio.o
         0          0          0         12        252          0   stdio_streams.o
        62          0          0          0          0         76   strlen.o
        12          4          0          0          0         68   sys_exit.o
       102          0         12          0          0        240   sys_io.o
        74          0          0          0          0         80   sys_stackheap_outer.o
        14          0          0          0          0         76   sys_wrch.o
         2          0          0          0          0         68   use_no_semi.o
        10          0          0          0          0        116   fpinit.o

    ----------------------------------------------------------------------
      3932        230         12         12        576       4516   Library Totals
        22          0          0          0          0          0   (incl. Padding)

    ----------------------------------------------------------------------

      Code (inc. data)   RO Data    RW Data    ZI Data      Debug   Library Name

      3900        230         12         12        576       4400   c_w.l
        10          0          0          0          0        116   fz_wm.l

    ----------------------------------------------------------------------
      3932        230         12         12        576       4516   Library Totals

    ----------------------------------------------------------------------

==============================================================================


      Code (inc. data)   RO Data    RW Data    ZI Data      Debug   

     73916      18732    1753228        448     183872    1511900   Grand Totals
     73916      18732    1753228         40     183872    1511900   ELF Image Totals (compressed)
     73916      18732    1753228         40          0          0   ROM Totals

==============================================================================

    Total RO  Size (Code + RO Data)              1827144 (1784.32kB)
    Total RW  Size (RW Data + ZI Data)            184320 ( 180.00kB)
    Total ROM Size (Code + RO Data + RW Data)    1827184 (1784.36kB)

==============================================================================

