<html>
<body>
<pre>
<h1>µVision Build Log</h1>
<h2>Tool Versions:</h2>
IDE-Version: ¦ÌVision V5.29.0.0
Copyright (C) 2019 ARM Ltd and ARM Germany GmbH. All rights reserved.
License Information: zhixin zhang, yichao, LIC=03C6R-KBRKR-NNEAF-633NE-6BJKZ-XEEWH
 
Tool Versions:
Toolchain:       MDK-ARM Plus  Version: 5.29.0.0
Toolchain Path:  e:\Keil_v5\ARM\ARMCC\Bin
C Compiler:      Armcc.exe V5.06 update 6 (build 750)
Assembler:       Armasm.exe V5.06 update 6 (build 750)
Linker/Locator:  ArmLink.exe V5.06 update 6 (build 750)
Library Manager: ArmAr.exe V5.06 update 6 (build 750)
Hex Converter:   FromElf.exe V5.06 update 6 (build 750)
CPU DLL:         SARMCM3.DLL V5.29.0.0
Dialog DLL:      DCM.DLL V1.17.3.0
Target DLL:      STLink\ST-LINKIII-KEIL_SWO.dll V3.0.7.0
Dialog DLL:      TCM.DLL V1.36.5.0
 
<h2>Project:</h2>
G:\stm32work\MDK-ARM\stm32work.uvprojx
Project File Date:  07/27/2022

<h2>Output:</h2>
*** Using Compiler 'V5.06 update 6 (build 750)', folder: 'e:\Keil_v5\ARM\ARMCC\Bin'
Rebuild target 'stm32work'
assembling startup_stm32f429xx.s...
compiling lan8742.c...
compiling stm32f4xx_hal_timebase_tim.c...
compiling stm32f4xx_hal_flash_ex.c...
compiling stm32f4xx_hal_flash.c...
compiling stm32f4xx_hal_flash_ramfunc.c...
compiling stm32f4xx_hal_dma_ex.c...
compiling stm32f4xx_it.c...
compiling stm32f4xx_hal_rcc_ex.c...
compiling stm32f4xx_hal_gpio.c...
compiling stm32f4xx_hal_rcc.c...
compiling freertos.c...
compiling stm32f4xx_ll_adc.c...
compiling stm32f4xx_hal_dma.c...
compiling stm32f4xx_hal_msp.c...
compiling ethernetif.c...
compiling stm32f4xx_hal_pwr.c...
compiling lwip.c...
compiling main.c...
compiling stm32f4xx_hal_pwr_ex.c...
compiling stm32f4xx_hal_cortex.c...
compiling stm32f4xx_hal.c...
compiling stm32f4xx_hal_sai.c...
compiling stm32f4xx_hal_eth.c...
compiling stm32f4xx_hal_dac.c...
compiling stm32f4xx_hal_exti.c...
compiling stm32f4xx_hal_can.c...
compiling stm32f4xx_hal_adc.c...
compiling croutine.c...
compiling stm32f4xx_hal_dac_ex.c...
compiling event_groups.c...
compiling list.c...
compiling stream_buffer.c...
compiling queue.c...
compiling timers.c...
compiling tasks.c...
compiling heap_4.c...
compiling port.c...
compiling stm32f4xx_hal_adc_ex.c...
compiling stm32f4xx_ll_fmc.c...
compiling stm32f4xx_hal_sdram.c...
compiling stm32f4xx_hal_i2c_ex.c...
compiling stm32f4xx_hal_i2c.c...
compiling stm32f4xx_hal_sai_ex.c...
compiling stm32f4xx_hal_spi.c...
compiling chap-md5.c...
compiling stm32f4xx_hal_uart.c...
compiling eap.c...
compiling stm32f4xx_hal_tim_ex.c...
compiling fsm.c...
compiling ccp.c...
compiling auth.c...
compiling stm32f4xx_hal_tim.c...
compiling chap-new.c...
compiling system_stm32f4xx.c...
compiling chap_ms.c...
compiling eui64.c...
compiling ipcp.c...
compiling demand.c...
compiling cmsis_os2.c...
compiling lcp.c...
compiling mppe.c...
compiling utils.c...
compiling magic.c...
compiling upap.c...
compiling ipv6cp.c...
compiling multilink.c...
compiling vj.c...
compiling pppol2tp.c...
compiling pppoe.c...
compiling pppos.c...
compiling pppapi.c...
compiling ppp.c...
compiling pppcrypt.c...
compiling bridgeif.c...
compiling zepif.c...
compiling netbuf.c...
compiling lowpan6_common.c...
compiling bridgeif_fdb.c...
compiling lowpan6.c...
compiling lowpan6_ble.c...
compiling netifapi.c...
compiling ethernet.c...
compiling ecp.c...
compiling api_msg.c...
compiling slipif.c...
compiling api_lib.c...
compiling netdb.c...
compiling if_api.c...
compiling err.c...
compiling tcpip.c...
compiling sockets.c...
compiling altcp.c...
compiling mem.c...
compiling stats.c...
compiling dns.c...
compiling inet_chksum.c...
compiling def.c...
compiling init.c...
compiling altcp_alloc.c...
compiling altcp_tcp.c...
compiling ip.c...
compiling raw.c...
compiling pbuf.c...
compiling netif.c...
compiling memp.c...
compiling dhcp6.c...
compiling dhcp.c...
compiling tcp.c...
compiling sys.c...
compiling ip4_frag.c...
compiling ip4_addr.c...
compiling icmp.c...
compiling udp.c...
compiling tcp_in.c...
compiling etharp.c...
compiling tcp_out.c...
compiling igmp.c...
compiling timeouts.c...
compiling ip4.c...
compiling autoip.c...
compiling us_control.c...
compiling fpga_control.c...
compiling ip6_addr.c...
compiling ethip6.c...
compiling mem_defines.c...
compiling nd6.c...
compiling inet6.c...
compiling ip6.c...
compiling w25qxx.c...
compiling icmp6.c...
compiling ip6_frag.c...
compiling pid.c...
compiling wave_data_key_click.c...
compiling wave_data_us_close.c...
compiling wave_data_us_max.c...
compiling wave_data_us_min.c...
compiling sys_arch.c...
compiling es_control.c...
compiling mld6.c...
compiling mqtt.c...
compiling debug.c...
compiling system.c...
compiling key.c...
compiling uart.c...
compiling wm8978.c...
compiling i2c.c...
compiling AD9851_base.c...
compiling fpga_manager.c...
compiling sai.c...
compiling global.c...
compiling TaskMain.c...
compiling test.c...
compiling audioplay.c...
compiling sdram.c...
compiling wavplay.c...
compiling hardware_manager.c...
linking...
Program Size: Code=99072 RO-data=1728072 RW-data=608 ZI-data=183712  
FromELF: creating hex file...
"stm32work\stm32work.axf" - 0 Error(s), 0 Warning(s).

<h2>Software Packages used:</h2>

Package Vendor: ARM
                http://www.keil.com/pack/ARM.CMSIS.5.9.0.pack
                ARM.CMSIS.5.9.0
                CMSIS (Common Microcontroller Software Interface Standard)
   * Component: CORE Version: 5.6.0

Package Vendor: Keil
                http://www.keil.com/pack/Keil.STM32F4xx_DFP.2.16.0.pack
                Keil.STM32F4xx_DFP.2.16.0
                STMicroelectronics STM32F4 Series Device Support, Drivers and Examples

<h2>Collection of Component include folders:</h2>
  .\RTE\_stm32work
  e:\Keil_v5\Packs\ARM\CMSIS\5.9.0\CMSIS\Core\Include
  e:\Keil_v5\Packs\Keil\STM32F4xx_DFP\2.16.0\Drivers\CMSIS\Device\ST\STM32F4xx\Include

<h2>Collection of Component Files used:</h2>

   * Component: ARM::CMSIS:CORE:5.6.0
      Include file:  CMSIS\Core\Include\tz_context.h
Build Time Elapsed:  00:02:11
</pre>
</body>
</html>
