Component: ARM Compiler 5.06 update 6 (build 750) Tool: armlink [4d35ed]

==============================================================================

Section Cross References

    startup_stm32f429xx.o(RESET) refers to startup_stm32f429xx.o(STACK) for __initial_sp
    startup_stm32f429xx.o(RESET) refers to startup_stm32f429xx.o(.text) for Reset_Handler
    startup_stm32f429xx.o(RESET) refers to stm32f4xx_it.o(i.NMI_Handler) for NMI_Handler
    startup_stm32f429xx.o(RESET) refers to stm32f4xx_it.o(i.HardFault_Handler) for HardFault_Handler
    startup_stm32f429xx.o(RESET) refers to stm32f4xx_it.o(i.MemManage_Handler) for MemManage_Handler
    startup_stm32f429xx.o(RESET) refers to stm32f4xx_it.o(i.BusFault_Handler) for BusFault_Handler
    startup_stm32f429xx.o(RESET) refers to stm32f4xx_it.o(i.UsageFault_Handler) for UsageFault_Handler
    startup_stm32f429xx.o(RESET) refers to port.o(.emb_text) for SVC_Handler
    startup_stm32f429xx.o(RESET) refers to stm32f4xx_it.o(i.DebugMon_Handler) for DebugMon_Handler
    startup_stm32f429xx.o(RESET) refers to stm32f4xx_it.o(i.SysTick_Handler) for SysTick_Handler
    startup_stm32f429xx.o(RESET) refers to stm32f4xx_it.o(i.TIM1_TRG_COM_TIM11_IRQHandler) for TIM1_TRG_COM_TIM11_IRQHandler
    startup_stm32f429xx.o(RESET) refers to stm32f4xx_it.o(i.I2C2_EV_IRQHandler) for I2C2_EV_IRQHandler
    startup_stm32f429xx.o(RESET) refers to stm32f4xx_it.o(i.I2C2_ER_IRQHandler) for I2C2_ER_IRQHandler
    startup_stm32f429xx.o(RESET) refers to stm32f4xx_it.o(i.USART1_IRQHandler) for USART1_IRQHandler
    startup_stm32f429xx.o(RESET) refers to stm32f4xx_it.o(i.USART3_IRQHandler) for USART3_IRQHandler
    startup_stm32f429xx.o(RESET) refers to stm32f4xx_it.o(i.TIM6_DAC_IRQHandler) for TIM6_DAC_IRQHandler
    startup_stm32f429xx.o(RESET) refers to stm32f4xx_it.o(i.TIM7_IRQHandler) for TIM7_IRQHandler
    startup_stm32f429xx.o(RESET) refers to stm32f4xx_it.o(i.DMA2_Stream0_IRQHandler) for DMA2_Stream0_IRQHandler
    startup_stm32f429xx.o(RESET) refers to stm32f4xx_it.o(i.DMA2_Stream1_IRQHandler) for DMA2_Stream1_IRQHandler
    startup_stm32f429xx.o(RESET) refers to sai.o(i.DMA2_Stream3_IRQHandler) for DMA2_Stream3_IRQHandler
    startup_stm32f429xx.o(RESET) refers to stm32f4xx_it.o(i.I2C3_EV_IRQHandler) for I2C3_EV_IRQHandler
    startup_stm32f429xx.o(RESET) refers to stm32f4xx_it.o(i.I2C3_ER_IRQHandler) for I2C3_ER_IRQHandler
    startup_stm32f429xx.o(.text) refers to system_stm32f4xx.o(i.SystemInit) for SystemInit
    startup_stm32f429xx.o(.text) refers to entry.o(.ARM.Collect$$$$00000000) for __main
    main.o(i.MX_ADC1_Init) refers to memseta.o(.text) for __aeabi_memclr4
    main.o(i.MX_ADC1_Init) refers to stm32f4xx_hal_adc.o(i.HAL_ADC_Init) for HAL_ADC_Init
    main.o(i.MX_ADC1_Init) refers to main.o(i.Error_Handler) for Error_Handler
    main.o(i.MX_ADC1_Init) refers to stm32f4xx_hal_adc.o(i.HAL_ADC_ConfigChannel) for HAL_ADC_ConfigChannel
    main.o(i.MX_ADC1_Init) refers to stm32f4xx_hal_adc_ex.o(i.HAL_ADCEx_InjectedConfigChannel) for HAL_ADCEx_InjectedConfigChannel
    main.o(i.MX_ADC1_Init) refers to main.o(.bss) for hadc1
    main.o(i.MX_DAC_Init) refers to stm32f4xx_hal_dac.o(i.HAL_DAC_Init) for HAL_DAC_Init
    main.o(i.MX_DAC_Init) refers to main.o(i.Error_Handler) for Error_Handler
    main.o(i.MX_DAC_Init) refers to stm32f4xx_hal_dac.o(i.HAL_DAC_ConfigChannel) for HAL_DAC_ConfigChannel
    main.o(i.MX_DAC_Init) refers to main.o(.bss) for hdac
    main.o(i.MX_DMA_Init) refers to stm32f4xx_hal_cortex.o(i.HAL_NVIC_SetPriority) for HAL_NVIC_SetPriority
    main.o(i.MX_DMA_Init) refers to stm32f4xx_hal_cortex.o(i.HAL_NVIC_EnableIRQ) for HAL_NVIC_EnableIRQ
    main.o(i.MX_FMC_Init) refers to memseta.o(.text) for __aeabi_memclr4
    main.o(i.MX_FMC_Init) refers to stm32f4xx_hal_sram.o(i.HAL_SRAM_Init) for HAL_SRAM_Init
    main.o(i.MX_FMC_Init) refers to main.o(i.Error_Handler) for Error_Handler
    main.o(i.MX_FMC_Init) refers to main.o(.bss) for hsram1
    main.o(i.MX_GPIO_Init) refers to memseta.o(.text) for __aeabi_memclr4
    main.o(i.MX_GPIO_Init) refers to stm32f4xx_hal_gpio.o(i.HAL_GPIO_WritePin) for HAL_GPIO_WritePin
    main.o(i.MX_GPIO_Init) refers to stm32f4xx_hal_gpio.o(i.HAL_GPIO_Init) for HAL_GPIO_Init
    main.o(i.MX_I2C2_Init) refers to stm32f4xx_hal_i2c.o(i.HAL_I2C_Init) for HAL_I2C_Init
    main.o(i.MX_I2C2_Init) refers to main.o(i.Error_Handler) for Error_Handler
    main.o(i.MX_I2C2_Init) refers to stm32f4xx_hal_i2c_ex.o(i.HAL_I2CEx_ConfigAnalogFilter) for HAL_I2CEx_ConfigAnalogFilter
    main.o(i.MX_I2C2_Init) refers to stm32f4xx_hal_i2c_ex.o(i.HAL_I2CEx_ConfigDigitalFilter) for HAL_I2CEx_ConfigDigitalFilter
    main.o(i.MX_I2C2_Init) refers to main.o(.bss) for hi2c2
    main.o(i.MX_I2C3_Init) refers to stm32f4xx_hal_i2c.o(i.HAL_I2C_Init) for HAL_I2C_Init
    main.o(i.MX_I2C3_Init) refers to main.o(i.Error_Handler) for Error_Handler
[...]
    Idle_TCB                                 0x20001cd8   Data          92  cmsis_os2.o(.bss)
    Idle_Stack                               0x20001d34   Data         512  cmsis_os2.o(.bss)
    Timer_TCB                                0x20001f34   Data          92  cmsis_os2.o(.bss)
    Timer_Stack                              0x20001f90   Data        1024  cmsis_os2.o(.bss)
    .bss                                     0x20002390   Section    15360  heap_4.o(.bss)
    ucHeap                                   0x20002390   Data       15360  heap_4.o(.bss)
    .bss                                     0x20005f90   Section     8704  mem_defines.o(.bss)
    .bss                                     0x20008190   Section       40  fpga_manager.o(.bss)
    fpga_data_tmp                            0x20008190   Data          20  fpga_manager.o(.bss)
    .bss                                     0x200081b8   Section      528  uart.o(.bss)
    .bss                                     0x200083c8   Section       10  key.o(.bss)
    key_val                                  0x200083c8   Data          10  key.o(.bss)
    .bss                                     0x200083d2   Section       47  wavplay.o(.bss)
    .bss                                     0x20008402   Section     1024  test.o(.bss)
    tstbuf                                   0x20008402   Data         512  test.o(.bss)
    tstrbuf                                  0x20008602   Data         512  test.o(.bss)
    STACK                                    0x20008808   Section    16384  startup_stm32f429xx.o(STACK)

    Global Symbols

    Symbol Name                              Value     Ov Type        Size  Object(Section)

    BuildAttributes$$THM_ISAv4$E$P$D$K$B$S$7EM$VFPi3$EXTD16$VFPS$VFMA$PE$A:L22UL41UL21$X:L11$S22US41US21$IEEE1$IW$USESV6$~STKCKD$USESV7$~SHL$OSPACE$ROPI$EBA8$MICROLIB$REQ8$PRES8$EABIv2 0x00000000   Number         0  anon$$obj.o ABSOLUTE
    __ARM_use_no_argv                        0x00000000   Number         0  main.o ABSOLUTE
    __cpp_initialize__aeabi_                  - Undefined Weak Reference
    __cxa_finalize                            - Undefined Weak Reference
    _clock_init                               - Undefined Weak Reference
    _microlib_exit                            - Undefined Weak Reference
    __Vectors_Size                           0x000001ac   Number         0  startup_stm32f429xx.o ABSOLUTE
    __Vectors                                0x08000000   Data           4  startup_stm32f429xx.o(RESET)
    __Vectors_End                            0x080001ac   Data           0  startup_stm32f429xx.o(RESET)
    __main                                   0x080001ad   Thumb Code     0  entry.o(.ARM.Collect$$$$00000000)
    _main_stk                                0x080001ad   Thumb Code     0  entry2.o(.ARM.Collect$$$$00000001)
    _main_scatterload                        0x080001b1   Thumb Code     0  entry5.o(.ARM.Collect$$$$00000004)
    __main_after_scatterload                 0x080001b5   Thumb Code     0  entry5.o(.ARM.Collect$$$$00000004)
    _main_clock                              0x080001b5   Thumb Code     0  entry7b.o(.ARM.Collect$$$$00000008)
    _main_cpp_init                           0x080001b5   Thumb Code     0  entry8b.o(.ARM.Collect$$$$0000000A)
    _main_init                               0x080001b5   Thumb Code     0  entry9a.o(.ARM.Collect$$$$0000000B)
    __rt_final_cpp                           0x080001bd   Thumb Code     0  entry10a.o(.ARM.Collect$$$$0000000D)
    __rt_final_exit                          0x080001bd   Thumb Code     0  entry11a.o(.ARM.Collect$$$$0000000F)
    SVC_Handler                              0x080001c1   Thumb Code    28  port.o(.emb_text)
    __asm___6_port_c_39a90d8d__prvStartFirstTask 0x080001e1   Thumb Code    36  port.o(.emb_text)
    __asm___6_port_c_39a90d8d__prvEnableVFP  0x08000209   Thumb Code    16  port.o(.emb_text)
    PendSV_Handler                           0x0800021d   Thumb Code    88  port.o(.emb_text)
    vPortGetIPSR                             0x08000279   Thumb Code     6  port.o(.emb_text)
    Reset_Handler                            0x08000281   Thumb Code     8  startup_stm32f429xx.o(.text)
    ADC_IRQHandler                           0x0800029b   Thumb Code     0  startup_stm32f429xx.o(.text)
    CAN1_RX0_IRQHandler                      0x0800029b   Thumb Code     0  startup_stm32f429xx.o(.text)
    CAN1_RX1_IRQHandler                      0x0800029b   Thumb Code     0  startup_stm32f429xx.o(.text)
    CAN1_SCE_IRQHandler                      0x0800029b   Thumb Code     0  startup_stm32f429xx.o(.text)
    CAN1_TX_IRQHandler                       0x0800029b   Thumb Code     0  startup_stm32f429xx.o(.text)
    CAN2_RX0_IRQHandler                      0x0800029b   Thumb Code     0  startup_stm32f429xx.o(.text)
    CAN2_RX1_IRQHandler                      0x0800029b   Thumb Code     0  startup_stm32f429xx.o(.text)
    CAN2_SCE_IRQHandler                      0x0800029b   Thumb Code     0  startup_stm32f429xx.o(.text)
    CAN2_TX_IRQHandler                       0x0800029b   Thumb Code     0  startup_stm32f429xx.o(.text)
    DCMI_IRQHandler                          0x0800029b   Thumb Code     0  startup_stm32f429xx.o(.text)
    DMA1_Stream0_IRQHandler                  0x0800029b   Thumb Code     0  startup_stm32f429xx.o(.text)
    DMA1_Stream1_IRQHandler                  0x0800029b   Thumb Code     0  startup_stm32f429xx.o(.text)
    DMA1_Stream2_IRQHandler                  0x0800029b   Thumb Code     0  startup_stm32f429xx.o(.text)
    DMA1_Stream3_IRQHandler                  0x0800029b   Thumb Code     0  startup_stm32f429xx.o(.text)
    DMA1_Stream4_IRQHandler                  0x0800029b   Thumb Code     0  startup_stm32f429xx.o(.text)
    DMA1_Stream5_IRQHandler                  0x0800029b   Thumb Code     0  startup_stm32f429xx.o(.text)
    DMA1_Stream6_IRQHandler                  0x0800029b   Thumb Code     0  startup_stm32f429xx.o(.text)
    DMA1_Stream7_IRQHandler                  0x0800029b   Thumb Code     0  startup_stm32f429xx.o(.text)
    DMA2D_IRQHandler                         0x0800029b   Thumb Code     0  startup_stm32f429xx.o(.text)
    DMA2_Stream2_IRQHandler                  0x0800029b   Thumb Code     0  startup_stm32f429xx.o(.text)
    DMA2_Stream4_IRQHandler                  0x0800029b   Thumb Code     0  startup_stm32f429xx.o(.text)
    DMA2_Stream5_IRQHandler                  0x0800029b   Thumb Code     0  startup_stm32f429xx.o(.text)
    DMA2_Stream6_IRQHandler                  0x0800029b   Thumb Code     0  startup_stm32f429xx.o(.text)
    DMA2_Stream7_IRQHandler                  0x0800029b   Thumb Code     0  startup_stm32f429xx.o(.text)
    ETH_IRQHandler                           0x0800029b   Thumb Code     0  startup_stm32f429xx.o(.text)
    ETH_WKUP_IRQHandler                      0x0800029b   Thumb Code     0  startup_stm32f429xx.o(.text)
    EXTI0_IRQHandler                         0x0800029b   Thumb Code     0  startup_stm32f429xx.o(.text)
    EXTI15_10_IRQHandler                     0x0800029b   Thumb Code     0  startup_stm32f429xx.o(.text)
    EXTI1_IRQHandler                         0x0800029b   Thumb Code     0  startup_stm32f429xx.o(.text)
    EXTI2_IRQHandler                         0x0800029b   Thumb Code     0  startup_stm32f429xx.o(.text)
    EXTI3_IRQHandler                         0x0800029b   Thumb Code     0  startup_stm32f429xx.o(.text)
    EXTI4_IRQHandler                         0x0800029b   Thumb Code     0  startup_stm32f429xx.o(.text)
    EXTI9_5_IRQHandler                       0x0800029b   Thumb Code     0  startup_stm32f429xx.o(.text)
    FLASH_IRQHandler                         0x0800029b   Thumb Code     0  startup_stm32f429xx.o(.text)
    FMC_IRQHandler                           0x0800029b   Thumb Code     0  startup_stm32f429xx.o(.text)
    FPU_IRQHandler                           0x0800029b   Thumb Code     0  startup_stm32f429xx.o(.text)
    HASH_RNG_IRQHandler                      0x0800029b   Thumb Code     0  startup_stm32f429xx.o(.text)
    I2C1_ER_IRQHandler                       0x0800029b   Thumb Code     0  startup_stm32f429xx.o(.text)
    I2C1_EV_IRQHandler                       0x0800029b   Thumb Code     0  startup_stm32f429xx.o(.text)
    LTDC_ER_IRQHandler                       0x0800029b   Thumb Code     0  startup_stm32f429xx.o(.text)
    LTDC_IRQHandler                          0x0800029b   Thumb Code     0  startup_stm32f429xx.o(.text)
    OTG_FS_IRQHandler                        0x0800029b   Thumb Code     0  startup_stm32f429xx.o(.text)
    OTG_FS_WKUP_IRQHandler                   0x0800029b   Thumb Code     0  startup_stm32f429xx.o(.text)
    OTG_HS_EP1_IN_IRQHandler                 0x0800029b   Thumb Code     0  startup_stm32f429xx.o(.text)
    OTG_HS_EP1_OUT_IRQHandler                0x0800029b   Thumb Code     0  startup_stm32f429xx.o(.text)
    OTG_HS_IRQHandler                        0x0800029b   Thumb Code     0  startup_stm32f429xx.o(.text)
    OTG_HS_WKUP_IRQHandler                   0x0800029b   Thumb Code     0  startup_stm32f429xx.o(.text)
    PVD_IRQHandler                           0x0800029b   Thumb Code     0  startup_stm32f429xx.o(.text)
    RCC_IRQHandler                           0x0800029b   Thumb Code     0  startup_stm32f429xx.o(.text)
    RTC_Alarm_IRQHandler                     0x0800029b   Thumb Code     0  startup_stm32f429xx.o(.text)
    RTC_WKUP_IRQHandler                      0x0800029b   Thumb Code     0  startup_stm32f429xx.o(.text)
    SAI1_IRQHandler                          0x0800029b   Thumb Code     0  startup_stm32f429xx.o(.text)
    SDIO_IRQHandler                          0x0800029b   Thumb Code     0  startup_stm32f429xx.o(.text)
    SPI1_IRQHandler                          0x0800029b   Thumb Code     0  startup_stm32f429xx.o(.text)
    SPI2_IRQHandler                          0x0800029b   Thumb Code     0  startup_stm32f429xx.o(.text)
    SPI3_IRQHandler                          0x0800029b   Thumb Code     0  startup_stm32f429xx.o(.text)
    SPI4_IRQHandler                          0x0800029b   Thumb Code     0  startup_stm32f429xx.o(.text)
    SPI5_IRQHandler                          0x0800029b   Thumb Code     0  startup_stm32f429xx.o(.text)
    SPI6_IRQHandler                          0x0800029b   Thumb Code     0  startup_stm32f429xx.o(.text)
    TAMP_STAMP_IRQHandler                    0x0800029b   Thumb Code     0  startup_stm32f429xx.o(.text)
    TIM1_BRK_TIM9_IRQHandler                 0x0800029b   Thumb Code     0  startup_stm32f429xx.o(.text)
    TIM1_CC_IRQHandler                       0x0800029b   Thumb Code     0  startup_stm32f429xx.o(.text)
    TIM1_UP_TIM10_IRQHandler                 0x0800029b   Thumb Code     0  startup_stm32f429xx.o(.text)
    TIM2_IRQHandler                          0x0800029b   Thumb Code     0  startup_stm32f429xx.o(.text)
    TIM3_IRQHandler                          0x0800029b   Thumb Code     0  startup_stm32f429xx.o(.text)
    TIM4_IRQHandler                          0x0800029b   Thumb Code     0  startup_stm32f429xx.o(.text)
    TIM5_IRQHandler                          0x0800029b   Thumb Code     0  startup_stm32f429xx.o(.text)
    TIM8_BRK_TIM12_IRQHandler                0x0800029b   Thumb Code     0  startup_stm32f429xx.o(.text)
    TIM8_CC_IRQHandler                       0x0800029b   Thumb Code     0  startup_stm32f429xx.o(.text)
    TIM8_TRG_COM_TIM14_IRQHandler            0x0800029b   Thumb Code     0  startup_stm32f429xx.o(.text)
    TIM8_UP_TIM13_IRQHandler                 0x0800029b   Thumb Code     0  startup_stm32f429xx.o(.text)
    UART4_IRQHandler                         0x0800029b   Thumb Code     0  startup_stm32f429xx.o(.text)
    UART5_IRQHandler                         0x0800029b   Thumb Code     0  startup_stm32f429xx.o(.text)
    UART7_IRQHandler                         0x0800029b   Thumb Code     0  startup_stm32f429xx.o(.text)
    UART8_IRQHandler                         0x0800029b   Thumb Code     0  startup_stm32f429xx.o(.text)
    USART2_IRQHandler                        0x0800029b   Thumb Code     0  startup_stm32f429xx.o(.text)
    USART6_IRQHandler                        0x0800029b   Thumb Code     0  startup_stm32f429xx.o(.text)
    WWDG_IRQHandler                          0x0800029b   Thumb Code     0  startup_stm32f429xx.o(.text)
    __aeabi_uldivmod                         0x080002a5   Thumb Code    98  uldiv.o(.text)
    __aeabi_memcpy                           0x08000307   Thumb Code    36  memcpya.o(.text)
    __aeabi_memcpy4                          0x08000307   Thumb Code     0  memcpya.o(.text)
    __aeabi_memcpy8                          0x08000307   Thumb Code     0  memcpya.o(.text)
    __aeabi_memset                           0x0800032b   Thumb Code    14  memseta.o(.text)
    __aeabi_memset4                          0x0800032b   Thumb Code     0  memseta.o(.text)
    __aeabi_memset8                          0x0800032b   Thumb Code     0  memseta.o(.text)
    __aeabi_memclr                           0x08000339   Thumb Code     4  memseta.o(.text)
    __aeabi_memclr4                          0x08000339   Thumb Code     0  memseta.o(.text)
    __aeabi_memclr8                          0x08000339   Thumb Code     0  memseta.o(.text)
    memset                                   0x0800033d   Thumb Code    18  memseta.o(.text)
    __aeabi_llsl                             0x0800034f   Thumb Code    30  llshl.o(.text)
    _ll_shift_l                              0x0800034f   Thumb Code     0  llshl.o(.text)
    __aeabi_llsr                             0x0800036d   Thumb Code    32  llushr.o(.text)
    _ll_ushift_r                             0x0800036d   Thumb Code     0  llushr.o(.text)
    __scatterload                            0x0800038d   Thumb Code    28  init.o(.text)
    __scatterload_rt2                        0x0800038d   Thumb Code     0  init.o(.text)
    __decompress                             0x080003b1   Thumb Code     0  __dczerorl2.o(.text)
    __decompress1                            0x080003b1   Thumb Code    86  __dczerorl2.o(.text)
    BusFault_Handler                         0x08000569   Thumb Code     4  stm32f4xx_it.o(i.BusFault_Handler)
    DMA2_Stream0_IRQHandler                  0x0800056d   Thumb Code    10  stm32f4xx_it.o(i.DMA2_Stream0_IRQHandler)
    DMA2_Stream1_IRQHandler                  0x0800057d   Thumb Code    10  stm32f4xx_it.o(i.DMA2_Stream1_IRQHandler)
    DMA2_Stream3_IRQHandler                  0x0800058d   Thumb Code   168  sai.o(i.DMA2_Stream3_IRQHandler)
    DebugMon_Handler                         0x08000743   Thumb Code     2  stm32f4xx_it.o(i.DebugMon_Handler)
    Error_Handler                            0x08000745   Thumb Code     6  main.o(i.Error_Handler)
    FMC_NORSRAM_Extended_Timing_Init         0x0800074d   Thumb Code    62  stm32f4xx_ll_fmc.o(i.FMC_NORSRAM_Extended_Timing_Init)
    FMC_NORSRAM_Init                         0x08000791   Thumb Code   148  stm32f4xx_ll_fmc.o(i.FMC_NORSRAM_Init)
    FMC_NORSRAM_Timing_Init                  0x08000829   Thumb Code   102  stm32f4xx_ll_fmc.o(i.FMC_NORSRAM_Timing_Init)
    FPGA_Read                                0x08000891   Thumb Code    20  fpga_manager.o(i.FPGA_Read)
    HAL_ADCEx_InjectedConfigChannel          0x080008a9   Thumb Code   542  stm32f4xx_hal_adc_ex.o(i.HAL_ADCEx_InjectedConfigChannel)
    HAL_ADC_ConfigChannel                    0x08000ad9   Thumb Code   400  stm32f4xx_hal_adc.o(i.HAL_ADC_ConfigChannel)
    HAL_ADC_Init                             0x08000c7d   Thumb Code   100  stm32f4xx_hal_adc.o(i.HAL_ADC_Init)
    HAL_ADC_MspInit                          0x08000ce5   Thumb Code   224  stm32f4xx_hal_msp.o(i.HAL_ADC_MspInit)
    HAL_DACEx_DMAUnderrunCallbackCh2         0x08000ddd   Thumb Code     2  stm32f4xx_hal_dac_ex.o(i.HAL_DACEx_DMAUnderrunCallbackCh2)
    HAL_DAC_ConfigChannel                    0x08000ddf   Thumb Code    98  stm32f4xx_hal_dac.o(i.HAL_DAC_ConfigChannel)
    HAL_DAC_DMAUnderrunCallbackCh1           0x08000e41   Thumb Code     2  stm32f4xx_hal_dac.o(i.HAL_DAC_DMAUnderrunCallbackCh1)
    HAL_DAC_IRQHandler                       0x08000e43   Thumb Code   138  stm32f4xx_hal_dac.o(i.HAL_DAC_IRQHandler)
    HAL_DAC_Init                             0x08000ecd   Thumb Code    40  stm32f4xx_hal_dac.o(i.HAL_DAC_Init)
    HAL_DAC_MspInit                          0x08000ef5   Thumb Code   130  stm32f4xx_hal_msp.o(i.HAL_DAC_MspInit)
    HAL_DAC_SetValue                         0x08000f85   Thumb Code    44  stm32f4xx_hal_dac.o(i.HAL_DAC_SetValue)
    HAL_DAC_Start                            0x08000fb1   Thumb Code   120  stm32f4xx_hal_dac.o(i.HAL_DAC_Start)
    HAL_DMAEx_MultiBufferStart               0x08001029   Thumb Code   124  stm32f4xx_hal_dma_ex.o(i.HAL_DMAEx_MultiBufferStart)
    HAL_DMA_Abort                            0x080010a5   Thumb Code   172  stm32f4xx_hal_dma.o(i.HAL_DMA_Abort)
    HAL_DMA_Abort_IT                         0x08001151   Thumb Code    40  stm32f4xx_hal_dma.o(i.HAL_DMA_Abort_IT)
    HAL_DMA_DeInit                           0x08001179   Thumb Code   112  stm32f4xx_hal_dma.o(i.HAL_DMA_DeInit)
    HAL_DMA_GetState                         0x080011e9   Thumb Code     8  stm32f4xx_hal_dma.o(i.HAL_DMA_GetState)
    HAL_DMA_IRQHandler                       0x080011f1   Thumb Code   570  stm32f4xx_hal_dma.o(i.HAL_DMA_IRQHandler)
    HAL_DMA_Init                             0x08001431   Thumb Code   232  stm32f4xx_hal_dma.o(i.HAL_DMA_Init)
    HAL_GPIO_Init                            0x0800160d   Thumb Code   474  stm32f4xx_hal_gpio.o(i.HAL_GPIO_Init)
    HAL_GPIO_WritePin                        0x0800181d   Thumb Code    12  stm32f4xx_hal_gpio.o(i.HAL_GPIO_WritePin)
    HAL_GetTick                              0x08001829   Thumb Code     6  stm32f4xx_hal.o(i.HAL_GetTick)
    HAL_I2CEx_ConfigAnalogFilter             0x08001835   Thumb Code    76  stm32f4xx_hal_i2c_ex.o(i.HAL_I2CEx_ConfigAnalogFilter)
    HAL_I2CEx_ConfigDigitalFilter            0x08001881   Thumb Code    80  stm32f4xx_hal_i2c_ex.o(i.HAL_I2CEx_ConfigDigitalFilter)
    HAL_I2C_AbortCpltCallback                0x080018d1   Thumb Code     2  stm32f4xx_hal_i2c.o(i.HAL_I2C_AbortCpltCallback)
    HAL_I2C_AddrCallback                     0x080018d3   Thumb Code     2  stm32f4xx_hal_i2c.o(i.HAL_I2C_AddrCallback)
    HAL_I2C_ER_IRQHandler                    0x080018d5   Thumb Code   212  stm32f4xx_hal_i2c.o(i.HAL_I2C_ER_IRQHandler)
    HAL_I2C_EV_IRQHandler                    0x080019a9   Thumb Code   474  stm32f4xx_hal_i2c.o(i.HAL_I2C_EV_IRQHandler)
    HAL_I2C_ErrorCallback                    0x08001b83   Thumb Code     2  stm32f4xx_hal_i2c.o(i.HAL_I2C_ErrorCallback)
    HAL_I2C_Init                             0x08001b85   Thumb Code   446  stm32f4xx_hal_i2c.o(i.HAL_I2C_Init)
    HAL_I2C_ListenCpltCallback               0x08001d55   Thumb Code     2  stm32f4xx_hal_i2c.o(i.HAL_I2C_ListenCpltCallback)
    HAL_I2C_MasterRxCpltCallback             0x08001d57   Thumb Code     2  stm32f4xx_hal_i2c.o(i.HAL_I2C_MasterRxCpltCallback)
    HAL_I2C_MasterTxCpltCallback             0x08001d59   Thumb Code     2  stm32f4xx_hal_i2c.o(i.HAL_I2C_MasterTxCpltCallback)
    HAL_I2C_MemRxCpltCallback                0x08001d5b   Thumb Code     2  stm32f4xx_hal_i2c.o(i.HAL_I2C_MemRxCpltCallback)
    HAL_I2C_MemTxCpltCallback                0x08001d5d   Thumb Code     2  stm32f4xx_hal_i2c.o(i.HAL_I2C_MemTxCpltCallback)
    HAL_I2C_MspInit                          0x08001d61   Thumb Code   352  stm32f4xx_hal_msp.o(i.HAL_I2C_MspInit)
    HAL_I2C_SlaveRxCpltCallback              0x08001ed9   Thumb Code     2  stm32f4xx_hal_i2c.o(i.HAL_I2C_SlaveRxCpltCallback)
    HAL_I2C_SlaveTxCpltCallback              0x08001edb   Thumb Code     2  stm32f4xx_hal_i2c.o(i.HAL_I2C_SlaveTxCpltCallback)
    HAL_IncTick                              0x08001edd   Thumb Code    16  stm32f4xx_hal.o(i.HAL_IncTick)
    HAL_Init                                 0x08001ef5   Thumb Code    54  stm32f4xx_hal.o(i.HAL_Init)
    HAL_InitTick                             0x08001f31   Thumb Code    64  stm32f4xx_hal.o(i.HAL_InitTick)
    HAL_MspInit                              0x08001f7d   Thumb Code    78  stm32f4xx_hal_msp.o(i.HAL_MspInit)
    HAL_NVIC_EnableIRQ                       0x08001fd1   Thumb Code    32  stm32f4xx_hal_cortex.o(i.HAL_NVIC_EnableIRQ)
    HAL_NVIC_SetPriority                     0x08001ff1   Thumb Code   124  stm32f4xx_hal_cortex.o(i.HAL_NVIC_SetPriority)
    HAL_NVIC_SetPriorityGrouping             0x0800206d   Thumb Code    32  stm32f4xx_hal_cortex.o(i.HAL_NVIC_SetPriorityGrouping)
    HAL_PWREx_EnableOverDrive                0x08002095   Thumb Code   128  stm32f4xx_hal_pwr_ex.o(i.HAL_PWREx_EnableOverDrive)
    HAL_RCCEx_PeriphCLKConfig                0x08002121   Thumb Code   746  stm32f4xx_hal_rcc_ex.o(i.HAL_RCCEx_PeriphCLKConfig)
    HAL_RCC_ClockConfig                      0x08002425   Thumb Code   368  stm32f4xx_hal_rcc.o(i.HAL_RCC_ClockConfig)
    HAL_RCC_GetHCLKFreq                      0x080025a9   Thumb Code     6  stm32f4xx_hal_rcc.o(i.HAL_RCC_GetHCLKFreq)
    HAL_RCC_GetPCLK1Freq                     0x080025b5   Thumb Code    22  stm32f4xx_hal_rcc.o(i.HAL_RCC_GetPCLK1Freq)
    HAL_RCC_GetPCLK2Freq                     0x080025d5   Thumb Code    22  stm32f4xx_hal_rcc.o(i.HAL_RCC_GetPCLK2Freq)
    HAL_RCC_GetSysClockFreq                  0x080025f5   Thumb Code   162  stm32f4xx_hal_rcc.o(i.HAL_RCC_GetSysClockFreq)
    HAL_RCC_OscConfig                        0x080026a5   Thumb Code  1172  stm32f4xx_hal_rcc.o(i.HAL_RCC_OscConfig)
    HAL_SAI_Init                             0x08002b41   Thumb Code   418  stm32f4xx_hal_sai.o(i.HAL_SAI_Init)
    HAL_SAI_MspInit                          0x08002ced   Thumb Code   202  stm32f4xx_hal_msp.o(i.HAL_SAI_MspInit)
    HAL_SPI_Init                             0x08002dd1   Thumb Code   200  stm32f4xx_hal_spi.o(i.HAL_SPI_Init)
    HAL_SPI_MspInit                          0x08002e99   Thumb Code   454  stm32f4xx_hal_msp.o(i.HAL_SPI_MspInit)
    HAL_SPI_Receive                          0x08003085   Thumb Code   368  stm32f4xx_hal_spi.o(i.HAL_SPI_Receive)
    HAL_SPI_Transmit                         0x080031f5   Thumb Code   430  stm32f4xx_hal_spi.o(i.HAL_SPI_Transmit)
    HAL_SPI_TransmitReceive                  0x080033a3   Thumb Code   554  stm32f4xx_hal_spi.o(i.HAL_SPI_TransmitReceive)
    HAL_SRAM_Init                            0x080035cd   Thumb Code    94  stm32f4xx_hal_sram.o(i.HAL_SRAM_Init)
    HAL_SRAM_MspInit                         0x0800362b   Thumb Code    10  stm32f4xx_hal_msp.o(i.HAL_SRAM_MspInit)
    HAL_SYSTICK_Config                       0x08003635   Thumb Code    52  stm32f4xx_hal_cortex.o(i.HAL_SYSTICK_Config)
    HAL_TIMEx_BreakCallback                  0x08003669   Thumb Code     2  stm32f4xx_hal_tim_ex.o(i.HAL_TIMEx_BreakCallback)
    HAL_TIMEx_CommutCallback                 0x0800366b   Thumb Code     2  stm32f4xx_hal_tim_ex.o(i.HAL_TIMEx_CommutCallback)
    HAL_TIMEx_MasterConfigSynchronization    0x0800366d   Thumb Code   150  stm32f4xx_hal_tim_ex.o(i.HAL_TIMEx_MasterConfigSynchronization)
    HAL_TIM_Base_Init                        0x08003721   Thumb Code   102  stm32f4xx_hal_tim.o(i.HAL_TIM_Base_Init)
    HAL_TIM_Base_MspInit                     0x08003789   Thumb Code   124  stm32f4xx_hal_msp.o(i.HAL_TIM_Base_MspInit)
    HAL_TIM_Base_Start_IT                    0x08003811   Thumb Code   138  stm32f4xx_hal_tim.o(i.HAL_TIM_Base_Start_IT)
    HAL_TIM_IC_CaptureCallback               0x080038b9   Thumb Code     2  stm32f4xx_hal_tim.o(i.HAL_TIM_IC_CaptureCallback)
    HAL_TIM_IRQHandler                       0x080038bb   Thumb Code   406  stm32f4xx_hal_tim.o(i.HAL_TIM_IRQHandler)
    HAL_TIM_OC_DelayElapsedCallback          0x08003a51   Thumb Code     2  stm32f4xx_hal_tim.o(i.HAL_TIM_OC_DelayElapsedCallback)
    HAL_TIM_PWM_PulseFinishedCallback        0x08003a53   Thumb Code     2  stm32f4xx_hal_tim.o(i.HAL_TIM_PWM_PulseFinishedCallback)
    HAL_TIM_PeriodElapsedCallback            0x08003a55   Thumb Code     2  stm32f4xx_hal_tim.o(i.HAL_TIM_PeriodElapsedCallback)
    HAL_TIM_TriggerCallback                  0x08003a57   Thumb Code     2  stm32f4xx_hal_tim.o(i.HAL_TIM_TriggerCallback)
    HAL_UARTEx_RxEventCallback               0x08003a59   Thumb Code     2  stm32f4xx_hal_uart.o(i.HAL_UARTEx_RxEventCallback)
    HAL_UART_ErrorCallback                   0x08003a5b   Thumb Code     2  stm32f4xx_hal_uart.o(i.HAL_UART_ErrorCallback)
    HAL_UART_IRQHandler                      0x08003a5d   Thumb Code   732  stm32f4xx_hal_uart.o(i.HAL_UART_IRQHandler)
    HAL_UART_Init                            0x08003d3d   Thumb Code   114  stm32f4xx_hal_uart.o(i.HAL_UART_Init)
    HAL_UART_MspInit                         0x08003db1   Thumb Code   268  stm32f4xx_hal_msp.o(i.HAL_UART_MspInit)
    HAL_UART_RxCpltCallback                  0x08003ed1   Thumb Code     2  stm32f4xx_hal_uart.o(i.HAL_UART_RxCpltCallback)
    HAL_UART_TxCpltCallback                  0x08003ed3   Thumb Code     2  stm32f4xx_hal_uart.o(i.HAL_UART_TxCpltCallback)
    HardFault_Handler                        0x08003ed5   Thumb Code     4  stm32f4xx_it.o(i.HardFault_Handler)
    I2C2_ER_IRQHandler                       0x08003ed9   Thumb Code    10  stm32f4xx_it.o(i.I2C2_ER_IRQHandler)
    I2C2_EV_IRQHandler                       0x08003ee9   Thumb Code    10  stm32f4xx_it.o(i.I2C2_EV_IRQHandler)
    I2C3_ER_IRQHandler                       0x08003ef9   Thumb Code    10  stm32f4xx_it.o(i.I2C3_ER_IRQHandler)
    I2C3_EV_IRQHandler                       0x08003f09   Thumb Code    10  stm32f4xx_it.o(i.I2C3_EV_IRQHandler)
    IIC3_Init                                0x08004d01   Thumb Code   128  i2c.o(i.IIC3_Init)
    IIC3_Send_Byte                           0x08004d95   Thumb Code    88  i2c.o(i.IIC3_Send_Byte)
    IIC3_Start                               0x08004dfd   Thumb Code    64  i2c.o(i.IIC3_Start)
    IIC3_Stop                                0x08004e49   Thumb Code    64  i2c.o(i.IIC3_Stop)
    IIC3_Wait_Ack                            0x08004e95   Thumb Code    80  i2c.o(i.IIC3_Wait_Ack)
    MemManage_Handler                        0x080058b5   Thumb Code     4  stm32f4xx_it.o(i.MemManage_Handler)
    NMI_Handler                              0x080058b9   Thumb Code     4  stm32f4xx_it.o(i.NMI_Handler)
    SAIA_DMA_Enable                          0x080058bd   Thumb Code    14  sai.o(i.SAIA_DMA_Enable)
    SAIA_SampleRate_Set                      0x080058d1   Thumb Code   176  sai.o(i.SAIA_SampleRate_Set)
    SAIA_TX_DMA_Init                         0x0800598d   Thumb Code   316  sai.o(i.SAIA_TX_DMA_Init)
    SAI_BlockSynchroConfig                   0x08005ae1   Thumb Code    40  stm32f4xx_hal_sai_ex.o(i.SAI_BlockSynchroConfig)
    SAI_GetInputClock                        0x08005b61   Thumb Code   206  stm32f4xx_hal_sai_ex.o(i.SAI_GetInputClock)
    SAI_Play_Start                           0x08005c49   Thumb Code    18  sai.o(i.SAI_Play_Start)
    SAI_Play_Stop                            0x08005c61   Thumb Code    18  sai.o(i.SAI_Play_Stop)
    StartDefaultTask                         0x08005e51   Thumb Code    10  main.o(i.StartDefaultTask)
    StartTaskMain                            0x08005e5b   Thumb Code    26  taskmain.o(i.StartTaskMain)
    Start_US_work                            0x08005e75   Thumb Code    46  us_control.o(i.Start_US_work)
    SysTick_Handler                          0x08005eb1   Thumb Code    20  stm32f4xx_it.o(i.SysTick_Handler)
    SystemClock_Config                       0x08005ec5   Thumb Code   202  main.o(i.SystemClock_Config)
    SystemInit                               0x08005f99   Thumb Code    14  system_stm32f4xx.o(i.SystemInit)
    TIM1_TRG_COM_TIM11_IRQHandler            0x08005fad   Thumb Code    20  stm32f4xx_it.o(i.TIM1_TRG_COM_TIM11_IRQHandler)
    TIM6_DAC_IRQHandler                      0x08005fc9   Thumb Code    10  stm32f4xx_it.o(i.TIM6_DAC_IRQHandler)
    TIM7_IRQHandler                          0x08005fd9   Thumb Code    20  stm32f4xx_it.o(i.TIM7_IRQHandler)
    TIM_Base_SetConfig                       0x08005ff5   Thumb Code   170  stm32f4xx_hal_tim.o(i.TIM_Base_SetConfig)
    USART1_IRQHandler                        0x080064f1   Thumb Code    16  stm32f4xx_it.o(i.USART1_IRQHandler)
    USART3_IRQHandler                        0x08006505   Thumb Code    16  stm32f4xx_it.o(i.USART3_IRQHandler)
    US_Set_Pwr                               0x08006519   Thumb Code    56  us_control.o(i.US_Set_Pwr)
    UsageFault_Handler                       0x08006559   Thumb Code     4  stm32f4xx_it.o(i.UsageFault_Handler)
    W25QXX1_Init                             0x0800655d   Thumb Code    64  w25qxx.o(i.W25QXX1_Init)
    W25QXX1_Read                             0x080065a9   Thumb Code    82  w25qxx.o(i.W25QXX1_Read)
    W25QXX1_ReadID                           0x08006609   Thumb Code    64  w25qxx.o(i.W25QXX1_ReadID)
    W25QXX1_ReadSR                           0x08006651   Thumb Code    72  w25qxx.o(i.W25QXX1_ReadSR)
    W25QXX1_Wait_Busy                        0x080066a1   Thumb Code    20  w25qxx.o(i.W25QXX1_Wait_Busy)
    W25QXX1_Write_Enable                     0x080066b5   Thumb Code    24  w25qxx.o(i.W25QXX1_Write_Enable)
    W25QXX1_Write_NoCheck                    0x080066d5   Thumb Code    70  w25qxx.o(i.W25QXX1_Write_NoCheck)
    W25QXX1_Write_Page                       0x0800671d   Thumb Code    90  w25qxx.o(i.W25QXX1_Write_Page)
    W25QXX2_Init                             0x08006785   Thumb Code    64  w25qxx.o(i.W25QXX2_Init)
    W25QXX2_Read                             0x080067d1   Thumb Code    82  w25qxx.o(i.W25QXX2_Read)
    W25QXX2_ReadID                           0x08006831   Thumb Code    64  w25qxx.o(i.W25QXX2_ReadID)
    W25QXX2_ReadSR                           0x08006879   Thumb Code    72  w25qxx.o(i.W25QXX2_ReadSR)
    W25QXX2_Wait_Busy                        0x080068c9   Thumb Code    20  w25qxx.o(i.W25QXX2_Wait_Busy)
    W25QXX2_Write_Enable                     0x080068dd   Thumb Code    24  w25qxx.o(i.W25QXX2_Write_Enable)
    W25QXX2_Write_NoCheck                    0x080068fd   Thumb Code    70  w25qxx.o(i.W25QXX2_Write_NoCheck)
    W25QXX2_Write_Page                       0x08006945   Thumb Code    90  w25qxx.o(i.W25QXX2_Write_Page)
    WM8978_ADDA_Cfg                          0x080069ad   Thumb Code    64  wm8978.o(i.WM8978_ADDA_Cfg)
    WM8978_AUX_Gain                          0x080069ed   Thumb Code    54  wm8978.o(i.WM8978_AUX_Gain)
    WM8978_HPvol_Set                         0x08006a23   Thumb Code    46  wm8978.o(i.WM8978_HPvol_Set)
    WM8978_I2S_Cfg                           0x08006a51   Thumb Code    28  wm8978.o(i.WM8978_I2S_Cfg)
    WM8978_Init                              0x08006a6d   Thumb Code   190  wm8978.o(i.WM8978_Init)
    WM8978_Input_Cfg                         0x08006b2b   Thumb Code   102  wm8978.o(i.WM8978_Input_Cfg)
    WM8978_LINEIN_Gain                       0x08006b91   Thumb Code    54  wm8978.o(i.WM8978_LINEIN_Gain)
    WM8978_Output_Cfg                        0x08006bc7   Thumb Code    42  wm8978.o(i.WM8978_Output_Cfg)
    WM8978_Read_Reg                          0x08006bf1   Thumb Code    10  wm8978.o(i.WM8978_Read_Reg)
    WM8978_SPKvol_Set                        0x08006c01   Thumb Code    34  wm8978.o(i.WM8978_SPKvol_Set)
    WM8978_Write_Reg                         0x08006c25   Thumb Code    80  wm8978.o(i.WM8978_Write_Reg)
    __0printf$bare                           0x08006c79   Thumb Code     8  printfb.o(i.__0printf$bare)
    __1printf$bare                           0x08006c79   Thumb Code     0  printfb.o(i.__0printf$bare)
    __2printf                                0x08006c79   Thumb Code     0  printfb.o(i.__0printf$bare)
    __scatterload_copy                       0x08006cc7   Thumb Code    14  handlers.o(i.__scatterload_copy)
    __scatterload_null                       0x08006cd5   Thumb Code     2  handlers.o(i.__scatterload_null)
    __scatterload_zeroinit                   0x08006cd7   Thumb Code    14  handlers.o(i.__scatterload_zeroinit)
    ad9851_wr_data                           0x08006d09   Thumb Code    20  ad9851_base.o(i.ad9851_wr_data)
    clear_fpga_data                          0x08006d21   Thumb Code    26  fpga_manager.o(i.clear_fpga_data)
    delay_us                                 0x08006d41   Thumb Code    12  global.o(i.delay_us)
    fpga_data_check_sum1                     0x08006d4d   Thumb Code    24  fpga_manager.o(i.fpga_data_check_sum1)
    fpga_read_buf                            0x08006d69   Thumb Code    46  fpga_manager.o(i.fpga_read_buf)
    fpga_read_data                           0x08006d9d   Thumb Code    38  fpga_manager.o(i.fpga_read_data)
    fputc                                    0x08006dcd   Thumb Code   122  debug.o(i.fputc)
    init_ad9851_data                         0x08006e55   Thumb Code    40  ad9851_base.o(i.init_ad9851_data)
    init_global_data                         0x08006e7d   Thumb Code     8  global.o(i.init_global_data)
    init_hardware_module                     0x08006e89   Thumb Code    26  hardware_manager.o(i.init_hardware_module)
    main                                     0x08006ea9   Thumb Code   112  main.o(i.main)
    osDelay                                  0x08006f31   Thumb Code    30  cmsis_os2.o(i.osDelay)
    osKernelInitialize                       0x08006f51   Thumb Code    38  cmsis_os2.o(i.osKernelInitialize)
    osKernelStart                            0x08006f7d   Thumb Code    82  cmsis_os2.o(i.osKernelStart)
    osThreadNew                              0x08006fdd   Thumb Code   184  cmsis_os2.o(i.osThreadNew)
    play_start_wav                           0x08007095   Thumb Code   286  audioplay.o(i.play_start_wav)
    pvPortMalloc                             0x08007bdd   Thumb Code   306  heap_4.o(i.pvPortMalloc)
    pxPortInitialiseStack                    0x08007d29   Thumb Code    38  port.o(i.pxPortInitialiseStack)
    refresh_handler_status                   0x08007d79   Thumb Code   156  fpga_manager.o(i.refresh_handler_status)
    reset_us_control                         0x08007e19   Thumb Code    22  us_control.o(i.reset_us_control)
    set_fpga_read_port                       0x08007e49   Thumb Code    18  fpga_manager.o(i.set_fpga_read_port)
    set_hand_close_status                    0x08007e61   Thumb Code    32  key.o(i.set_hand_close_status)
    set_handmaxmin_val                       0x08007e85   Thumb Code    24  key.o(i.set_handmaxmin_val)
    short_delay                              0x08007ea1   Thumb Code   140  global.o(i.short_delay)
    test_flash1                              0x08007f2d   Thumb Code    58  test.o(i.test_flash1)
    test_flash2                              0x08007f75   Thumb Code    56  test.o(i.test_flash2)
    test_manager                             0x08007fb9   Thumb Code   278  test.o(i.test_manager)
    uartx_irq                                0x080080e1   Thumb Code   368  uart.o(i.uartx_irq)
    us_reset_ad9851_chip                     0x08008261   Thumb Code    42  ad9851_base.o(i.us_reset_ad9851_chip)
    us_set_electric_relay                    0x08008295   Thumb Code    18  us_control.o(i.us_set_electric_relay)
    us_set_output_enable                     0x080082ad   Thumb Code    18  us_control.o(i.us_set_output_enable)
    us_set_power_supply                      0x080082c5   Thumb Code    18  us_control.o(i.us_set_power_supply)
    us_update_ad9851_freq_data               0x080082dd   Thumb Code    38  ad9851_base.o(i.us_update_ad9851_freq_data)
    uxListRemove                             0x0800830d   Thumb Code    40  list.o(i.uxListRemove)
    vApplicationGetIdleTaskMemory            0x08008335   Thumb Code    14  cmsis_os2.o(i.vApplicationGetIdleTaskMemory)
    vApplicationGetTimerTaskMemory           0x0800834d   Thumb Code    16  cmsis_os2.o(i.vApplicationGetTimerTaskMemory)
    vListInitialise                          0x08008365   Thumb Code    26  list.o(i.vListInitialise)
    vListInitialiseItem                      0x0800837f   Thumb Code     6  list.o(i.vListInitialiseItem)
    vListInsert                              0x08008385   Thumb Code    52  list.o(i.vListInsert)
    vListInsertEnd                           0x080083b9   Thumb Code    24  list.o(i.vListInsertEnd)
    vPortEnterCritical                       0x080083d1   Thumb Code    76  port.o(i.vPortEnterCritical)
    vPortExitCritical                        0x08008425   Thumb Code    56  port.o(i.vPortExitCritical)
    vPortFree                                0x08008461   Thumb Code   150  heap_4.o(i.vPortFree)
    vPortSetupTimerInterrupt                 0x08008505   Thumb Code    36  port.o(i.vPortSetupTimerInterrupt)
    vPortValidateInterruptPriority           0x0800852d   Thumb Code   106  port.o(i.vPortValidateInterruptPriority)
    vQueueAddToRegistry                      0x080085a5   Thumb Code    38  queue.o(i.vQueueAddToRegistry)
    vQueueWaitForMessageRestricted           0x080085d1   Thumb Code    74  queue.o(i.vQueueWaitForMessageRestricted)
    vTaskDelay                               0x0800861d   Thumb Code    82  tasks.o(i.vTaskDelay)
    vTaskInternalSetTimeOutState             0x08008679   Thumb Code    14  tasks.o(i.vTaskInternalSetTimeOutState)
    vTaskMissedYield                         0x08008691   Thumb Code     8  tasks.o(i.vTaskMissedYield)
    vTaskPlaceOnEventList                    0x0800869d   Thumb Code    52  tasks.o(i.vTaskPlaceOnEventList)
    vTaskPlaceOnEventListRestricted          0x080086d5   Thumb Code    60  tasks.o(i.vTaskPlaceOnEventListRestricted)
    vTaskStartScheduler                      0x08008715   Thumb Code   156  tasks.o(i.vTaskStartScheduler)
    vTaskSuspendAll                          0x080087cd   Thumb Code    12  tasks.o(i.vTaskSuspendAll)
    vTaskSwitchContext                       0x080087dd   Thumb Code   122  tasks.o(i.vTaskSwitchContext)
    wav_buffill                              0x0800886d   Thumb Code   346  wavplay.o(i.wav_buffill)
    wav_decode_init                          0x080089d1   Thumb Code   280  wavplay.o(i.wav_decode_init)
    wav_play_manager                         0x08008b05   Thumb Code    32  audioplay.o(i.wav_play_manager)
    wav_play_song                            0x08008b29   Thumb Code   118  wavplay.o(i.wav_play_song)
    wav_sai_dma_tx_callback                  0x08008bb9   Thumb Code   102  wavplay.o(i.wav_sai_dma_tx_callback)
    xPortStartScheduler                      0x08008c39   Thumb Code   330  port.o(i.xPortStartScheduler)
    xPortSysTickHandler                      0x08008da1   Thumb Code    46  port.o(i.xPortSysTickHandler)
    xQueueGenericCreateStatic                0x08008dd5   Thumb Code   224  queue.o(i.xQueueGenericCreateStatic)
    xQueueGenericReset                       0x08008eb5   Thumb Code   146  queue.o(i.xQueueGenericReset)
    xQueueGenericSend                        0x08008f4d   Thumb Code   420  queue.o(i.xQueueGenericSend)
    xQueueGenericSendFromISR                 0x080090f5   Thumb Code   252  queue.o(i.xQueueGenericSendFromISR)
    xQueueReceive                            0x080091f1   Thumb Code   356  queue.o(i.xQueueReceive)
    xTaskCheckForTimeOut                     0x08009359   Thumb Code   132  tasks.o(i.xTaskCheckForTimeOut)
    xTaskCreate                              0x080093e5   Thumb Code   100  tasks.o(i.xTaskCreate)
    xTaskCreateStatic                        0x08009449   Thumb Code   186  tasks.o(i.xTaskCreateStatic)
    xTaskGetSchedulerState                   0x08009505   Thumb Code    24  tasks.o(i.xTaskGetSchedulerState)
    xTaskGetTickCount                        0x08009525   Thumb Code     6  tasks.o(i.xTaskGetTickCount)
    xTaskIncrementTick                       0x08009531   Thumb Code   280  tasks.o(i.xTaskIncrementTick)
    xTaskPriorityDisinherit                  0x08009675   Thumb Code   152  tasks.o(i.xTaskPriorityDisinherit)
    xTaskRemoveFromEventList                 0x08009719   Thumb Code   126  tasks.o(i.xTaskRemoveFromEventList)
    xTaskResumeAll                           0x080097b1   Thumb Code   222  tasks.o(i.xTaskResumeAll)
    xTimerCreateTimerTask                    0x080098b5   Thumb Code   100  timers.o(i.xTimerCreateTimerTask)
    xTimerGenericCommand                     0x0800992d   Thumb Code   128  timers.o(i.xTimerGenericCommand)
    defaultTask_attributes                   0x080099b0   Data          36  main.o(.constdata)
    TaskMain_attributes                      0x080099d4   Data          36  main.o(.constdata)
    AHBPrescTable                            0x08009a00   Data          16  system_stm32f4xx.o(.constdata)
    APBPrescTable                            0x08009a10   Data           8  system_stm32f4xx.o(.constdata)
    SAI_PSC_TBL                              0x08009a18   Data         110  sai.o(.constdata)
    Region$$Table$$Base                      0x08009aa0   Number         0  anon$$obj.o(Region$$Table)
    Region$$Table$$Limit                     0x08009ac0   Number         0  anon$$obj.o(Region$$Table)
    defaultTaskHandle                        0x20000000   Data           4  main.o(.data)
    TaskMainHandle                           0x20000004   Data           4  main.o(.data)
    uwTick                                   0x20000014   Data           4  stm32f4xx_hal.o(.data)
    uwTickPrio                               0x20000018   Data           4  stm32f4xx_hal.o(.data)
    uwTickFreq                               0x2000001c   Data           1  stm32f4xx_hal.o(.data)
    SystemCoreClock                          0x20000020   Data           4  system_stm32f4xx.o(.data)
    pxCurrentTCB                             0x20000024   Data           4  tasks.o(.data)
    W25QXX_TYPE                              0x200000a6   Data           2  w25qxx.o(.data)
    es_9851_data                             0x200000a8   Data           8  ad9851_base.o(.data)
    us_9851_data                             0x200000b0   Data           8  ad9851_base.o(.data)
    sai_tx_callback                          0x2000012c   Data           4  sai.o(.data)
    wavtransferend                           0x20000130   Data           1  wavplay.o(.data)
    wavwitchbuf                              0x20000131   Data           1  wavplay.o(.data)
    sys_ms_count                             0x20000138   Data           4  global.o(.data)
    sys_us_count                             0x2000013c   Data           4  global.o(.data)
    debug_printf_flag                        0x20000140   Data           1  debug.o(.data)
    __stdout                                 0x20000144   Data           4  stdout.o(.data)
    hadc1                                    0x2000014c   Data          72  main.o(.bss)
    hdma_adc1                                0x20000194   Data          96  main.o(.bss)
    hdac                                     0x200001f4   Data          20  main.o(.bss)
    hi2c2                                    0x20000208   Data          84  main.o(.bss)
    hi2c3                                    0x2000025c   Data          84  main.o(.bss)
    hsai_BlockA1                             0x200002b0   Data         136  main.o(.bss)
    hdma_sai1_a                              0x20000338   Data          96  main.o(.bss)
    hspi2                                    0x20000398   Data          88  main.o(.bss)
    hspi3                                    0x200003f0   Data          88  main.o(.bss)
    hspi5                                    0x20000448   Data          88  main.o(.bss)
    hspi6                                    0x200004a0   Data          88  main.o(.bss)
    htim7                                    0x200004f8   Data          72  main.o(.bss)
    htim11                                   0x20000540   Data          72  main.o(.bss)
    huart1                                   0x20000588   Data          68  main.o(.bss)
    huart3                                   0x200005cc   Data          68  main.o(.bss)
    hsram1                                   0x20000610   Data          80  main.o(.bss)
    TaskMainBuffer                           0x20000660   Data        4096  main.o(.bss)
    TaskMainControlBlock                     0x20001660   Data          92  main.o(.bss)
    xQueueRegistry                           0x200016bc   Data          64  queue.o(.bss)
    wave_file_head                           0x20005f90   Data         512  mem_defines.o(.bss)
    wave_play_buf1                           0x20006190   Data        4096  mem_defines.o(.bss)
    wave_play_buf2                           0x20007190   Data        4096  mem_defines.o(.bss)
    fpga_data                                0x200081a4   Data          20  fpga_manager.o(.bss)
    uart1_data                               0x200081b8   Data         264  uart.o(.bss)
    uart3_data                               0x200082c0   Data         264  uart.o(.bss)
    wavctrl                                  0x200083d2   Data          47  wavplay.o(.bss)
    __initial_sp                             0x2000c808   Data           0  startup_stm32f429xx.o(STACK)



==============================================================================

Memory Map of the image

  Image Entry point : 0x080001ad

  Load Region LR_IROM1 (Base: 0x08000000, Size: 0x00009c0c, Max: 0x00200000, ABSOLUTE, COMPRESSED[0x00009b08])

    Execution Region ER_IROM1 (Exec base: 0x08000000, Load base: 0x08000000, Size: 0x00009ac0, Max: 0x00200000, ABSOLUTE)

    Exec Addr    Load Addr    Size         Type   Attr      Idx    E Section Name        Object

    0x08000000   0x08000000   0x000001ac   Data   RO            3    RESET               startup_stm32f429xx.o
    0x080001ac   0x080001ac   0x00000000   Code   RO         8519  * .ARM.Collect$$$$00000000  mc_w.l(entry.o)
    0x080001ac   0x080001ac   0x00000004   Code   RO         8794    .ARM.Collect$$$$00000001  mc_w.l(entry2.o)
    0x080001b0   0x080001b0   0x00000004   Code   RO         8797    .ARM.Collect$$$$00000004  mc_w.l(entry5.o)
    0x080001b4   0x080001b4   0x00000000   Code   RO         8799    .ARM.Collect$$$$00000008  mc_w.l(entry7b.o)
    0x080001b4   0x080001b4   0x00000000   Code   RO         8801    .ARM.Collect$$$$0000000A  mc_w.l(entry8b.o)
    0x080001b4   0x080001b4   0x00000008   Code   RO         8802    .ARM.Collect$$$$0000000B  mc_w.l(entry9a.o)
    0x080001bc   0x080001bc   0x00000000   Code   RO         8804    .ARM.Collect$$$$0000000D  mc_w.l(entry10a.o)
    0x080001bc   0x080001bc   0x00000000   Code   RO         8806    .ARM.Collect$$$$0000000F  mc_w.l(entry11a.o)
    0x080001bc   0x080001bc   0x00000004   Code   RO         8795    .ARM.Collect$$$$00002712  mc_w.l(entry2.o)
    0x080001c0   0x080001c0   0x000000be   Code   RO         6934    .emb_text           port.o
    0x0800027e   0x0800027e   0x00000002   PAD
    0x08000280   0x08000280   0x00000024   Code   RO            4    .text               startup_stm32f429xx.o
    0x080002a4   0x080002a4   0x00000062   Code   RO         8522    .text               mc_w.l(uldiv.o)
    0x08000306   0x08000306   0x00000024   Code   RO         8526    .text               mc_w.l(memcpya.o)
    0x0800032a   0x0800032a   0x00000024   Code   RO         8530    .text               mc_w.l(memseta.o)
    0x0800034e   0x0800034e   0x0000001e   Code   RO         8811    .text               mc_w.l(llshl.o)
    0x0800036c   0x0800036c   0x00000020   Code   RO         8813    .text               mc_w.l(llushr.o)
    0x0800038c   0x0800038c   0x00000024   Code   RO         8826    .text               mc_w.l(init.o)
    0x080003b0   0x080003b0   0x00000056   Code   RO         8840    .text               mc_w.l(__dczerorl2.o)
    0x08000406   0x08000406   0x00000002   PAD
    0x08000408   0x08000408   0x00000160   Code   RO          605    i.ADC_Init          stm32f4xx_hal_adc.o
    0x08000568   0x08000568   0x00000004   Code   RO          339    i.BusFault_Handler  stm32f4xx_it.o
    0x0800056c   0x0800056c   0x00000010   Code   RO          340    i.DMA2_Stream0_IRQHandler  stm32f4xx_it.o
    0x0800057c   0x0800057c   0x00000010   Code   RO          341    i.DMA2_Stream1_IRQHandler  stm32f4xx_it.o
    0x0800058c   0x0800058c   0x000000b8   Code   RO         7911    i.DMA2_Stream3_IRQHandler  sai.o
    0x08000644   0x08000644   0x00000034   Code   RO         1441    i.DMA_CalcBaseAndBitshift  stm32f4xx_hal_dma.o
    0x08000678   0x08000678   0x000000aa   Code   RO         1442    i.DMA_CheckFifoParam  stm32f4xx_hal_dma.o
    0x08000722   0x08000722   0x00000020   Code   RO         1400    i.DMA_MultiBufferSetConfig  stm32f4xx_hal_dma_ex.o
    0x08000742   0x08000742   0x00000002   Code   RO          342    i.DebugMon_Handler  stm32f4xx_it.o
    0x08000744   0x08000744   0x00000006   Code   RO           13    i.Error_Handler     main.o
    0x0800074a   0x0800074a   0x00000002   PAD
    0x0800074c   0x0800074c   0x00000044   Code   RO         2397    i.FMC_NORSRAM_Extended_Timing_Init  stm32f4xx_ll_fmc.o
    0x08000790   0x08000790   0x00000098   Code   RO         2398    i.FMC_NORSRAM_Init  stm32f4xx_ll_fmc.o
    0x08000828   0x08000828   0x00000066   Code   RO         2399    i.FMC_NORSRAM_Timing_Init  stm32f4xx_ll_fmc.o
    0x0800088e   0x0800088e   0x00000002   PAD
    0x08000890   0x08000890   0x00000018   Code   RO         7472    i.FPGA_Read         fpga_manager.o
    0x080008a8   0x080008a8   0x00000230   Code   RO          775    i.HAL_ADCEx_InjectedConfigChannel  stm32f4xx_hal_adc_ex.o
    0x08000ad8   0x08000ad8   0x000001a4   Code   RO          607    i.HAL_ADC_ConfigChannel  stm32f4xx_hal_adc.o
    0x08000c7c   0x08000c7c   0x00000068   Code   RO          616    i.HAL_ADC_Init      stm32f4xx_hal_adc.o
    0x08000ce4   0x08000ce4   0x000000f8   Code   RO          470    i.HAL_ADC_MspInit   stm32f4xx_hal_msp.o
    0x08000ddc   0x08000ddc   0x00000002   Code   RO         2298    i.HAL_DACEx_DMAUnderrunCallbackCh2  stm32f4xx_hal_dac_ex.o
    0x08000dde   0x08000dde   0x00000062   Code   RO         2152    i.HAL_DAC_ConfigChannel  stm32f4xx_hal_dac.o
    0x08000e40   0x08000e40   0x00000002   Code   RO         2155    i.HAL_DAC_DMAUnderrunCallbackCh1  stm32f4xx_hal_dac.o
    0x08000e42   0x08000e42   0x0000008a   Code   RO         2161    i.HAL_DAC_IRQHandler  stm32f4xx_hal_dac.o
    0x08000ecc   0x08000ecc   0x00000028   Code   RO         2162    i.HAL_DAC_Init      stm32f4xx_hal_dac.o
    0x08000ef4   0x08000ef4   0x00000090   Code   RO          472    i.HAL_DAC_MspInit   stm32f4xx_hal_msp.o
    0x08000f84   0x08000f84   0x0000002c   Code   RO         2165    i.HAL_DAC_SetValue  stm32f4xx_hal_dac.o
    0x08000fb0   0x08000fb0   0x00000078   Code   RO         2166    i.HAL_DAC_Start     stm32f4xx_hal_dac.o
    0x08001028   0x08001028   0x0000007c   Code   RO         1402    i.HAL_DMAEx_MultiBufferStart  stm32f4xx_hal_dma_ex.o
    0x080010a4   0x080010a4   0x000000ac   Code   RO         1444    i.HAL_DMA_Abort     stm32f4xx_hal_dma.o
    0x08001150   0x08001150   0x00000028   Code   RO         1445    i.HAL_DMA_Abort_IT  stm32f4xx_hal_dma.o
    0x08001178   0x08001178   0x00000070   Code   RO         1446    i.HAL_DMA_DeInit    stm32f4xx_hal_dma.o
    0x080011e8   0x080011e8   0x00000008   Code   RO         1448    i.HAL_DMA_GetState  stm32f4xx_hal_dma.o
    0x080011f0   0x080011f0   0x00000240   Code   RO         1449    i.HAL_DMA_IRQHandler  stm32f4xx_hal_dma.o
    0x08001430   0x08001430   0x000000ec   Code   RO         1450    i.HAL_DMA_Init      stm32f4xx_hal_dma.o
    0x0800151c   0x0800151c   0x000000f0   Code   RO          474    i.HAL_FMC_MspInit   stm32f4xx_hal_msp.o
    0x0800160c   0x0800160c   0x00000210   Code   RO         1337    i.HAL_GPIO_Init     stm32f4xx_hal_gpio.o
    0x0800181c   0x0800181c   0x0000000c   Code   RO         1341    i.HAL_GPIO_WritePin  stm32f4xx_hal_gpio.o
    0x08001828   0x08001828   0x0000000c   Code   RO         1894    i.HAL_GetTick       stm32f4xx_hal.o
    0x08001834   0x08001834   0x0000004c   Code   RO         3176    i.HAL_I2CEx_ConfigAnalogFilter  stm32f4xx_hal_i2c_ex.o
    0x08001880   0x08001880   0x00000050   Code   RO         3177    i.HAL_I2CEx_ConfigDigitalFilter  stm32f4xx_hal_i2c_ex.o
    0x080018d0   0x080018d0   0x00000002   Code   RO         2704    i.HAL_I2C_AbortCpltCallback  stm32f4xx_hal_i2c.o
    0x080018d2   0x080018d2   0x00000002   Code   RO         2705    i.HAL_I2C_AddrCallback  stm32f4xx_hal_i2c.o
    0x080018d4   0x080018d4   0x000000d4   Code   RO         2708    i.HAL_I2C_ER_IRQHandler  stm32f4xx_hal_i2c.o
    0x080019a8   0x080019a8   0x000001da   Code   RO         2709    i.HAL_I2C_EV_IRQHandler  stm32f4xx_hal_i2c.o
    0x08001b82   0x08001b82   0x00000002   Code   RO         2711    i.HAL_I2C_ErrorCallback  stm32f4xx_hal_i2c.o
    0x08001b84   0x08001b84   0x000001d0   Code   RO         2715    i.HAL_I2C_Init      stm32f4xx_hal_i2c.o
    0x08001d54   0x08001d54   0x00000002   Code   RO         2717    i.HAL_I2C_ListenCpltCallback  stm32f4xx_hal_i2c.o
    0x08001d56   0x08001d56   0x00000002   Code   RO         2718    i.HAL_I2C_MasterRxCpltCallback  stm32f4xx_hal_i2c.o
    0x08001d58   0x08001d58   0x00000002   Code   RO         2719    i.HAL_I2C_MasterTxCpltCallback  stm32f4xx_hal_i2c.o
    0x08001d5a   0x08001d5a   0x00000002   Code   RO         2731    i.HAL_I2C_MemRxCpltCallback  stm32f4xx_hal_i2c.o
    0x08001d5c   0x08001d5c   0x00000002   Code   RO         2732    i.HAL_I2C_MemTxCpltCallback  stm32f4xx_hal_i2c.o
    0x08001d5e   0x08001d5e   0x00000002   PAD
    0x08001d60   0x08001d60   0x00000178   Code   RO          476    i.HAL_I2C_MspInit   stm32f4xx_hal_msp.o
    0x08001ed8   0x08001ed8   0x00000002   Code   RO         2741    i.HAL_I2C_SlaveRxCpltCallback  stm32f4xx_hal_i2c.o
    0x08001eda   0x08001eda   0x00000002   Code   RO         2742    i.HAL_I2C_SlaveTxCpltCallback  stm32f4xx_hal_i2c.o
    0x08001edc   0x08001edc   0x00000018   Code   RO         1900    i.HAL_IncTick       stm32f4xx_hal.o
    0x08001ef4   0x08001ef4   0x0000003c   Code   RO         1901    i.HAL_Init          stm32f4xx_hal.o
    0x08001f30   0x08001f30   0x0000004c   Code   RO         1902    i.HAL_InitTick      stm32f4xx_hal.o
    0x08001f7c   0x08001f7c   0x00000054   Code   RO          477    i.HAL_MspInit       stm32f4xx_hal_msp.o
    0x08001fd0   0x08001fd0   0x00000020   Code   RO         1744    i.HAL_NVIC_EnableIRQ  stm32f4xx_hal_cortex.o
    0x08001ff0   0x08001ff0   0x0000007c   Code   RO         1750    i.HAL_NVIC_SetPriority  stm32f4xx_hal_cortex.o
    0x0800206c   0x0800206c   0x00000028   Code   RO         1751    i.HAL_NVIC_SetPriorityGrouping  stm32f4xx_hal_cortex.o
    0x08002094   0x08002094   0x0000008c   Code   RO         1673    i.HAL_PWREx_EnableOverDrive  stm32f4xx_hal_pwr_ex.o
    0x08002120   0x08002120   0x00000304   Code   RO          988    i.HAL_RCCEx_PeriphCLKConfig  stm32f4xx_hal_rcc_ex.o
    0x08002424   0x08002424   0x00000184   Code   RO          881    i.HAL_RCC_ClockConfig  stm32f4xx_hal_rcc.o
    0x080025a8   0x080025a8   0x0000000c   Code   RO          886    i.HAL_RCC_GetHCLKFreq  stm32f4xx_hal_rcc.o
    0x080025b4   0x080025b4   0x00000020   Code   RO          888    i.HAL_RCC_GetPCLK1Freq  stm32f4xx_hal_rcc.o
    0x080025d4   0x080025d4   0x00000020   Code   RO          889    i.HAL_RCC_GetPCLK2Freq  stm32f4xx_hal_rcc.o
    0x080025f4   0x080025f4   0x000000b0   Code   RO          890    i.HAL_RCC_GetSysClockFreq  stm32f4xx_hal_rcc.o
    0x080026a4   0x080026a4   0x0000049c   Code   RO          893    i.HAL_RCC_OscConfig  stm32f4xx_hal_rcc.o
    0x08002b40   0x08002b40   0x000001ac   Code   RO         3219    i.HAL_SAI_Init      stm32f4xx_hal_sai.o
    0x08002cec   0x08002cec   0x000000e4   Code   RO          479    i.HAL_SAI_MspInit   stm32f4xx_hal_msp.o
    0x08002dd0   0x08002dd0   0x000000c8   Code   RO         3512    i.HAL_SPI_Init      stm32f4xx_hal_spi.o
    0x08002e98   0x08002e98   0x000001ec   Code   RO          481    i.HAL_SPI_MspInit   stm32f4xx_hal_msp.o
    0x08003084   0x08003084   0x00000170   Code   RO         3515    i.HAL_SPI_Receive   stm32f4xx_hal_spi.o
    0x080031f4   0x080031f4   0x000001ae   Code   RO         3520    i.HAL_SPI_Transmit  stm32f4xx_hal_spi.o
    0x080033a2   0x080033a2   0x0000022a   Code   RO         3521    i.HAL_SPI_TransmitReceive  stm32f4xx_hal_spi.o
    0x080035cc   0x080035cc   0x0000005e   Code   RO         2573    i.HAL_SRAM_Init     stm32f4xx_hal_sram.o
    0x0800362a   0x0800362a   0x0000000a   Code   RO          483    i.HAL_SRAM_MspInit  stm32f4xx_hal_msp.o
    0x08003634   0x08003634   0x00000034   Code   RO         1755    i.HAL_SYSTICK_Config  stm32f4xx_hal_cortex.o
    0x08003668   0x08003668   0x00000002   Code   RO         4540    i.HAL_TIMEx_BreakCallback  stm32f4xx_hal_tim_ex.o
    0x0800366a   0x0800366a   0x00000002   Code   RO         4541    i.HAL_TIMEx_CommutCallback  stm32f4xx_hal_tim_ex.o
    0x0800366c   0x0800366c   0x000000b4   Code   RO         4559    i.HAL_TIMEx_MasterConfigSynchronization  stm32f4xx_hal_tim_ex.o
    0x08003720   0x08003720   0x00000066   Code   RO         3825    i.HAL_TIM_Base_Init  stm32f4xx_hal_tim.o
    0x08003786   0x08003786   0x00000002   PAD
    0x08003788   0x08003788   0x00000088   Code   RO          485    i.HAL_TIM_Base_MspInit  stm32f4xx_hal_msp.o
    0x08003810   0x08003810   0x000000a8   Code   RO         3830    i.HAL_TIM_Base_Start_IT  stm32f4xx_hal_tim.o
    0x080038b8   0x080038b8   0x00000002   Code   RO         3859    i.HAL_TIM_IC_CaptureCallback  stm32f4xx_hal_tim.o
    0x080038ba   0x080038ba   0x00000196   Code   RO         3873    i.HAL_TIM_IRQHandler  stm32f4xx_hal_tim.o
    0x08003a50   0x08003a50   0x00000002   Code   RO         3876    i.HAL_TIM_OC_DelayElapsedCallback  stm32f4xx_hal_tim.o
    0x08003a52   0x08003a52   0x00000002   Code   RO         3903    i.HAL_TIM_PWM_PulseFinishedCallback  stm32f4xx_hal_tim.o
    0x08003a54   0x08003a54   0x00000002   Code   RO         3911    i.HAL_TIM_PeriodElapsedCallback  stm32f4xx_hal_tim.o
    0x08003a56   0x08003a56   0x00000002   Code   RO         3916    i.HAL_TIM_TriggerCallback  stm32f4xx_hal_tim.o
    0x08003a58   0x08003a58   0x00000002   Code   RO         4818    i.HAL_UARTEx_RxEventCallback  stm32f4xx_hal_uart.o
    0x08003a5a   0x08003a5a   0x00000002   Code   RO         4832    i.HAL_UART_ErrorCallback  stm32f4xx_hal_uart.o
    0x08003a5c   0x08003a5c   0x000002e0   Code   RO         4835    i.HAL_UART_IRQHandler  stm32f4xx_hal_uart.o
    0x08003d3c   0x08003d3c   0x00000072   Code   RO         4836    i.HAL_UART_Init     stm32f4xx_hal_uart.o
    0x08003dae   0x08003dae   0x00000002   PAD
    0x08003db0   0x08003db0   0x00000120   Code   RO          487    i.HAL_UART_MspInit  stm32f4xx_hal_msp.o
    0x08003ed0   0x08003ed0   0x00000002   Code   RO         4842    i.HAL_UART_RxCpltCallback  stm32f4xx_hal_uart.o
    0x08003ed2   0x08003ed2   0x00000002   Code   RO         4847    i.HAL_UART_TxCpltCallback  stm32f4xx_hal_uart.o
    0x08003ed4   0x08003ed4   0x00000004   Code   RO          343    i.HardFault_Handler  stm32f4xx_it.o
    0x08003ed8   0x08003ed8   0x00000010   Code   RO          344    i.I2C2_ER_IRQHandler  stm32f4xx_it.o
    0x08003ee8   0x08003ee8   0x00000010   Code   RO          345    i.I2C2_EV_IRQHandler  stm32f4xx_it.o
    0x08003ef8   0x08003ef8   0x00000010   Code   RO          346    i.I2C3_ER_IRQHandler  stm32f4xx_it.o
    0x08003f08   0x08003f08   0x00000010   Code   RO          347    i.I2C3_EV_IRQHandler  stm32f4xx_it.o
    0x08003f18   0x08003f18   0x0000001c   Code   RO         2753    i.I2C_ConvertOtherXferOptions  stm32f4xx_hal_i2c.o
    0x08003f34   0x08003f34   0x000000f8   Code   RO         2754    i.I2C_DMAAbort      stm32f4xx_hal_i2c.o
    0x0800402c   0x0800402c   0x000001ac   Code   RO         2757    i.I2C_ITError       stm32f4xx_hal_i2c.o
    0x080041d8   0x080041d8   0x00000126   Code   RO         2759    i.I2C_MasterReceive_BTF  stm32f4xx_hal_i2c.o
    0x080042fe   0x080042fe   0x000000f0   Code   RO         2760    i.I2C_MasterReceive_RXNE  stm32f4xx_hal_i2c.o
    0x080043ee   0x080043ee   0x000000a0   Code   RO         2763    i.I2C_MasterTransmit_BTF  stm32f4xx_hal_i2c.o
    0x0800448e   0x0800448e   0x000000d8   Code   RO         2764    i.I2C_MasterTransmit_TXE  stm32f4xx_hal_i2c.o
    0x08004566   0x08004566   0x0000002a   Code   RO         2765    i.I2C_Master_ADD10  stm32f4xx_hal_i2c.o
    0x08004590   0x08004590   0x00000268   Code   RO         2766    i.I2C_Master_ADDR   stm32f4xx_hal_i2c.o
    0x080047f8   0x080047f8   0x0000009e   Code   RO         2767    i.I2C_Master_SB     stm32f4xx_hal_i2c.o
    0x08004896   0x08004896   0x000000be   Code   RO         2768    i.I2C_MemoryTransmit_TXE_BTF  stm32f4xx_hal_i2c.o
    0x08004954   0x08004954   0x0000001a   Code   RO         2771    i.I2C_SlaveReceive_BTF  stm32f4xx_hal_i2c.o
    0x0800496e   0x0800496e   0x00000046   Code   RO         2772    i.I2C_SlaveReceive_RXNE  stm32f4xx_hal_i2c.o
    0x080049b4   0x080049b4   0x0000001a   Code   RO         2773    i.I2C_SlaveTransmit_BTF  stm32f4xx_hal_i2c.o
    0x080049ce   0x080049ce   0x00000046   Code   RO         2774    i.I2C_SlaveTransmit_TXE  stm32f4xx_hal_i2c.o
    0x08004a14   0x08004a14   0x00000070   Code   RO         2775    i.I2C_Slave_ADDR    stm32f4xx_hal_i2c.o
    0x08004a84   0x08004a84   0x000000a0   Code   RO         2776    i.I2C_Slave_AF      stm32f4xx_hal_i2c.o
    0x08004b24   0x08004b24   0x0000018c   Code   RO         2777    i.I2C_Slave_STOPF   stm32f4xx_hal_i2c.o
    0x08004cb0   0x08004cb0   0x00000050   Code   RO         2783    i.I2C_WaitOnSTOPRequestThroughIT  stm32f4xx_hal_i2c.o
    0x08004d00   0x08004d00   0x00000094   Code   RO         7702    i.IIC3_Init         i2c.o
    0x08004d94   0x08004d94   0x00000068   Code   RO         7705    i.IIC3_Send_Byte    i2c.o
    0x08004dfc   0x08004dfc   0x0000004c   Code   RO         7706    i.IIC3_Start        i2c.o
    0x08004e48   0x08004e48   0x0000004c   Code   RO         7707    i.IIC3_Stop         i2c.o
    0x08004e94   0x08004e94   0x00000060   Code   RO         7708    i.IIC3_Wait_Ack     i2c.o
    0x08004ef4   0x08004ef4   0x000000c8   Code   RO           14    i.MX_ADC1_Init      main.o
    0x08004fbc   0x08004fbc   0x0000004c   Code   RO           15    i.MX_DAC_Init       main.o
    0x08005008   0x08005008   0x00000048   Code   RO           16    i.MX_DMA_Init       main.o
    0x08005050   0x08005050   0x000000a4   Code   RO           17    i.MX_FMC_Init       main.o
    0x080050f4   0x080050f4   0x0000048c   Code   RO           18    i.MX_GPIO_Init      main.o
    0x08005580   0x08005580   0x00000058   Code   RO           19    i.MX_I2C2_Init      main.o
    0x080055d8   0x080055d8   0x00000058   Code   RO           20    i.MX_I2C3_Init      main.o
    0x08005630   0x08005630   0x0000007c   Code   RO           21    i.MX_SAI1_Init      main.o
    0x080056ac   0x080056ac   0x00000048   Code   RO           22    i.MX_SPI2_Init      main.o
    0x080056f4   0x080056f4   0x00000048   Code   RO           23    i.MX_SPI3_Init      main.o
    0x0800573c   0x0800573c   0x00000044   Code   RO           24    i.MX_SPI5_Init      main.o
    0x08005780   0x08005780   0x00000044   Code   RO           25    i.MX_SPI6_Init      main.o
    0x080057c4   0x080057c4   0x00000034   Code   RO           26    i.MX_TIM11_Init     main.o
    0x080057f8   0x080057f8   0x0000004c   Code   RO           27    i.MX_TIM7_Init      main.o
    0x08005844   0x08005844   0x00000038   Code   RO           28    i.MX_USART1_UART_Init  main.o
    0x0800587c   0x0800587c   0x00000038   Code   RO           29    i.MX_USART3_UART_Init  main.o
    0x080058b4   0x080058b4   0x00000004   Code   RO          348    i.MemManage_Handler  stm32f4xx_it.o
    0x080058b8   0x080058b8   0x00000004   Code   RO          349    i.NMI_Handler       stm32f4xx_it.o
    0x080058bc   0x080058bc   0x00000014   Code   RO         7912    i.SAIA_DMA_Enable   sai.o
    0x080058d0   0x080058d0   0x000000bc   Code   RO         7914    i.SAIA_SampleRate_Set  sai.o
    0x0800598c   0x0800598c   0x00000154   Code   RO         7915    i.SAIA_TX_DMA_Init  sai.o
    0x08005ae0   0x08005ae0   0x0000002c   Code   RO         3471    i.SAI_BlockSynchroConfig  stm32f4xx_hal_sai_ex.o
    0x08005b0c   0x08005b0c   0x00000054   Code   RO         3239    i.SAI_Disable       stm32f4xx_hal_sai.o
    0x08005b60   0x08005b60   0x000000e8   Code   RO         3472    i.SAI_GetInputClock  stm32f4xx_hal_sai_ex.o
    0x08005c48   0x08005c48   0x00000018   Code   RO         7916    i.SAI_Play_Start    sai.o
    0x08005c60   0x08005c60   0x00000018   Code   RO         7917    i.SAI_Play_Stop     sai.o
    0x08005c78   0x08005c78   0x00000094   Code   RO         3549    i.SPI_EndRxTransaction  stm32f4xx_hal_spi.o
    0x08005d0c   0x08005d0c   0x0000006c   Code   RO         3550    i.SPI_EndRxTxTransaction  stm32f4xx_hal_spi.o
    0x08005d78   0x08005d78   0x000000d8   Code   RO         3555    i.SPI_WaitFlagStateUntilTimeout  stm32f4xx_hal_spi.o
    0x08005e50   0x08005e50   0x0000000a   Code   RO           30    i.StartDefaultTask  main.o
    0x08005e5a   0x08005e5a   0x0000001a   Code   RO         8408    i.StartTaskMain     taskmain.o
    0x08005e74   0x08005e74   0x0000003c   Code   RO         7123    i.Start_US_work     us_control.o
    0x08005eb0   0x08005eb0   0x00000014   Code   RO          350    i.SysTick_Handler   stm32f4xx_it.o
    0x08005ec4   0x08005ec4   0x000000d4   Code   RO           32    i.SystemClock_Config  main.o
    0x08005f98   0x08005f98   0x00000014   Code   RO         5175    i.SystemInit        system_stm32f4xx.o
    0x08005fac   0x08005fac   0x0000001c   Code   RO          351    i.TIM1_TRG_COM_TIM11_IRQHandler  stm32f4xx_it.o
    0x08005fc8   0x08005fc8   0x00000010   Code   RO          352    i.TIM6_DAC_IRQHandler  stm32f4xx_it.o
    0x08005fd8   0x08005fd8   0x0000001c   Code   RO          353    i.TIM7_IRQHandler   stm32f4xx_it.o
    0x08005ff4   0x08005ff4   0x000000d8   Code   RO         3918    i.TIM_Base_SetConfig  stm32f4xx_hal_tim.o
    0x080060cc   0x080060cc   0x00000014   Code   RO         4849    i.UART_DMAAbortOnError  stm32f4xx_hal_uart.o
    0x080060e0   0x080060e0   0x0000006c   Code   RO         4859    i.UART_EndRxTransfer  stm32f4xx_hal_uart.o
    0x0800614c   0x0800614c   0x00000020   Code   RO         4860    i.UART_EndTransmit_IT  stm32f4xx_hal_uart.o
    0x0800616c   0x0800616c   0x000000f8   Code   RO         4862    i.UART_Receive_IT   stm32f4xx_hal_uart.o
    0x08006264   0x08006264   0x0000022c   Code   RO         4863    i.UART_SetConfig    stm32f4xx_hal_uart.o
    0x08006490   0x08006490   0x00000060   Code   RO         4866    i.UART_Transmit_IT  stm32f4xx_hal_uart.o
    0x080064f0   0x080064f0   0x00000014   Code   RO          354    i.USART1_IRQHandler  stm32f4xx_it.o
    0x08006504   0x08006504   0x00000014   Code   RO          355    i.USART3_IRQHandler  stm32f4xx_it.o
    0x08006518   0x08006518   0x00000040   Code   RO         7126    i.US_Set_Pwr        us_control.o
    0x08006558   0x08006558   0x00000004   Code   RO          356    i.UsageFault_Handler  stm32f4xx_it.o
    0x0800655c   0x0800655c   0x0000004c   Code   RO         7206    i.W25QXX1_Init      w25qxx.o
    0x080065a8   0x080065a8   0x00000060   Code   RO         7208    i.W25QXX1_Read      w25qxx.o
    0x08006608   0x08006608   0x00000048   Code   RO         7209    i.W25QXX1_ReadID    w25qxx.o
    0x08006650   0x08006650   0x00000050   Code   RO         7210    i.W25QXX1_ReadSR    w25qxx.o
    0x080066a0   0x080066a0   0x00000014   Code   RO         7212    i.W25QXX1_Wait_Busy  w25qxx.o
    0x080066b4   0x080066b4   0x00000020   Code   RO         7215    i.W25QXX1_Write_Enable  w25qxx.o
    0x080066d4   0x080066d4   0x00000046   Code   RO         7216    i.W25QXX1_Write_NoCheck  w25qxx.o
    0x0800671a   0x0800671a   0x00000002   PAD
    0x0800671c   0x0800671c   0x00000068   Code   RO         7217    i.W25QXX1_Write_Page  w25qxx.o
    0x08006784   0x08006784   0x0000004c   Code   RO         7221    i.W25QXX2_Init      w25qxx.o
    0x080067d0   0x080067d0   0x00000060   Code   RO         7223    i.W25QXX2_Read      w25qxx.o
    0x08006830   0x08006830   0x00000048   Code   RO         7224    i.W25QXX2_ReadID    w25qxx.o
    0x08006878   0x08006878   0x00000050   Code   RO         7225    i.W25QXX2_ReadSR    w25qxx.o
    0x080068c8   0x080068c8   0x00000014   Code   RO         7227    i.W25QXX2_Wait_Busy  w25qxx.o
    0x080068dc   0x080068dc   0x00000020   Code   RO         7230    i.W25QXX2_Write_Enable  w25qxx.o
    0x080068fc   0x080068fc   0x00000046   Code   RO         7231    i.W25QXX2_Write_NoCheck  w25qxx.o
    0x08006942   0x08006942   0x00000002   PAD
    0x08006944   0x08006944   0x00000068   Code   RO         7232    i.W25QXX2_Write_Page  w25qxx.o
    0x080069ac   0x080069ac   0x00000040   Code   RO         7774    i.WM8978_ADDA_Cfg   wm8978.o
    0x080069ec   0x080069ec   0x00000036   Code   RO         7775    i.WM8978_AUX_Gain   wm8978.o
    0x08006a22   0x08006a22   0x0000002e   Code   RO         7782    i.WM8978_HPvol_Set  wm8978.o
    0x08006a50   0x08006a50   0x0000001c   Code   RO         7783    i.WM8978_I2S_Cfg    wm8978.o
    0x08006a6c   0x08006a6c   0x000000be   Code   RO         7784    i.WM8978_Init       wm8978.o
    0x08006b2a   0x08006b2a   0x00000066   Code   RO         7785    i.WM8978_Input_Cfg  wm8978.o
    0x08006b90   0x08006b90   0x00000036   Code   RO         7786    i.WM8978_LINEIN_Gain  wm8978.o
    0x08006bc6   0x08006bc6   0x0000002a   Code   RO         7788    i.WM8978_Output_Cfg  wm8978.o
    0x08006bf0   0x08006bf0   0x00000010   Code   RO         7789    i.WM8978_Read_Reg   wm8978.o
    0x08006c00   0x08006c00   0x00000022   Code   RO         7790    i.WM8978_SPKvol_Set  wm8978.o
    0x08006c22   0x08006c22   0x00000002   PAD
    0x08006c24   0x08006c24   0x00000054   Code   RO         7791    i.WM8978_Write_Reg  wm8978.o
    0x08006c78   0x08006c78   0x00000010   Code   RO         8535    i.__0printf$bare    mc_w.l(printfb.o)
    0x08006c88   0x08006c88   0x00000010   Code   RO         1757    i.__NVIC_GetPriorityGrouping  stm32f4xx_hal_cortex.o
    0x08006c98   0x08006c98   0x00000028   Code   RO         1758    i.__NVIC_SetPriority  stm32f4xx_hal_cortex.o
    0x08006cc0   0x08006cc0   0x00000006   Code   RO         6356    i.__get_IPSR        cmsis_os2.o
    0x08006cc6   0x08006cc6   0x0000000e   Code   RO         8834    i.__scatterload_copy  mc_w.l(handlers.o)
    0x08006cd4   0x08006cd4   0x00000002   Code   RO         8835    i.__scatterload_null  mc_w.l(handlers.o)
    0x08006cd6   0x08006cd6   0x0000000e   Code   RO         8836    i.__scatterload_zeroinit  mc_w.l(handlers.o)
    0x08006ce4   0x08006ce4   0x00000022   Code   RO         8542    i._printf_core      mc_w.l(printfb.o)
    0x08006d06   0x08006d06   0x00000002   PAD
    0x08006d08   0x08006d08   0x00000018   Code   RO         7558    i.ad9851_wr_data    ad9851_base.o
    0x08006d20   0x08006d20   0x00000020   Code   RO         7473    i.clear_fpga_data   fpga_manager.o
    0x08006d40   0x08006d40   0x0000000c   Code   RO         8317    i.delay_us          global.o
    0x08006d4c   0x08006d4c   0x0000001c   Code   RO         7474    i.fpga_data_check_sum1  fpga_manager.o
    0x08006d68   0x08006d68   0x00000034   Code   RO         7476    i.fpga_read_buf     fpga_manager.o
    0x08006d9c   0x08006d9c   0x00000030   Code   RO         7477    i.fpga_read_data    fpga_manager.o
    0x08006dcc   0x08006dcc   0x00000088   Code   RO         8376    i.fputc             debug.o
    0x08006e54   0x08006e54   0x00000028   Code   RO         7561    i.init_ad9851_data  ad9851_base.o
    0x08006e7c   0x08006e7c   0x0000000c   Code   RO         8320    i.init_global_data  global.o
    0x08006e88   0x08006e88   0x00000020   Code   RO         7980    i.init_hardware_module  hardware_manager.o
    0x08006ea8   0x08006ea8   0x00000088   Code   RO           33    i.main              main.o
    0x08006f30   0x08006f30   0x0000001e   Code   RO         6357    i.osDelay           cmsis_os2.o
    0x08006f4e   0x08006f4e   0x00000002   PAD
    0x08006f50   0x08006f50   0x0000002c   Code   RO         6371    i.osKernelInitialize  cmsis_os2.o
    0x08006f7c   0x08006f7c   0x00000060   Code   RO         6374    i.osKernelStart     cmsis_os2.o
    0x08006fdc   0x08006fdc   0x000000b8   Code   RO         6416    i.osThreadNew       cmsis_os2.o
    0x08007094   0x08007094   0x00000124   Code   RO         8240    i.play_start_wav    audioplay.o
    0x080071b8   0x080071b8   0x0000007c   Code   RO         5792    i.prvAddCurrentTaskToDelayedList  tasks.o
    0x08007234   0x08007234   0x000000b8   Code   RO         5793    i.prvAddNewTaskToReadyList  tasks.o
    0x080072ec   0x080072ec   0x00000074   Code   RO         6168    i.prvCheckForValidListAndQueue  timers.o
    0x08007360   0x08007360   0x00000048   Code   RO         5794    i.prvCheckTasksWaitingTermination  tasks.o
    0x080073a8   0x080073a8   0x0000002a   Code   RO         5379    i.prvCopyDataFromQueue  queue.o
    0x080073d2   0x080073d2   0x0000007e   Code   RO         5380    i.prvCopyDataToQueue  queue.o
    0x08007450   0x08007450   0x00000050   Code   RO         5795    i.prvDeleteTCB      tasks.o
    0x080074a0   0x080074a0   0x00000028   Code   RO         6169    i.prvGetNextExpireTime  timers.o
    0x080074c8   0x080074c8   0x0000007c   Code   RO         6879    i.prvHeapInit       heap_4.o
    0x08007544   0x08007544   0x00000028   Code   RO         5796    i.prvIdleTask       tasks.o
    0x0800756c   0x0800756c   0x0000002a   Code   RO         5383    i.prvInitialiseNewQueue  queue.o
    0x08007596   0x08007596   0x000000be   Code   RO         5797    i.prvInitialiseNewTask  tasks.o
    0x08007654   0x08007654   0x00000068   Code   RO         5798    i.prvInitialiseTaskLists  tasks.o
    0x080076bc   0x080076bc   0x00000068   Code   RO         6880    i.prvInsertBlockIntoFreeList  heap_4.o
    0x08007724   0x08007724   0x00000058   Code   RO         6171    i.prvInsertTimerInActiveList  timers.o
    0x0800777c   0x0800777c   0x0000001a   Code   RO         5384    i.prvIsQueueEmpty   queue.o
    0x08007796   0x08007796   0x0000001e   Code   RO         5385    i.prvIsQueueFull    queue.o
    0x080077b4   0x080077b4   0x00000074   Code   RO         6172    i.prvProcessExpiredTimer  timers.o
    0x08007828   0x08007828   0x00000164   Code   RO         6173    i.prvProcessReceivedCommands  timers.o
    0x0800798c   0x0800798c   0x00000074   Code   RO         6174    i.prvProcessTimerOrBlockTask  timers.o
    0x08007a00   0x08007a00   0x00000034   Code   RO         5800    i.prvResetNextTaskUnblockTime  tasks.o
    0x08007a34   0x08007a34   0x0000002c   Code   RO         6175    i.prvSampleTimeNow  timers.o
    0x08007a60   0x08007a60   0x000000a4   Code   RO         6176    i.prvSwitchTimerLists  timers.o
    0x08007b04   0x08007b04   0x00000040   Code   RO         6935    i.prvTaskExitError  port.o
    0x08007b44   0x08007b44   0x0000001a   Code   RO         6177    i.prvTimerTask      timers.o
    0x08007b5e   0x08007b5e   0x0000007e   Code   RO         5386    i.prvUnlockQueue    queue.o
    0x08007bdc   0x08007bdc   0x0000014c   Code   RO         6881    i.pvPortMalloc      heap_4.o
    0x08007d28   0x08007d28   0x0000002c   Code   RO         6936    i.pxPortInitialiseStack  port.o
    0x08007d54   0x08007d54   0x00000024   Code   RO         7234    i.read_byte_from_flash  w25qxx.o
    0x08007d78   0x08007d78   0x000000a0   Code   RO         7479    i.refresh_handler_status  fpga_manager.o
    0x08007e18   0x08007e18   0x00000016   Code   RO         7127    i.reset_us_control  us_control.o
    0x08007e2e   0x08007e2e   0x00000002   PAD
    0x08007e30   0x08007e30   0x00000018   Code   RO         7235    i.send_byte_to_flash  w25qxx.o
    0x08007e48   0x08007e48   0x00000018   Code   RO         7480    i.set_fpga_read_port  fpga_manager.o
    0x08007e60   0x08007e60   0x00000024   Code   RO         8022    i.set_hand_close_status  key.o
    0x08007e84   0x08007e84   0x0000001c   Code   RO         8023    i.set_handmaxmin_val  key.o
    0x08007ea0   0x08007ea0   0x0000008c   Code   RO         8321    i.short_delay       global.o
    0x08007f2c   0x08007f2c   0x00000048   Code   RO         8454    i.test_flash1       test.o
    0x08007f74   0x08007f74   0x00000044   Code   RO         8455    i.test_flash2       test.o
    0x08007fb8   0x08007fb8   0x00000128   Code   RO         8456    i.test_manager      test.o
    0x080080e0   0x080080e0   0x00000180   Code   RO         7641    i.uartx_irq         uart.o
    0x08008260   0x08008260   0x00000034   Code   RO         7562    i.us_reset_ad9851_chip  ad9851_base.o
    0x08008294   0x08008294   0x00000018   Code   RO         7128    i.us_set_electric_relay  us_control.o
    0x080082ac   0x080082ac   0x00000018   Code   RO         7129    i.us_set_output_enable  us_control.o
    0x080082c4   0x080082c4   0x00000018   Code   RO         7130    i.us_set_power_supply  us_control.o
    0x080082dc   0x080082dc   0x00000030   Code   RO         7563    i.us_update_ad9851_freq_data  ad9851_base.o
    0x0800830c   0x0800830c   0x00000028   Code   RO         5339    i.uxListRemove      list.o
    0x08008334   0x08008334   0x00000018   Code   RO         6428    i.vApplicationGetIdleTaskMemory  cmsis_os2.o
    0x0800834c   0x0800834c   0x00000018   Code   RO         6429    i.vApplicationGetTimerTaskMemory  cmsis_os2.o
    0x08008364   0x08008364   0x0000001a   Code   RO         5340    i.vListInitialise   list.o
    0x0800837e   0x0800837e   0x00000006   Code   RO         5341    i.vListInitialiseItem  list.o
    0x08008384   0x08008384   0x00000034   Code   RO         5342    i.vListInsert       list.o
    0x080083b8   0x080083b8   0x00000018   Code   RO         5343    i.vListInsertEnd    list.o
    0x080083d0   0x080083d0   0x00000054   Code   RO         6938    i.vPortEnterCritical  port.o
    0x08008424   0x08008424   0x0000003c   Code   RO         6939    i.vPortExitCritical  port.o
    0x08008460   0x08008460   0x000000a4   Code   RO         6882    i.vPortFree         heap_4.o
    0x08008504   0x08008504   0x00000028   Code   RO         6940    i.vPortSetupTimerInterrupt  port.o
    0x0800852c   0x0800852c   0x00000078   Code   RO         6941    i.vPortValidateInterruptPriority  port.o
    0x080085a4   0x080085a4   0x0000002c   Code   RO         5392    i.vQueueAddToRegistry  queue.o
    0x080085d0   0x080085d0   0x0000004a   Code   RO         5396    i.vQueueWaitForMessageRestricted  queue.o
    0x0800861a   0x0800861a   0x00000002   PAD
    0x0800861c   0x0800861c   0x0000005c   Code   RO         5813    i.vTaskDelay        tasks.o
    0x08008678   0x08008678   0x00000018   Code   RO         5818    i.vTaskInternalSetTimeOutState  tasks.o
    0x08008690   0x08008690   0x0000000c   Code   RO         5819    i.vTaskMissedYield  tasks.o
    0x0800869c   0x0800869c   0x00000038   Code   RO         5821    i.vTaskPlaceOnEventList  tasks.o
    0x080086d4   0x080086d4   0x00000040   Code   RO         5822    i.vTaskPlaceOnEventListRestricted  tasks.o
    0x08008714   0x08008714   0x000000b8   Code   RO         5830    i.vTaskStartScheduler  tasks.o
    0x080087cc   0x080087cc   0x00000010   Code   RO         5832    i.vTaskSuspendAll   tasks.o
    0x080087dc   0x080087dc   0x00000090   Code   RO         5833    i.vTaskSwitchContext  tasks.o
    0x0800886c   0x0800886c   0x00000164   Code   RO         8161    i.wav_buffill       wavplay.o
    0x080089d0   0x080089d0   0x00000134   Code   RO         8162    i.wav_decode_init   wavplay.o
    0x08008b04   0x08008b04   0x00000024   Code   RO         8242    i.wav_play_manager  audioplay.o
    0x08008b28   0x08008b28   0x00000090   Code   RO         8164    i.wav_play_song     wavplay.o
    0x08008bb8   0x08008bb8   0x00000080   Code   RO         8165    i.wav_sai_dma_tx_callback  wavplay.o
    0x08008c38   0x08008c38   0x00000168   Code   RO         6942    i.xPortStartScheduler  port.o
    0x08008da0   0x08008da0   0x00000034   Code   RO         6943    i.xPortSysTickHandler  port.o
    0x08008dd4   0x08008dd4   0x000000e0   Code   RO         5402    i.xQueueGenericCreateStatic  queue.o
    0x08008eb4   0x08008eb4   0x00000098   Code   RO         5403    i.xQueueGenericReset  queue.o
    0x08008f4c   0x08008f4c   0x000001a8   Code   RO         5404    i.xQueueGenericSend  queue.o
    0x080090f4   0x080090f4   0x000000fc   Code   RO         5405    i.xQueueGenericSendFromISR  queue.o
    0x080091f0   0x080091f0   0x00000168   Code   RO         5414    i.xQueueReceive     queue.o
    0x08009358   0x08009358   0x0000008c   Code   RO         5835    i.xTaskCheckForTimeOut  tasks.o
    0x080093e4   0x080093e4   0x00000064   Code   RO         5836    i.xTaskCreate       tasks.o
    0x08009448   0x08009448   0x000000ba   Code   RO         5837    i.xTaskCreateStatic  tasks.o
    0x08009502   0x08009502   0x00000002   PAD
    0x08009504   0x08009504   0x00000020   Code   RO         5841    i.xTaskGetSchedulerState  tasks.o
    0x08009524   0x08009524   0x0000000c   Code   RO         5842    i.xTaskGetTickCount  tasks.o
    0x08009530   0x08009530   0x00000144   Code   RO         5844    i.xTaskIncrementTick  tasks.o
    0x08009674   0x08009674   0x000000a4   Code   RO         5847    i.xTaskPriorityDisinherit  tasks.o
    0x08009718   0x08009718   0x00000098   Code   RO         5849    i.xTaskRemoveFromEventList  tasks.o
    0x080097b0   0x080097b0   0x00000104   Code   RO         5850    i.xTaskResumeAll    tasks.o
    0x080098b4   0x080098b4   0x00000078   Code   RO         6186    i.xTimerCreateTimerTask  timers.o
    0x0800992c   0x0800992c   0x00000084   Code   RO         6187    i.xTimerGenericCommand  timers.o
    0x080099b0   0x080099b0   0x00000048   Data   RO           35    .constdata          main.o
    0x080099f8   0x080099f8   0x00000008   Data   RO         1456    .constdata          stm32f4xx_hal_dma.o
    0x08009a00   0x08009a00   0x00000018   Data   RO         5176    .constdata          system_stm32f4xx.o
    0x08009a18   0x08009a18   0x0000006e   Data   RO         7918    .constdata          sai.o
    0x08009a86   0x08009a86   0x00000002   PAD
    0x08009a88   0x08009a88   0x00000015   Data   RO           36    .conststring        main.o
    0x08009a9d   0x08009a9d   0x00000003   PAD
    0x08009aa0   0x08009aa0   0x00000020   Data   RO         8832    Region$$Table       anon$$obj.o


    Execution Region RW_IRAM2 (Exec base: 0x10000000, Load base: 0x08009b08, Size: 0x00000000, Max: 0x00010000, ABSOLUTE)

    **** No section assigned to this execution region ****


    Execution Region RW_IRAM1 (Exec base: 0x20000000, Load base: 0x08009ac0, Size: 0x0000c808, Max: 0x00030000, ABSOLUTE, COMPRESSED[0x00000048])

    Exec Addr    Load Addr    Size         Type   Attr      Idx    E Section Name        Object

    0x20000000   COMPRESSED   0x00000008   Data   RW           37    .data               main.o
    0x20000008   COMPRESSED   0x0000000c   Data   RW          488    .data               stm32f4xx_hal_msp.o
    0x20000014   COMPRESSED   0x00000009   Data   RW         1908    .data               stm32f4xx_hal.o
    0x2000001d   COMPRESSED   0x00000003   PAD
    0x20000020   COMPRESSED   0x00000004   Data   RW         5177    .data               system_stm32f4xx.o
    0x20000024   COMPRESSED   0x0000003c   Data   RW         5853    .data               tasks.o
    0x20000060   COMPRESSED   0x00000014   Data   RW         6195    .data               timers.o
    0x20000074   COMPRESSED   0x00000004   Data   RW         6431    .data               cmsis_os2.o
    0x20000078   COMPRESSED   0x00000020   Data   RW         6888    .data               heap_4.o
    0x20000098   COMPRESSED   0x0000000c   Data   RW         6944    .data               port.o
    0x200000a4   COMPRESSED   0x00000004   Data   RW         7237    .data               w25qxx.o
    0x200000a8   COMPRESSED   0x00000010   Data   RW         7564    .data               ad9851_base.o
    0x200000b8   COMPRESSED   0x00000074   Data   RW         7792    .data               wm8978.o
    0x2000012c   COMPRESSED   0x00000004   Data   RW         7919    .data               sai.o
    0x20000130   COMPRESSED   0x00000002   Data   RW         8167    .data               wavplay.o
    0x20000132   COMPRESSED   0x00000002   PAD
    0x20000134   COMPRESSED   0x00000004   Data   RW         8243    .data               audioplay.o
    0x20000138   COMPRESSED   0x00000008   Data   RW         8322    .data               global.o
    0x20000140   COMPRESSED   0x00000001   Data   RW         8377    .data               debug.o
    0x20000141   COMPRESSED   0x00000001   PAD
    0x20000142   COMPRESSED   0x00000002   Data   RW         8458    .data               test.o
    0x20000144   COMPRESSED   0x00000004   Data   RW         8808    .data               mc_w.l(stdout.o)
    0x20000148   COMPRESSED   0x00000004   Data   RW         8459    RW_IRAM2            test.o
    0x2000014c        -       0x00001570   Zero   RW           34    .bss                main.o
    0x200016bc        -       0x00000040   Zero   RW         5418    .bss                queue.o
    0x200016fc        -       0x000004c4   Zero   RW         5852    .bss                tasks.o
    0x20001bc0        -       0x00000118   Zero   RW         6194    .bss                timers.o
    0x20001cd8        -       0x000006b8   Zero   RW         6430    .bss                cmsis_os2.o
    0x20002390        -       0x00003c00   Zero   RW         6887    .bss                heap_4.o
    0x20005f90        -       0x00002200   Zero   RW         7014    .bss                mem_defines.o
    0x20008190        -       0x00000028   Zero   RW         7481    .bss                fpga_manager.o
    0x200081b8        -       0x00000210   Zero   RW         7642    .bss                uart.o
    0x200083c8        -       0x0000000a   Zero   RW         8024    .bss                key.o
    0x200083d2        -       0x0000002f   Zero   RW         8166    .bss                wavplay.o
    0x20008401   COMPRESSED   0x00000001   PAD
    0x20008402        -       0x00000400   Zero   RW         8457    .bss                test.o
    0x20008802   COMPRESSED   0x00000006   PAD
    0x20008808        -       0x00004000   Zero   RW            1    STACK               startup_stm32f429xx.o


==============================================================================

Image component sizes


      Code (inc. data)   RO Data    RW Data    ZI Data      Debug   Object Name

       164         24          0         16          0       3344   ad9851_base.o
       328         26          0          4          0       1932   audioplay.o
       408         38          0          4       1720      63937   cmsis_os2.o
       136         14          0          1          0        792   debug.o
         0          0          0          0          0      19328   event_groups.o
         0          0          0          0          0       3172   fpga_control.o
       368         50          0          0         40       5296   fpga_manager.o
       164          4          0          8          0       2117   global.o
        32          6          0          0          0        511   hardware_manager.o
       724         74          0         32      15360       4719   heap_4.o
       500         76          0          0          0       3018   i2c.o
        64          8          0          0         10       2785   key.o
       148          0          0          0          0       3418   list.o
      2860        234         93          8       5488     850597   main.o
         0          0          0          0       8704        683   mem_defines.o
      1014         92          0         12          0      11401   port.o
      1922         20          0          0         64      17008   queue.o
       780         70        110          4          0       4206   sai.o
        36          8        428          0      16384        812   startup_stm32f429xx.o
       172         32          0          9          0       8733   stm32f4xx_hal.o
       876         32          0          0          0       2655   stm32f4xx_hal_adc.o
       560         18          0          0          0       1366   stm32f4xx_hal_adc_ex.o
       304         22          0          0          0      34283   stm32f4xx_hal_cortex.o
       442          0          0          0          0       4544   stm32f4xx_hal_dac.o
         2          0          0          0          0        923   stm32f4xx_hal_dac_ex.o
      1366         16          8          0          0       6511   stm32f4xx_hal_dma.o
       156          0          0          0          0       1993   stm32f4xx_hal_dma_ex.o
       540         54          0          0          0       2052   stm32f4xx_hal_gpio.o
      4730         52          0          0          0      23941   stm32f4xx_hal_i2c.o
       156          0          0          0          0       1843   stm32f4xx_hal_i2c_ex.o
      2246        192          0         12          0       8169   stm32f4xx_hal_msp.o
       140         12          0          0          0       1232   stm32f4xx_hal_pwr_ex.o
      1820         84          0          0          0       5452   stm32f4xx_hal_rcc.o
       772         26          0          0          0       1548   stm32f4xx_hal_rcc_ex.o
       512         14          0          0          0       2111   stm32f4xx_hal_sai.o
       276         30          0          0          0       1741   stm32f4xx_hal_sai_ex.o
      2024         14          0          0          0       7718   stm32f4xx_hal_spi.o
        94          0          0          0          0       1160   stm32f4xx_hal_sram.o
       902         76          0          0          0       6227   stm32f4xx_hal_tim.o
       184         30          0          0          0       2397   stm32f4xx_hal_tim_ex.o
      1918         14          0          0          0       9232   stm32f4xx_hal_uart.o
       250         66          0          0          0       8395   stm32f4xx_it.o
       322         10          0          0          0       4168   stm32f4xx_ll_fmc.o
         0          0          0          0          0        392   stream_buffer.o
        20          6         24          4          0       1055   system_stm32f4xx.o
        26          0          0          0          0        500   taskmain.o
      2808        346          0         60       1220      26742   tasks.o
       436         44          0          6       1024       2331   test.o
      1318        124          0         20        280      32383   timers.o
       384         24          0          0        528       2732   uart.o
       218         40          0          0          0       3749   us_control.o
      1160        142          0          4          0      10756   w25qxx.o
         0          0          0          0          0        852   wave_data_key_click.o
       936        106          0          2         47       5751   wavplay.o
       714         10          0        116          0       7255   wm8978.o

    ----------------------------------------------------------------------
     38458       2380        700        328      50876    1241968   Object Totals
         0          0         32          0          0          0   (incl. Generated)
        26          0          5          6          7          0   (incl. Padding)

    ----------------------------------------------------------------------

      Code (inc. data)   RO Data    RW Data    ZI Data      Debug   Library Member Name

        86          0          0          0          0          0   __dczerorl2.o
         0          0          0          0          0          0   entry.o
         0          0          0          0          0          0   entry10a.o
         0          0          0          0          0          0   entry11a.o
         8          4          0          0          0          0   entry2.o
         4          0          0          0          0          0   entry5.o
         0          0          0          0          0          0   entry7b.o
         0          0          0          0          0          0   entry8b.o
         8          4          0          0          0          0   entry9a.o
        30          0          0          0          0          0   handlers.o
        36          8          0          0          0         68   init.o
        30          0          0          0          0         68   llshl.o
        32          0          0          0          0         68   llushr.o
        36          0          0          0          0         68   memcpya.o
        36          0          0          0          0        108   memseta.o
        50          8          0          0          0        152   printfb.o
         0          0          0          4          0          0   stdout.o
        98          0          0          0          0         92   uldiv.o

    ----------------------------------------------------------------------
       458         24          0          4          0        624   Library Totals
         4          0          0          0          0          0   (incl. Padding)

    ----------------------------------------------------------------------

      Code (inc. data)   RO Data    RW Data    ZI Data      Debug   Library Name

       454         24          0          4          0        624   mc_w.l

    ----------------------------------------------------------------------
       458         24          0          4          0        624   Library Totals

    ----------------------------------------------------------------------

==============================================================================


      Code (inc. data)   RO Data    RW Data    ZI Data      Debug   

     38916       2404        700        332      50876    1212016   Grand Totals
     38916       2404        700         72      50876    1212016   ELF Image Totals (compressed)
     38916       2404        700         72          0          0   ROM Totals

==============================================================================

    Total RO  Size (Code + RO Data)                39616 (  38.69kB)
    Total RW  Size (RW Data + ZI Data)             51208 (  50.01kB)
    Total ROM Size (Code + RO Data + RW Data)      39688 (  38.76kB)

==============================================================================

