<html>
<body>
<pre>
<h1>µVision Build Log</h1>
<h2>Tool Versions:</h2>
IDE-Version: ¦ÌVision V5.29.0.0
Copyright (C) 2019 ARM Ltd and ARM Germany GmbH. All rights reserved.
License Information: zhixin zhang, yichao, LIC=03C6R-KBRKR-NNEAF-633NE-6BJKZ-XEEWH
 
Tool Versions:
Toolchain:       MDK-ARM Plus  Version: 5.29.0.0
Toolchain Path:  e:\Keil_v5\ARM\ARMCC\Bin
C Compiler:      Armcc.exe V5.06 update 6 (build 750)
Assembler:       Armasm.exe V5.06 update 6 (build 750)
Linker/Locator:  ArmLink.exe V5.06 update 6 (build 750)
Library Manager: ArmAr.exe V5.06 update 6 (build 750)
Hex Converter:   FromElf.exe V5.06 update 6 (build 750)
CPU DLL:         SARMCM3.DLL V5.29.0.0
Dialog DLL:      DCM.DLL V1.17.3.0
Target DLL:      STLink\ST-LINKIII-KEIL_SWO.dll V3.0.7.0
Dialog DLL:      TCM.DLL V1.36.5.0
 
<h2>Project:</h2>
G:\stm32work\MDK-ARM\stm32work.uvprojx
Project File Date:  07/25/2022

<h2>Output:</h2>
*** Using Compiler 'V5.06 update 6 (build 750)', folder: 'e:\Keil_v5\ARM\ARMCC\Bin'
Rebuild target 'stm32work'
assembling startup_stm32f429xx.s...
compiling lan8742.c...
compiling stm32f4xx_hal_gpio.c...
compiling stm32f4xx_hal_timebase_tim.c...
compiling stm32f4xx_hal_flash.c...
compiling main.c...
compiling stm32f4xx_hal_rcc.c...
compiling stm32f4xx_hal_pwr.c...
compiling stm32f4xx_hal_dma_ex.c...
compiling stm32f4xx_hal_dma.c...
compiling stm32f4xx_hal_flash_ramfunc.c...
compiling stm32f4xx_hal_flash_ex.c...
compiling stm32f4xx_ll_adc.c...
compiling stm32f4xx_it.c...
compiling freertos.c...
compiling stm32f4xx_hal_msp.c...
compiling stm32f4xx_hal_rcc_ex.c...
compiling ethernetif.c...
compiling stm32f4xx_hal_pwr_ex.c...
compiling lwip.c...
compiling stm32f4xx_hal_cortex.c...
compiling stm32f4xx_hal_i2c.c...
compiling stm32f4xx_hal_exti.c...
compiling stm32f4xx_hal.c...
compiling stm32f4xx_hal_eth.c...
compiling stm32f4xx_hal_sai.c...
compiling croutine.c...
compiling event_groups.c...
compiling list.c...
compiling queue.c...
compiling stm32f4xx_hal_i2c_ex.c...
compiling stream_buffer.c...
compiling tasks.c...
compiling timers.c...
compiling heap_4.c...
compiling stm32f4xx_hal_sdram.c...
compiling port.c...
compiling stm32f4xx_hal_dac.c...
compiling stm32f4xx_hal_adc.c...
compiling stm32f4xx_hal_spi.c...
compiling stm32f4xx_hal_adc_ex.c...
compiling stm32f4xx_ll_fmc.c...
compiling stm32f4xx_hal_dac_ex.c...
compiling stm32f4xx_hal_can.c...
compiling stm32f4xx_hal_sai_ex.c...
compiling stm32f4xx_hal_tim.c...
compiling stm32f4xx_hal_uart.c...
compiling system_stm32f4xx.c...
compiling demand.c...
compiling stm32f4xx_hal_tim_ex.c...
compiling chap-new.c...
compiling fsm.c...
compiling chap_ms.c...
compiling ipcp.c...
compiling ccp.c...
compiling eui64.c...
compiling ipv6cp.c...
compiling chap-md5.c...
compiling auth.c...
compiling magic.c...
compiling eap.c...
compiling cmsis_os2.c...
compiling ppp.c...
compiling multilink.c...
compiling pppol2tp.c...
compiling pppapi.c...
compiling lcp.c...
compiling mppe.c...
compiling ethernet.c...
compiling pppcrypt.c...
compiling bridgeif.c...
compiling upap.c...
compiling vj.c...
compiling utils.c...
compiling pppos.c...
compiling pppoe.c...
compiling bridgeif_fdb.c...
compiling ecp.c...
compiling lowpan6_common.c...
compiling zepif.c...
compiling lowpan6_ble.c...
compiling lowpan6.c...
compiling slipif.c...
compiling api_lib.c...
compiling api_msg.c...
compiling netdb.c...
compiling netifapi.c...
compiling netbuf.c...
compiling if_api.c...
compiling tcpip.c...
compiling altcp.c...
compiling err.c...
compiling sockets.c...
compiling altcp_alloc.c...
compiling altcp_tcp.c...
compiling def.c...
compiling ip.c...
compiling dns.c...
compiling inet_chksum.c...
compiling tcp.c...
compiling init.c...
compiling mem.c...
compiling raw.c...
compiling memp.c...
compiling netif.c...
compiling sys.c...
compiling stats.c...
compiling tcp_in.c...
compiling pbuf.c...
compiling udp.c...
compiling dhcp.c...
compiling autoip.c...
compiling tcp_out.c...
compiling timeouts.c...
compiling igmp.c...
compiling etharp.c...
compiling icmp.c...
compiling ip4.c...
compiling ip4_addr.c...
compiling dhcp6.c...
compiling ethip6.c...
compiling ip4_frag.c...
compiling ip6.c...
compiling inet6.c...
compiling icmp6.c...
compiling mld6.c...
compiling ip6_addr.c...
compiling ip6_frag.c...
compiling pid.c...
compiling wave_data_key_click.c...
compiling nd6.c...
compiling wave_data_us_close.c...
compiling wave_data_us_max.c...
compiling wave_data_us_min.c...
compiling es_control.c...
compiling mem_defines.c...
compiling mqtt.c...
compiling sys_arch.c...
compiling fpga_control.c...
compiling AD9851_base.c...
compiling w25qxx.c...
compiling us_control.c...
compiling i2c.c...
compiling uart.c...
compiling wm8978.c...
compiling sai.c...
compiling test.c...
compiling TaskMain.c...
compiling global.c...
compiling key.c...
compiling debug.c...
compiling system.c...
compiling wavplay.c...
compiling audioplay.c...
linking...
Program Size: Code=96092 RO-data=1731052 RW-data=588 ZI-data=183732  
FromELF: creating hex file...
"stm32work\stm32work.axf" - 0 Error(s), 0 Warning(s).

<h2>Software Packages used:</h2>

Package Vendor: ARM
                http://www.keil.com/pack/ARM.CMSIS.5.9.0.pack
                ARM.CMSIS.5.9.0
                CMSIS (Common Microcontroller Software Interface Standard)
   * Component: CORE Version: 5.6.0

Package Vendor: Keil
                http://www.keil.com/pack/Keil.STM32F4xx_DFP.2.16.0.pack
                Keil.STM32F4xx_DFP.2.16.0
                STMicroelectronics STM32F4 Series Device Support, Drivers and Examples

<h2>Collection of Component include folders:</h2>
  .\RTE\_stm32work
  e:\Keil_v5\Packs\ARM\CMSIS\5.9.0\CMSIS\Core\Include
  e:\Keil_v5\Packs\Keil\STM32F4xx_DFP\2.16.0\Drivers\CMSIS\Device\ST\STM32F4xx\Include

<h2>Collection of Component Files used:</h2>

   * Component: ARM::CMSIS:CORE:5.6.0
      Include file:  CMSIS\Core\Include\tz_context.h
Build Time Elapsed:  00:02:14
</pre>
</body>
</html>
